<?xml version="1.0" encoding="ISO-8859-1" ?>
<link_info>
   <banner>TI ARM Linker PC v20.2.5.LTS</banner>
   <copyright>Copyright (c) 1996-2018 Texas Instruments Incorporated</copyright>
   <link_time>0x60c642d4</link_time>
   <link_errors>0x0</link_errors>
   <output_file>Final_Delivery.out</output_file>
   <entry_point>
      <name>_c_int00_noargs</name>
      <address>0x8cd1</address>
   </entry_point>
   <input_file_list>
      <input_file id="fl-2">
         <path>.\</path>
         <kind>object</kind>
         <file>APP.obj</file>
         <name>APP.obj</name>
      </input_file>
      <input_file id="fl-3">
         <path>.\</path>
         <kind>object</kind>
         <file>EEPROM.obj</file>
         <name>EEPROM.obj</name>
      </input_file>
      <input_file id="fl-4">
         <path>.\</path>
         <kind>object</kind>
         <file>FAT32.obj</file>
         <name>FAT32.obj</name>
      </input_file>
      <input_file id="fl-5">
         <path>.\</path>
         <kind>object</kind>
         <file>Flash_Memory.obj</file>
         <name>Flash_Memory.obj</name>
      </input_file>
      <input_file id="fl-6">
         <path>.\</path>
         <kind>object</kind>
         <file>PLL.obj</file>
         <name>PLL.obj</name>
      </input_file>
      <input_file id="fl-7">
         <path>.\</path>
         <kind>object</kind>
         <file>SD.obj</file>
         <name>SD.obj</name>
      </input_file>
      <input_file id="fl-8">
         <path>.\</path>
         <kind>object</kind>
         <file>gpio.obj</file>
         <name>gpio.obj</name>
      </input_file>
      <input_file id="fl-9">
         <path>.\</path>
         <kind>object</kind>
         <file>gps.obj</file>
         <name>gps.obj</name>
      </input_file>
      <input_file id="fl-a">
         <path>.\</path>
         <kind>object</kind>
         <file>lcd.obj</file>
         <name>lcd.obj</name>
      </input_file>
      <input_file id="fl-b">
         <path>.\</path>
         <kind>object</kind>
         <file>main.obj</file>
         <name>main.obj</name>
      </input_file>
      <input_file id="fl-c">
         <path>.\</path>
         <kind>object</kind>
         <file>spi.obj</file>
         <name>spi.obj</name>
      </input_file>
      <input_file id="fl-d">
         <path>.\</path>
         <kind>object</kind>
         <file>systick.obj</file>
         <name>systick.obj</name>
      </input_file>
      <input_file id="fl-e">
         <path>.\</path>
         <kind>object</kind>
         <file>tm4c123gh6pm_startup_ccs.obj</file>
         <name>tm4c123gh6pm_startup_ccs.obj</name>
      </input_file>
      <input_file id="fl-f">
         <path>.\</path>
         <kind>object</kind>
         <file>uart.obj</file>
         <name>uart.obj</name>
      </input_file>
      <input_file id="fl-13">
         <kind>object</kind>
         <file>&lt;internal&gt;</file>
         <name>&lt;internal&gt;</name>
      </input_file>
      <input_file id="fl-c9">
         <path>C:\ti\ccs1031\ccs\tools\compiler\ti-cgt-arm_20.2.5.LTS\lib\</path>
         <kind>archive</kind>
         <file>rtsv7M4_T_le_v4SPD16_eabi.lib</file>
         <name>sprintf.c.obj</name>
      </input_file>
      <input_file id="fl-ca">
         <path>C:\ti\ccs1031\ccs\tools\compiler\ti-cgt-arm_20.2.5.LTS\lib\</path>
         <kind>archive</kind>
         <file>rtsv7M4_T_le_v4SPD16_eabi.lib</file>
         <name>e_asin.c.obj</name>
      </input_file>
      <input_file id="fl-cb">
         <path>C:\ti\ccs1031\ccs\tools\compiler\ti-cgt-arm_20.2.5.LTS\lib\</path>
         <kind>archive</kind>
         <file>rtsv7M4_T_le_v4SPD16_eabi.lib</file>
         <name>e_atan2.c.obj</name>
      </input_file>
      <input_file id="fl-cc">
         <path>C:\ti\ccs1031\ccs\tools\compiler\ti-cgt-arm_20.2.5.LTS\lib\</path>
         <kind>archive</kind>
         <file>rtsv7M4_T_le_v4SPD16_eabi.lib</file>
         <name>e_pow.c.obj</name>
      </input_file>
      <input_file id="fl-cd">
         <path>C:\ti\ccs1031\ccs\tools\compiler\ti-cgt-arm_20.2.5.LTS\lib\</path>
         <kind>archive</kind>
         <file>rtsv7M4_T_le_v4SPD16_eabi.lib</file>
         <name>e_sqrt.c.obj</name>
      </input_file>
      <input_file id="fl-ce">
         <path>C:\ti\ccs1031\ccs\tools\compiler\ti-cgt-arm_20.2.5.LTS\lib\</path>
         <kind>archive</kind>
         <file>rtsv7M4_T_le_v4SPD16_eabi.lib</file>
         <name>s_atan.c.obj</name>
      </input_file>
      <input_file id="fl-cf">
         <path>C:\ti\ccs1031\ccs\tools\compiler\ti-cgt-arm_20.2.5.LTS\lib\</path>
         <kind>archive</kind>
         <file>rtsv7M4_T_le_v4SPD16_eabi.lib</file>
         <name>s_cos.c.obj</name>
      </input_file>
      <input_file id="fl-d0">
         <path>C:\ti\ccs1031\ccs\tools\compiler\ti-cgt-arm_20.2.5.LTS\lib\</path>
         <kind>archive</kind>
         <file>rtsv7M4_T_le_v4SPD16_eabi.lib</file>
         <name>s_scalbn.c.obj</name>
      </input_file>
      <input_file id="fl-d1">
         <path>C:\ti\ccs1031\ccs\tools\compiler\ti-cgt-arm_20.2.5.LTS\lib\</path>
         <kind>archive</kind>
         <file>rtsv7M4_T_le_v4SPD16_eabi.lib</file>
         <name>s_sin.c.obj</name>
      </input_file>
      <input_file id="fl-d2">
         <path>C:\ti\ccs1031\ccs\tools\compiler\ti-cgt-arm_20.2.5.LTS\lib\</path>
         <kind>archive</kind>
         <file>rtsv7M4_T_le_v4SPD16_eabi.lib</file>
         <name>fd_add_t2.asm.obj</name>
      </input_file>
      <input_file id="fl-d3">
         <path>C:\ti\ccs1031\ccs\tools\compiler\ti-cgt-arm_20.2.5.LTS\lib\</path>
         <kind>archive</kind>
         <file>rtsv7M4_T_le_v4SPD16_eabi.lib</file>
         <name>fd_cmp_t2.asm.obj</name>
      </input_file>
      <input_file id="fl-d4">
         <path>C:\ti\ccs1031\ccs\tools\compiler\ti-cgt-arm_20.2.5.LTS\lib\</path>
         <kind>archive</kind>
         <file>rtsv7M4_T_le_v4SPD16_eabi.lib</file>
         <name>fd_div_t2.asm.obj</name>
      </input_file>
      <input_file id="fl-d5">
         <path>C:\ti\ccs1031\ccs\tools\compiler\ti-cgt-arm_20.2.5.LTS\lib\</path>
         <kind>archive</kind>
         <file>rtsv7M4_T_le_v4SPD16_eabi.lib</file>
         <name>fd_mul_t2.asm.obj</name>
      </input_file>
      <input_file id="fl-d6">
         <path>C:\ti\ccs1031\ccs\tools\compiler\ti-cgt-arm_20.2.5.LTS\lib\</path>
         <kind>archive</kind>
         <file>rtsv7M4_T_le_v4SPD16_eabi.lib</file>
         <name>fd_toi_t2.asm.obj</name>
      </input_file>
      <input_file id="fl-d7">
         <path>C:\ti\ccs1031\ccs\tools\compiler\ti-cgt-arm_20.2.5.LTS\lib\</path>
         <kind>archive</kind>
         <file>rtsv7M4_T_le_v4SPD16_eabi.lib</file>
         <name>fd_tos_t2.asm.obj</name>
      </input_file>
      <input_file id="fl-d8">
         <path>C:\ti\ccs1031\ccs\tools\compiler\ti-cgt-arm_20.2.5.LTS\lib\</path>
         <kind>archive</kind>
         <file>rtsv7M4_T_le_v4SPD16_eabi.lib</file>
         <name>fd_tou_t2.asm.obj</name>
      </input_file>
      <input_file id="fl-d9">
         <path>C:\ti\ccs1031\ccs\tools\compiler\ti-cgt-arm_20.2.5.LTS\lib\</path>
         <kind>archive</kind>
         <file>rtsv7M4_T_le_v4SPD16_eabi.lib</file>
         <name>i_tofd_t2.asm.obj</name>
      </input_file>
      <input_file id="fl-da">
         <path>C:\ti\ccs1031\ccs\tools\compiler\ti-cgt-arm_20.2.5.LTS\lib\</path>
         <kind>archive</kind>
         <file>rtsv7M4_T_le_v4SPD16_eabi.lib</file>
         <name>memcpy_t2.asm.obj</name>
      </input_file>
      <input_file id="fl-db">
         <path>C:\ti\ccs1031\ccs\tools\compiler\ti-cgt-arm_20.2.5.LTS\lib\</path>
         <kind>archive</kind>
         <file>rtsv7M4_T_le_v4SPD16_eabi.lib</file>
         <name>u_tofd_t2.asm.obj</name>
      </input_file>
      <input_file id="fl-dc">
         <path>C:\ti\ccs1031\ccs\tools\compiler\ti-cgt-arm_20.2.5.LTS\lib\</path>
         <kind>archive</kind>
         <file>rtsv7M4_T_le_v4SPD16_eabi.lib</file>
         <name>copy_zero_init.c.obj</name>
      </input_file>
      <input_file id="fl-dd">
         <path>C:\ti\ccs1031\ccs\tools\compiler\ti-cgt-arm_20.2.5.LTS\lib\</path>
         <kind>archive</kind>
         <file>rtsv7M4_T_le_v4SPD16_eabi.lib</file>
         <name>copy_decompress_none.c.obj</name>
      </input_file>
      <input_file id="fl-de">
         <path>C:\ti\ccs1031\ccs\tools\compiler\ti-cgt-arm_20.2.5.LTS\lib\</path>
         <kind>archive</kind>
         <file>rtsv7M4_T_le_v4SPD16_eabi.lib</file>
         <name>copy_decompress_lzss.c.obj</name>
      </input_file>
      <input_file id="fl-df">
         <path>C:\ti\ccs1031\ccs\tools\compiler\ti-cgt-arm_20.2.5.LTS\lib\</path>
         <kind>archive</kind>
         <file>rtsv7M4_T_le_v4SPD16_eabi.lib</file>
         <name>atof.c.obj</name>
      </input_file>
      <input_file id="fl-e0">
         <path>C:\ti\ccs1031\ccs\tools\compiler\ti-cgt-arm_20.2.5.LTS\lib\</path>
         <kind>archive</kind>
         <file>rtsv7M4_T_le_v4SPD16_eabi.lib</file>
         <name>strcat.c.obj</name>
      </input_file>
      <input_file id="fl-e1">
         <path>C:\ti\ccs1031\ccs\tools\compiler\ti-cgt-arm_20.2.5.LTS\lib\</path>
         <kind>archive</kind>
         <file>rtsv7M4_T_le_v4SPD16_eabi.lib</file>
         <name>strcmp.c.obj</name>
      </input_file>
      <input_file id="fl-e2">
         <path>C:\ti\ccs1031\ccs\tools\compiler\ti-cgt-arm_20.2.5.LTS\lib\</path>
         <kind>archive</kind>
         <file>rtsv7M4_T_le_v4SPD16_eabi.lib</file>
         <name>strcpy.c.obj</name>
      </input_file>
      <input_file id="fl-e3">
         <path>C:\ti\ccs1031\ccs\tools\compiler\ti-cgt-arm_20.2.5.LTS\lib\</path>
         <kind>archive</kind>
         <file>rtsv7M4_T_le_v4SPD16_eabi.lib</file>
         <name>strlen.c.obj</name>
      </input_file>
      <input_file id="fl-e4">
         <path>C:\ti\ccs1031\ccs\tools\compiler\ti-cgt-arm_20.2.5.LTS\lib\</path>
         <kind>archive</kind>
         <file>rtsv7M4_T_le_v4SPD16_eabi.lib</file>
         <name>strtod.c.obj</name>
      </input_file>
      <input_file id="fl-e5">
         <path>C:\ti\ccs1031\ccs\tools\compiler\ti-cgt-arm_20.2.5.LTS\lib\</path>
         <kind>archive</kind>
         <file>rtsv7M4_T_le_v4SPD16_eabi.lib</file>
         <name>strtok.c.obj</name>
      </input_file>
      <input_file id="fl-e6">
         <path>C:\ti\ccs1031\ccs\tools\compiler\ti-cgt-arm_20.2.5.LTS\lib\</path>
         <kind>archive</kind>
         <file>rtsv7M4_T_le_v4SPD16_eabi.lib</file>
         <name>k_rem_pio2.c.obj</name>
      </input_file>
      <input_file id="fl-e7">
         <path>C:\ti\ccs1031\ccs\tools\compiler\ti-cgt-arm_20.2.5.LTS\lib\</path>
         <kind>archive</kind>
         <file>rtsv7M4_T_le_v4SPD16_eabi.lib</file>
         <name>errno.c.obj</name>
      </input_file>
      <input_file id="fl-e8">
         <path>C:\ti\ccs1031\ccs\tools\compiler\ti-cgt-arm_20.2.5.LTS\lib\</path>
         <kind>archive</kind>
         <file>rtsv7M4_T_le_v4SPD16_eabi.lib</file>
         <name>boot_cortex_m.c.obj</name>
      </input_file>
      <input_file id="fl-e9">
         <path>C:\ti\ccs1031\ccs\tools\compiler\ti-cgt-arm_20.2.5.LTS\lib\</path>
         <kind>archive</kind>
         <file>rtsv7M4_T_le_v4SPD16_eabi.lib</file>
         <name>_printfi.c.obj</name>
      </input_file>
      <input_file id="fl-ea">
         <path>C:\ti\ccs1031\ccs\tools\compiler\ti-cgt-arm_20.2.5.LTS\lib\</path>
         <kind>archive</kind>
         <file>rtsv7M4_T_le_v4SPD16_eabi.lib</file>
         <name>s_copysign.c.obj</name>
      </input_file>
      <input_file id="fl-eb">
         <path>C:\ti\ccs1031\ccs\tools\compiler\ti-cgt-arm_20.2.5.LTS\lib\</path>
         <kind>archive</kind>
         <file>rtsv7M4_T_le_v4SPD16_eabi.lib</file>
         <name>k_cos.c.obj</name>
      </input_file>
      <input_file id="fl-ec">
         <path>C:\ti\ccs1031\ccs\tools\compiler\ti-cgt-arm_20.2.5.LTS\lib\</path>
         <kind>archive</kind>
         <file>rtsv7M4_T_le_v4SPD16_eabi.lib</file>
         <name>k_sin.c.obj</name>
      </input_file>
      <input_file id="fl-ed">
         <path>C:\ti\ccs1031\ccs\tools\compiler\ti-cgt-arm_20.2.5.LTS\lib\</path>
         <kind>archive</kind>
         <file>rtsv7M4_T_le_v4SPD16_eabi.lib</file>
         <name>s_floor.c.obj</name>
      </input_file>
      <input_file id="fl-ee">
         <path>C:\ti\ccs1031\ccs\tools\compiler\ti-cgt-arm_20.2.5.LTS\lib\</path>
         <kind>archive</kind>
         <file>rtsv7M4_T_le_v4SPD16_eabi.lib</file>
         <name>s_frexp.c.obj</name>
      </input_file>
      <input_file id="fl-ef">
         <path>C:\ti\ccs1031\ccs\tools\compiler\ti-cgt-arm_20.2.5.LTS\lib\</path>
         <kind>archive</kind>
         <file>rtsv7M4_T_le_v4SPD16_eabi.lib</file>
         <name>wcslen.c.obj</name>
      </input_file>
      <input_file id="fl-f0">
         <path>C:\ti\ccs1031\ccs\tools\compiler\ti-cgt-arm_20.2.5.LTS\lib\</path>
         <kind>archive</kind>
         <file>rtsv7M4_T_le_v4SPD16_eabi.lib</file>
         <name>ull_div_t2.asm.obj</name>
      </input_file>
      <input_file id="fl-f1">
         <path>C:\ti\ccs1031\ccs\tools\compiler\ti-cgt-arm_20.2.5.LTS\lib\</path>
         <kind>archive</kind>
         <file>rtsv7M4_T_le_v4SPD16_eabi.lib</file>
         <name>memset_t2.asm.obj</name>
      </input_file>
      <input_file id="fl-f2">
         <path>C:\ti\ccs1031\ccs\tools\compiler\ti-cgt-arm_20.2.5.LTS\lib\</path>
         <kind>archive</kind>
         <file>rtsv7M4_T_le_v4SPD16_eabi.lib</file>
         <name>autoinit.c.obj</name>
      </input_file>
      <input_file id="fl-f3">
         <path>C:\ti\ccs1031\ccs\tools\compiler\ti-cgt-arm_20.2.5.LTS\lib\</path>
         <kind>archive</kind>
         <file>rtsv7M4_T_le_v4SPD16_eabi.lib</file>
         <name>pre_init.c.obj</name>
      </input_file>
      <input_file id="fl-f4">
         <path>C:\ti\ccs1031\ccs\tools\compiler\ti-cgt-arm_20.2.5.LTS\lib\</path>
         <kind>archive</kind>
         <file>rtsv7M4_T_le_v4SPD16_eabi.lib</file>
         <name>cpy_tbl.c.obj</name>
      </input_file>
      <input_file id="fl-f5">
         <path>C:\ti\ccs1031\ccs\tools\compiler\ti-cgt-arm_20.2.5.LTS\lib\</path>
         <kind>archive</kind>
         <file>rtsv7M4_T_le_v4SPD16_eabi.lib</file>
         <name>exit.c.obj</name>
      </input_file>
      <input_file id="fl-f6">
         <path>C:\ti\ccs1031\ccs\tools\compiler\ti-cgt-arm_20.2.5.LTS\lib\</path>
         <kind>archive</kind>
         <file>rtsv7M4_T_le_v4SPD16_eabi.lib</file>
         <name>_lock.c.obj</name>
      </input_file>
      <input_file id="fl-f7">
         <path>C:\ti\ccs1031\ccs\tools\compiler\ti-cgt-arm_20.2.5.LTS\lib\</path>
         <kind>archive</kind>
         <file>rtsv7M4_T_le_v4SPD16_eabi.lib</file>
         <name>_ltoa.c.obj</name>
      </input_file>
      <input_file id="fl-f8">
         <path>C:\ti\ccs1031\ccs\tools\compiler\ti-cgt-arm_20.2.5.LTS\lib\</path>
         <kind>archive</kind>
         <file>rtsv7M4_T_le_v4SPD16_eabi.lib</file>
         <name>args_main.c.obj</name>
      </input_file>
      <input_file id="fl-f9">
         <path>C:\ti\ccs1031\ccs\tools\compiler\ti-cgt-arm_20.2.5.LTS\lib\</path>
         <kind>archive</kind>
         <file>rtsv7M4_T_le_v4SPD16_eabi.lib</file>
         <name>atoi.c.obj</name>
      </input_file>
      <input_file id="fl-fa">
         <path>C:\ti\ccs1031\ccs\tools\compiler\ti-cgt-arm_20.2.5.LTS\lib\</path>
         <kind>archive</kind>
         <file>rtsv7M4_T_le_v4SPD16_eabi.lib</file>
         <name>ctype.c.obj</name>
      </input_file>
      <input_file id="fl-fb">
         <path>C:\ti\ccs1031\ccs\tools\compiler\ti-cgt-arm_20.2.5.LTS\lib\</path>
         <kind>archive</kind>
         <file>rtsv7M4_T_le_v4SPD16_eabi.lib</file>
         <name>memccpy.c.obj</name>
      </input_file>
      <input_file id="fl-fc">
         <path>C:\ti\ccs1031\ccs\tools\compiler\ti-cgt-arm_20.2.5.LTS\lib\</path>
         <kind>archive</kind>
         <file>rtsv7M4_T_le_v4SPD16_eabi.lib</file>
         <name>strchr.c.obj</name>
      </input_file>
      <input_file id="fl-fd">
         <path>C:\ti\ccs1031\ccs\tools\compiler\ti-cgt-arm_20.2.5.LTS\lib\</path>
         <kind>archive</kind>
         <file>rtsv7M4_T_le_v4SPD16_eabi.lib</file>
         <name>strcspn.c.obj</name>
      </input_file>
      <input_file id="fl-fe">
         <path>C:\ti\ccs1031\ccs\tools\compiler\ti-cgt-arm_20.2.5.LTS\lib\</path>
         <kind>archive</kind>
         <file>rtsv7M4_T_le_v4SPD16_eabi.lib</file>
         <name>strspn.c.obj</name>
      </input_file>
      <input_file id="fl-ff">
         <path>C:\ti\ccs1031\ccs\tools\compiler\ti-cgt-arm_20.2.5.LTS\lib\</path>
         <kind>archive</kind>
         <file>rtsv7M4_T_le_v4SPD16_eabi.lib</file>
         <name>div0.asm.obj</name>
      </input_file>
   </input_file_list>
   <object_component_list>
      <object_component id="oc-12">
         <name>.intvecs</name>
         <load_address>0x0</load_address>
         <run_address>0x0</run_address>
         <size>0x26c</size>
         <input_file_ref idref="fl-e"/>
      </object_component>
      <object_component id="oc-1f9">
         <name>.text</name>
         <load_address>0x26c</load_address>
         <run_address>0x26c</run_address>
         <size>0x1034</size>
         <input_file_ref idref="fl-4"/>
      </object_component>
      <object_component id="oc-f3">
         <name>.text</name>
         <load_address>0x12a0</load_address>
         <run_address>0x12a0</run_address>
         <size>0xd98</size>
         <input_file_ref idref="fl-9"/>
      </object_component>
      <object_component id="oc-10f">
         <name>.text</name>
         <load_address>0x2038</load_address>
         <run_address>0x2038</run_address>
         <size>0xc34</size>
         <input_file_ref idref="fl-f"/>
      </object_component>
      <object_component id="oc-165">
         <name>.text:__TI_printfi</name>
         <load_address>0x2c6c</load_address>
         <run_address>0x2c6c</run_address>
         <size>0xa4e</size>
         <input_file_ref idref="fl-e9"/>
      </object_component>
      <object_component id="oc-3e9">
         <name>.text</name>
         <load_address>0x36ba</load_address>
         <run_address>0x36ba</run_address>
         <size>0x2</size>
         <input_file_ref idref="fl-ff"/>
      </object_component>
      <object_component id="oc-1df">
         <name>.text:pow</name>
         <load_address>0x36bc</load_address>
         <run_address>0x36bc</run_address>
         <size>0x9d0</size>
         <input_file_ref idref="fl-cc"/>
      </object_component>
      <object_component id="oc-2b4">
         <name>.text:__kernel_rem_pio2</name>
         <load_address>0x408c</load_address>
         <run_address>0x408c</run_address>
         <size>0x738</size>
         <input_file_ref idref="fl-e6"/>
      </object_component>
      <object_component id="oc-1c7">
         <name>.text:sin</name>
         <load_address>0x47c4</load_address>
         <run_address>0x47c4</run_address>
         <size>0x5e0</size>
         <input_file_ref idref="fl-d1"/>
      </object_component>
      <object_component id="oc-1cd">
         <name>.text:cos</name>
         <load_address>0x4da4</load_address>
         <run_address>0x4da4</run_address>
         <size>0x5dc</size>
         <input_file_ref idref="fl-cf"/>
      </object_component>
      <object_component id="oc-fe">
         <name>.text</name>
         <load_address>0x5380</load_address>
         <run_address>0x5380</run_address>
         <size>0x568</size>
         <input_file_ref idref="fl-2"/>
      </object_component>
      <object_component id="oc-29c">
         <name>.text:strtod</name>
         <load_address>0x58e8</load_address>
         <run_address>0x58e8</run_address>
         <size>0x460</size>
         <input_file_ref idref="fl-e4"/>
      </object_component>
      <object_component id="oc-1f3">
         <name>.text</name>
         <load_address>0x5d48</load_address>
         <run_address>0x5d48</run_address>
         <size>0x420</size>
         <input_file_ref idref="fl-7"/>
      </object_component>
      <object_component id="oc-1e5">
         <name>.text:asin</name>
         <load_address>0x6168</load_address>
         <run_address>0x6168</run_address>
         <size>0x3d4</size>
         <input_file_ref idref="fl-ca"/>
      </object_component>
      <object_component id="oc-84">
         <name>.text</name>
         <load_address>0x653c</load_address>
         <run_address>0x653c</run_address>
         <size>0x3c4</size>
         <input_file_ref idref="fl-a"/>
      </object_component>
      <object_component id="oc-2cb">
         <name>.text:atan</name>
         <load_address>0x6900</load_address>
         <run_address>0x6900</run_address>
         <size>0x2ec</size>
         <input_file_ref idref="fl-ce"/>
      </object_component>
      <object_component id="oc-25f">
         <name>.text:_pconv_a</name>
         <load_address>0x6bec</load_address>
         <run_address>0x6bec</run_address>
         <size>0x270</size>
         <input_file_ref idref="fl-e9"/>
      </object_component>
      <object_component id="oc-1d9">
         <name>.text:atan2</name>
         <load_address>0x6e5c</load_address>
         <run_address>0x6e5c</run_address>
         <size>0x1e4</size>
         <input_file_ref idref="fl-cb"/>
      </object_component>
      <object_component id="oc-33">
         <name>.text</name>
         <load_address>0x7040</load_address>
         <run_address>0x7040</run_address>
         <size>0x1d8</size>
         <input_file_ref idref="fl-8"/>
      </object_component>
      <object_component id="oc-24d">
         <name>.text:_pconv_g</name>
         <load_address>0x7218</load_address>
         <run_address>0x7218</run_address>
         <size>0x1d0</size>
         <input_file_ref idref="fl-e9"/>
      </object_component>
      <object_component id="oc-1b0">
         <name>.text</name>
         <load_address>0x73e8</load_address>
         <run_address>0x73e8</run_address>
         <size>0x1b6</size>
         <input_file_ref idref="fl-d2"/>
      </object_component>
      <object_component id="oc-2ae">
         <name>.text:__kernel_sin</name>
         <load_address>0x75a0</load_address>
         <run_address>0x75a0</run_address>
         <size>0x174</size>
         <input_file_ref idref="fl-ec"/>
      </object_component>
      <object_component id="oc-2ba">
         <name>.text:__kernel_cos</name>
         <load_address>0x7714</load_address>
         <run_address>0x7714</run_address>
         <size>0x170</size>
         <input_file_ref idref="fl-eb"/>
      </object_component>
      <object_component id="oc-2e3">
         <name>.text</name>
         <load_address>0x7884</load_address>
         <run_address>0x7884</run_address>
         <size>0x160</size>
         <input_file_ref idref="fl-c"/>
      </object_component>
      <object_component id="oc-b6">
         <name>.text</name>
         <load_address>0x79e4</load_address>
         <run_address>0x79e4</run_address>
         <size>0x158</size>
         <input_file_ref idref="fl-b"/>
      </object_component>
      <object_component id="oc-1d3">
         <name>.text:sqrt</name>
         <load_address>0x7b3c</load_address>
         <run_address>0x7b3c</run_address>
         <size>0x158</size>
         <input_file_ref idref="fl-cd"/>
      </object_component>
      <object_component id="oc-259">
         <name>.text:_pconv_e</name>
         <load_address>0x7c94</load_address>
         <run_address>0x7c94</run_address>
         <size>0x13c</size>
         <input_file_ref idref="fl-e9"/>
      </object_component>
      <object_component id="oc-2d">
         <name>.text</name>
         <load_address>0x7dd0</load_address>
         <run_address>0x7dd0</run_address>
         <size>0x138</size>
         <input_file_ref idref="fl-d"/>
      </object_component>
      <object_component id="oc-1a1">
         <name>.text</name>
         <load_address>0x7f08</load_address>
         <run_address>0x7f08</run_address>
         <size>0x136</size>
         <input_file_ref idref="fl-d4"/>
      </object_component>
      <object_component id="oc-342">
         <name>.text:fcvt</name>
         <load_address>0x8040</load_address>
         <run_address>0x8040</run_address>
         <size>0x124</size>
         <input_file_ref idref="fl-e9"/>
      </object_component>
      <object_component id="oc-2d6">
         <name>.text:scalbn</name>
         <load_address>0x8164</load_address>
         <run_address>0x8164</run_address>
         <size>0x110</size>
         <input_file_ref idref="fl-d0"/>
      </object_component>
      <object_component id="oc-1b5">
         <name>.text</name>
         <load_address>0x8274</load_address>
         <run_address>0x8274</run_address>
         <size>0xfc</size>
         <input_file_ref idref="fl-d5"/>
      </object_component>
      <object_component id="oc-392">
         <name>.text:floor</name>
         <load_address>0x8370</load_address>
         <run_address>0x8370</run_address>
         <size>0xf8</size>
         <input_file_ref idref="fl-ed"/>
      </object_component>
      <object_component id="oc-247">
         <name>.text:_ltostr</name>
         <load_address>0x8468</load_address>
         <run_address>0x8468</run_address>
         <size>0xb1</size>
         <input_file_ref idref="fl-e9"/>
      </object_component>
      <object_component id="oc-47">
         <name>.text</name>
         <load_address>0x851a</load_address>
         <run_address>0x851a</run_address>
         <size>0x9c</size>
         <input_file_ref idref="fl-da"/>
      </object_component>
      <object_component id="oc-329">
         <name>.text</name>
         <load_address>0x85b6</load_address>
         <run_address>0x85b6</run_address>
         <size>0x96</size>
         <input_file_ref idref="fl-f0"/>
      </object_component>
      <object_component id="oc-f9">
         <name>.text:__aeabi_cdcmple</name>
         <load_address>0x864c</load_address>
         <run_address>0x864c</run_address>
         <size>0x86</size>
         <input_file_ref idref="fl-d3"/>
      </object_component>
      <object_component id="oc-104">
         <name>.text:__aeabi_cdrcmple</name>
         <load_address>0x86d2</load_address>
         <run_address>0x86d2</run_address>
         <size>0x86</size>
         <input_file_ref idref="fl-d3"/>
      </object_component>
      <object_component id="oc-109">
         <name>.text</name>
         <load_address>0x8758</load_address>
         <run_address>0x8758</run_address>
         <size>0x7c</size>
         <input_file_ref idref="fl-6"/>
      </object_component>
      <object_component id="oc-aa">
         <name>.text</name>
         <load_address>0x87d4</load_address>
         <run_address>0x87d4</run_address>
         <size>0x7a</size>
         <input_file_ref idref="fl-f1"/>
      </object_component>
      <object_component id="oc-33b">
         <name>.text:_mcpy</name>
         <load_address>0x884e</load_address>
         <run_address>0x884e</run_address>
         <size>0x6e</size>
         <input_file_ref idref="fl-e9"/>
      </object_component>
      <object_component id="oc-1c2">
         <name>.text</name>
         <load_address>0x88bc</load_address>
         <run_address>0x88bc</run_address>
         <size>0x6e</size>
         <input_file_ref idref="fl-d7"/>
      </object_component>
      <object_component id="oc-15">
         <name>.text:decompress:lzss:__TI_decompress_lzss</name>
         <load_address>0x892a</load_address>
         <run_address>0x892a</run_address>
         <size>0x68</size>
         <input_file_ref idref="fl-de"/>
      </object_component>
      <object_component id="oc-350">
         <name>.text:frexp</name>
         <load_address>0x8994</load_address>
         <run_address>0x8994</run_address>
         <size>0x64</size>
         <input_file_ref idref="fl-ee"/>
      </object_component>
      <object_component id="oc-253">
         <name>.text:_pconv_f</name>
         <load_address>0x89f8</load_address>
         <run_address>0x89f8</run_address>
         <size>0x56</size>
         <input_file_ref idref="fl-e9"/>
      </object_component>
      <object_component id="oc-32f">
         <name>.text:__TI_ltoa</name>
         <load_address>0x8a4e</load_address>
         <run_address>0x8a4e</run_address>
         <size>0x54</size>
         <input_file_ref idref="fl-f7"/>
      </object_component>
      <object_component id="oc-335">
         <name>.text:_ecpy</name>
         <load_address>0x8aa2</load_address>
         <run_address>0x8aa2</run_address>
         <size>0x52</size>
         <input_file_ref idref="fl-e9"/>
      </object_component>
      <object_component id="oc-241">
         <name>.text:atoi</name>
         <load_address>0x8af4</load_address>
         <run_address>0x8af4</run_address>
         <size>0x4c</size>
         <input_file_ref idref="fl-f9"/>
      </object_component>
      <object_component id="oc-1a6">
         <name>.text</name>
         <load_address>0x8b40</load_address>
         <run_address>0x8b40</run_address>
         <size>0x48</size>
         <input_file_ref idref="fl-d6"/>
      </object_component>
      <object_component id="oc-133">
         <name>.text:__TI_auto_init_nobinit_nopinit:__TI_auto_init_nobinit_nopinit</name>
         <load_address>0x8b88</load_address>
         <run_address>0x8b88</run_address>
         <size>0x44</size>
         <input_file_ref idref="fl-f2"/>
      </object_component>
      <object_component id="oc-20b">
         <name>.text</name>
         <load_address>0x8bcc</load_address>
         <run_address>0x8bcc</run_address>
         <size>0x44</size>
         <input_file_ref idref="fl-d8"/>
      </object_component>
      <object_component id="oc-d6">
         <name>.text:sprintf</name>
         <load_address>0x8c10</load_address>
         <run_address>0x8c10</run_address>
         <size>0x40</size>
         <input_file_ref idref="fl-c9"/>
      </object_component>
      <object_component id="oc-189">
         <name>.text:strtok</name>
         <load_address>0x8c50</load_address>
         <run_address>0x8c50</run_address>
         <size>0x40</size>
         <input_file_ref idref="fl-e5"/>
      </object_component>
      <object_component id="oc-348">
         <name>.text:_fcpy</name>
         <load_address>0x8c90</load_address>
         <run_address>0x8c90</run_address>
         <size>0x3e</size>
         <input_file_ref idref="fl-e9"/>
      </object_component>
      <object_component id="oc-65">
         <name>.text:_c_int00_noargs:_c_int00_noargs</name>
         <load_address>0x8cd0</load_address>
         <run_address>0x8cd0</run_address>
         <size>0x34</size>
         <input_file_ref idref="fl-e8"/>
      </object_component>
      <object_component id="oc-1ab">
         <name>.text</name>
         <load_address>0x8d04</load_address>
         <run_address>0x8d04</run_address>
         <size>0x2e</size>
         <input_file_ref idref="fl-d9"/>
      </object_component>
      <object_component id="oc-287">
         <name>.text:strspn</name>
         <load_address>0x8d32</load_address>
         <run_address>0x8d32</run_address>
         <size>0x2a</size>
         <input_file_ref idref="fl-fe"/>
      </object_component>
      <object_component id="oc-28d">
         <name>.text:strcspn</name>
         <load_address>0x8d5c</load_address>
         <run_address>0x8d5c</run_address>
         <size>0x24</size>
         <input_file_ref idref="fl-fd"/>
      </object_component>
      <object_component id="oc-206">
         <name>.text</name>
         <load_address>0x8d80</load_address>
         <run_address>0x8d80</run_address>
         <size>0x20</size>
         <input_file_ref idref="fl-db"/>
      </object_component>
      <object_component id="oc-1eb">
         <name>.text:strcat</name>
         <load_address>0x8da0</load_address>
         <run_address>0x8da0</run_address>
         <size>0x1e</size>
         <input_file_ref idref="fl-e0"/>
      </object_component>
      <object_component id="oc-265">
         <name>.text:memccpy</name>
         <load_address>0x8dbe</load_address>
         <run_address>0x8dbe</run_address>
         <size>0x1c</size>
         <input_file_ref idref="fl-fb"/>
      </object_component>
      <object_component id="oc-3b8">
         <name>.text:copysign</name>
         <load_address>0x8dda</load_address>
         <run_address>0x8dda</run_address>
         <size>0x1a</size>
         <input_file_ref idref="fl-ea"/>
      </object_component>
      <object_component id="oc-16b">
         <name>.text:_outs</name>
         <load_address>0x8df4</load_address>
         <run_address>0x8df4</run_address>
         <size>0x18</size>
         <input_file_ref idref="fl-c9"/>
      </object_component>
      <object_component id="oc-195">
         <name>.text:strcmp</name>
         <load_address>0x8e0c</load_address>
         <run_address>0x8e0c</run_address>
         <size>0x18</size>
         <input_file_ref idref="fl-e1"/>
      </object_component>
      <object_component id="oc-356">
         <name>.text:strchr</name>
         <load_address>0x8e24</load_address>
         <run_address>0x8e24</run_address>
         <size>0x16</size>
         <input_file_ref idref="fl-fc"/>
      </object_component>
      <object_component id="oc-18f">
         <name>.text:strcpy</name>
         <load_address>0x8e3a</load_address>
         <run_address>0x8e3a</run_address>
         <size>0x14</size>
         <input_file_ref idref="fl-e2"/>
      </object_component>
      <object_component id="oc-23b">
         <name>.text:strlen</name>
         <load_address>0x8e4e</load_address>
         <run_address>0x8e4e</run_address>
         <size>0x14</size>
         <input_file_ref idref="fl-e3"/>
      </object_component>
      <object_component id="oc-19b">
         <name>.text:atof</name>
         <load_address>0x8e62</load_address>
         <run_address>0x8e62</run_address>
         <size>0x12</size>
         <input_file_ref idref="fl-df"/>
      </object_component>
      <object_component id="oc-26b">
         <name>.text:wcslen</name>
         <load_address>0x8e74</load_address>
         <run_address>0x8e74</run_address>
         <size>0x12</size>
         <input_file_ref idref="fl-ef"/>
      </object_component>
      <object_component id="oc-1b">
         <name>.text:decompress:none:__TI_decompress_none</name>
         <load_address>0x8e86</load_address>
         <run_address>0x8e86</run_address>
         <size>0xe</size>
         <input_file_ref idref="fl-dd"/>
      </object_component>
      <object_component id="oc-59">
         <name>.text:decompress:ZI:__TI_zero_init</name>
         <load_address>0x8e94</load_address>
         <run_address>0x8e94</run_address>
         <size>0xc</size>
         <input_file_ref idref="fl-dc"/>
      </object_component>
      <object_component id="oc-27">
         <name>.text</name>
         <load_address>0x8ea0</load_address>
         <run_address>0x8ea0</run_address>
         <size>0xc</size>
         <input_file_ref idref="fl-e"/>
      </object_component>
      <object_component id="oc-171">
         <name>.text:_outc</name>
         <load_address>0x8eac</load_address>
         <run_address>0x8eac</run_address>
         <size>0xa</size>
         <input_file_ref idref="fl-c9"/>
      </object_component>
      <object_component id="oc-271">
         <name>.text:__aeabi_errno_addr</name>
         <load_address>0x8eb8</load_address>
         <run_address>0x8eb8</run_address>
         <size>0x8</size>
         <input_file_ref idref="fl-e7"/>
      </object_component>
      <object_component id="oc-b0">
         <name>.text:_system_pre_init</name>
         <load_address>0x8ec0</load_address>
         <run_address>0x8ec0</run_address>
         <size>0x4</size>
         <input_file_ref idref="fl-f3"/>
      </object_component>
      <object_component id="oc-127">
         <name>.text:abort:abort</name>
         <load_address>0x8ec4</load_address>
         <run_address>0x8ec4</run_address>
         <size>0x4</size>
         <input_file_ref idref="fl-f5"/>
      </object_component>
      <object_component id="oc-398">
         <name>.const:$O1$$</name>
         <load_address>0x8ec8</load_address>
         <run_address>0x8ec8</run_address>
         <size>0x158</size>
         <input_file_ref idref="fl-e6"/>
      </object_component>
      <object_component id="oc-324">
         <name>.const:.string:_ctypes_</name>
         <load_address>0x9020</load_address>
         <run_address>0x9020</run_address>
         <size>0x101</size>
         <input_file_ref idref="fl-fa"/>
      </object_component>
      <object_component id="oc-388">
         <name>.const:$O1$$</name>
         <load_address>0x9128</load_address>
         <run_address>0x9128</run_address>
         <size>0xc8</size>
         <input_file_ref idref="fl-e4"/>
      </object_component>
      <object_component id="oc-3b0">
         <name>.const:$O1$$</name>
         <load_address>0x91f0</load_address>
         <run_address>0x91f0</run_address>
         <size>0x98</size>
         <input_file_ref idref="fl-ce"/>
      </object_component>
      <object_component id="oc-2d3">
         <name>.const:$O1$$</name>
         <load_address>0x9288</load_address>
         <run_address>0x9288</run_address>
         <size>0x30</size>
         <input_file_ref idref="fl-cc"/>
      </object_component>
      <object_component id="oc-11b">
         <name>.const:$P$T0$1</name>
         <load_address>0x92b8</load_address>
         <run_address>0x92b8</run_address>
         <size>0x8</size>
         <input_file_ref idref="fl-b"/>
      </object_component>
      <object_component id="oc-11e">
         <name>.const:$P$T1$2</name>
         <load_address>0x92c0</load_address>
         <run_address>0x92c0</run_address>
         <size>0x8</size>
         <input_file_ref idref="fl-b"/>
      </object_component>
      <object_component id="oc-463">
         <name>.cinit..data.load</name>
         <load_address>0x92c8</load_address>
         <run_address>0x92c8</run_address>
         <size>0xe</size>
      </object_component>
      <object_component id="oc-461">
         <name>__TI_handler_table</name>
         <load_address>0x92d8</load_address>
         <run_address>0x92d8</run_address>
         <size>0xc</size>
      </object_component>
      <object_component id="oc-464">
         <name>.cinit..bss.load</name>
         <load_address>0x92e8</load_address>
         <run_address>0x92e8</run_address>
         <size>0x8</size>
      </object_component>
      <object_component id="oc-462">
         <name>__TI_cinit_table</name>
         <load_address>0x92f0</load_address>
         <run_address>0x92f0</run_address>
         <size>0x10</size>
      </object_component>
      <object_component id="oc-115">
         <name>.data</name>
         <load_address>0x20001a7a</load_address>
         <run_address>0x20001a7a</run_address>
         <size>0x2</size>
         <input_file_ref idref="fl-2"/>
      </object_component>
      <object_component id="oc-2e9">
         <name>.data</name>
         <load_address>0x20001a7c</load_address>
         <run_address>0x20001a7c</run_address>
         <size>0x8</size>
         <input_file_ref idref="fl-7"/>
      </object_component>
      <object_component id="oc-8a">
         <name>.data</name>
         <load_address>0x20001a90</load_address>
         <run_address>0x20001a90</run_address>
         <size>0x1</size>
         <input_file_ref idref="fl-8"/>
      </object_component>
      <object_component id="oc-118">
         <name>.data</name>
         <load_address>0x20001a70</load_address>
         <run_address>0x20001a70</run_address>
         <size>0xa</size>
         <input_file_ref idref="fl-9"/>
      </object_component>
      <object_component id="oc-7a">
         <name>.data</name>
         <load_address>0x20001a8c</load_address>
         <run_address>0x20001a8c</run_address>
         <size>0x4</size>
         <input_file_ref idref="fl-d"/>
      </object_component>
      <object_component id="oc-293">
         <name>.data</name>
         <load_address>0x20001a88</load_address>
         <run_address>0x20001a88</run_address>
         <size>0x4</size>
         <input_file_ref idref="fl-e5"/>
      </object_component>
      <object_component id="oc-366">
         <name>.data</name>
         <load_address>0x20001a84</load_address>
         <run_address>0x20001a84</run_address>
         <size>0x4</size>
         <input_file_ref idref="fl-e7"/>
      </object_component>
      <object_component id="oc-1ba">
         <name>.bss:arr</name>
         <uninitialized>true</uninitialized>
         <run_address>0x20001a08</run_address>
         <size>0x20</size>
         <input_file_ref idref="fl-9"/>
      </object_component>
      <object_component id="oc-200">
         <name>.common:returnStatus</name>
         <uninitialized>true</uninitialized>
         <run_address>0x20001a6b</run_address>
         <size>0x1</size>
      </object_component>
      <object_component id="oc-1ff">
         <name>.common:sdcardType</name>
         <uninitialized>true</uninitialized>
         <run_address>0x20001a6c</run_address>
         <size>0x1</size>
      </object_component>
      <object_component id="oc-201">
         <name>.common:srcFilePtr</name>
         <uninitialized>true</uninitialized>
         <run_address>0x20001a54</run_address>
         <size>0x4</size>
      </object_component>
      <object_component id="oc-202">
         <name>.common:srcFilePtr_C</name>
         <uninitialized>true</uninitialized>
         <run_address>0x20001a58</run_address>
         <size>0x4</size>
      </object_component>
      <object_component id="oc-2f8">
         <name>.common:firstDataSector</name>
         <uninitialized>true</uninitialized>
         <run_address>0x20001a4c</run_address>
         <size>0x4</size>
      </object_component>
      <object_component id="oc-2f4">
         <name>.common:rootCluster</name>
         <uninitialized>true</uninitialized>
         <run_address>0x20001a50</run_address>
         <size>0x4</size>
      </object_component>
      <object_component id="oc-2f3">
         <name>.common:totalClusters</name>
         <uninitialized>true</uninitialized>
         <run_address>0x20001a5c</run_address>
         <size>0x4</size>
      </object_component>
      <object_component id="oc-2f1">
         <name>.common:bytesPerSector</name>
         <uninitialized>true</uninitialized>
         <run_address>0x20001a64</run_address>
         <size>0x2</size>
      </object_component>
      <object_component id="oc-2f2">
         <name>.common:sectorPerCluster</name>
         <uninitialized>true</uninitialized>
         <run_address>0x20001a68</run_address>
         <size>0x2</size>
      </object_component>
      <object_component id="oc-2f7">
         <name>.common:reservedSectorCount</name>
         <uninitialized>true</uninitialized>
         <run_address>0x20001a66</run_address>
         <size>0x2</size>
      </object_component>
      <object_component id="oc-2f6">
         <name>.common:unusedSectors</name>
         <uninitialized>true</uninitialized>
         <run_address>0x20001a60</run_address>
         <size>0x4</size>
      </object_component>
      <object_component id="oc-2f9">
         <name>.common:freeClusterCountUpdated</name>
         <uninitialized>true</uninitialized>
         <run_address>0x20001a6a</run_address>
         <size>0x1</size>
      </object_component>
      <object_component id="oc-2ee">
         <name>.common:fatMappingTable</name>
         <uninitialized>true</uninitialized>
         <run_address>0x20001388</run_address>
         <size>0x480</size>
      </object_component>
      <object_component id="oc-2f5">
         <name>.common:GlobalBuffer</name>
         <uninitialized>true</uninitialized>
         <run_address>0x20001808</run_address>
         <size>0x200</size>
      </object_component>
      <object_component id="oc-1bd">
         <name>.common:latitudeResult</name>
         <uninitialized>true</uninitialized>
         <run_address>0x20001a34</run_address>
         <size>0xc</size>
      </object_component>
      <object_component id="oc-1c0">
         <name>.common:longitudeResult</name>
         <uninitialized>true</uninitialized>
         <run_address>0x20001a40</run_address>
         <size>0xc</size>
      </object_component>
      <object_component id="oc-1c1">
         <name>.common:AltitudeResult</name>
         <uninitialized>true</uninitialized>
         <run_address>0x20001a28</run_address>
         <size>0xc</size>
      </object_component>
      <object_component id="oc-24">
         <name>.stack</name>
         <uninitialized>true</uninitialized>
         <run_address>0x20000000</run_address>
         <size>0x4</size>
         <input_file_ref idref="fl-e8"/>
      </object_component>
      <object_component id="oc-466">
         <name>.stack</name>
         <uninitialized>true</uninitialized>
         <run_address>0x20000000</run_address>
         <size>0x0</size>
      </object_component>
      <object_component id="oc-e1">
         <name>.debug_info</name>
         <load_address>0x0</load_address>
         <run_address>0x0</run_address>
         <size>0x59a</size>
         <input_file_ref idref="fl-2"/>
      </object_component>
      <object_component id="oc-116">
         <name>.debug_info</name>
         <load_address>0x59a</load_address>
         <run_address>0x59a</run_address>
         <size>0xce</size>
         <input_file_ref idref="fl-2"/>
      </object_component>
      <object_component id="oc-100">
         <name>.debug_info</name>
         <load_address>0x668</load_address>
         <run_address>0x668</run_address>
         <size>0x577</size>
         <input_file_ref idref="fl-2"/>
      </object_component>
      <object_component id="oc-122">
         <name>.debug_info</name>
         <load_address>0xbdf</load_address>
         <run_address>0xbdf</run_address>
         <size>0x198</size>
         <input_file_ref idref="fl-2"/>
      </object_component>
      <object_component id="oc-184">
         <name>.debug_info</name>
         <load_address>0xd77</load_address>
         <run_address>0xd77</run_address>
         <size>0x717</size>
         <input_file_ref idref="fl-2"/>
      </object_component>
      <object_component id="oc-90">
         <name>.debug_info</name>
         <load_address>0x148e</load_address>
         <run_address>0x148e</run_address>
         <size>0x26b</size>
         <input_file_ref idref="fl-2"/>
      </object_component>
      <object_component id="oc-42">
         <name>.debug_info</name>
         <load_address>0x16f9</load_address>
         <run_address>0x16f9</run_address>
         <size>0x84</size>
         <input_file_ref idref="fl-2"/>
      </object_component>
      <object_component id="oc-ca">
         <name>.debug_info</name>
         <load_address>0x177d</load_address>
         <run_address>0x177d</run_address>
         <size>0x2a4</size>
         <input_file_ref idref="fl-2"/>
      </object_component>
      <object_component id="oc-7e">
         <name>.debug_info</name>
         <load_address>0x1a21</load_address>
         <run_address>0x1a21</run_address>
         <size>0xbb</size>
         <input_file_ref idref="fl-2"/>
      </object_component>
      <object_component id="oc-3ce">
         <name>.debug_info</name>
         <load_address>0x1adc</load_address>
         <run_address>0x1adc</run_address>
         <size>0xcc</size>
         <input_file_ref idref="fl-2"/>
      </object_component>
      <object_component id="oc-179">
         <name>.debug_info</name>
         <load_address>0x1ba8</load_address>
         <run_address>0x1ba8</run_address>
         <size>0x2c</size>
         <input_file_ref idref="fl-2"/>
      </object_component>
      <object_component id="oc-d1">
         <name>.debug_info</name>
         <load_address>0x1bd4</load_address>
         <run_address>0x1bd4</run_address>
         <size>0x35</size>
         <input_file_ref idref="fl-2"/>
      </object_component>
      <object_component id="oc-2ef">
         <name>.debug_info</name>
         <load_address>0x1c09</load_address>
         <run_address>0x1c09</run_address>
         <size>0x63c</size>
         <input_file_ref idref="fl-4"/>
      </object_component>
      <object_component id="oc-1fa">
         <name>.debug_info</name>
         <load_address>0x2245</load_address>
         <run_address>0x2245</run_address>
         <size>0x1718</size>
         <input_file_ref idref="fl-4"/>
      </object_component>
      <object_component id="oc-10a">
         <name>.debug_info</name>
         <load_address>0x395d</load_address>
         <run_address>0x395d</run_address>
         <size>0xf8</size>
         <input_file_ref idref="fl-6"/>
      </object_component>
      <object_component id="oc-2ed">
         <name>.debug_info</name>
         <load_address>0x3a55</load_address>
         <run_address>0x3a55</run_address>
         <size>0x43e</size>
         <input_file_ref idref="fl-7"/>
      </object_component>
      <object_component id="oc-2ea">
         <name>.debug_info</name>
         <load_address>0x3e93</load_address>
         <run_address>0x3e93</run_address>
         <size>0x100</size>
         <input_file_ref idref="fl-7"/>
      </object_component>
      <object_component id="oc-1f4">
         <name>.debug_info</name>
         <load_address>0x3f93</load_address>
         <run_address>0x3f93</run_address>
         <size>0x928</size>
         <input_file_ref idref="fl-7"/>
      </object_component>
      <object_component id="oc-e0">
         <name>.debug_info</name>
         <load_address>0x48bb</load_address>
         <run_address>0x48bb</run_address>
         <size>0x401</size>
         <input_file_ref idref="fl-8"/>
      </object_component>
      <object_component id="oc-8b">
         <name>.debug_info</name>
         <load_address>0x4cbc</load_address>
         <run_address>0x4cbc</run_address>
         <size>0xe1</size>
         <input_file_ref idref="fl-8"/>
      </object_component>
      <object_component id="oc-34">
         <name>.debug_info</name>
         <load_address>0x4d9d</load_address>
         <run_address>0x4d9d</run_address>
         <size>0x2ec</size>
         <input_file_ref idref="fl-8"/>
      </object_component>
      <object_component id="oc-1be">
         <name>.debug_info</name>
         <load_address>0x5089</load_address>
         <run_address>0x5089</run_address>
         <size>0x780</size>
         <input_file_ref idref="fl-9"/>
      </object_component>
      <object_component id="oc-119">
         <name>.debug_info</name>
         <load_address>0x5809</load_address>
         <run_address>0x5809</run_address>
         <size>0x100</size>
         <input_file_ref idref="fl-9"/>
      </object_component>
      <object_component id="oc-1bb">
         <name>.debug_info</name>
         <load_address>0x5909</load_address>
         <run_address>0x5909</run_address>
         <size>0xc5</size>
         <input_file_ref idref="fl-9"/>
      </object_component>
      <object_component id="oc-f4">
         <name>.debug_info</name>
         <load_address>0x59ce</load_address>
         <run_address>0x59ce</run_address>
         <size>0x1204</size>
         <input_file_ref idref="fl-9"/>
      </object_component>
      <object_component id="oc-dd">
         <name>.debug_info</name>
         <load_address>0x6bd2</load_address>
         <run_address>0x6bd2</run_address>
         <size>0x3be</size>
         <input_file_ref idref="fl-a"/>
      </object_component>
      <object_component id="oc-86">
         <name>.debug_info</name>
         <load_address>0x6f90</load_address>
         <run_address>0x6f90</run_address>
         <size>0x61f</size>
         <input_file_ref idref="fl-a"/>
      </object_component>
      <object_component id="oc-218">
         <name>.debug_info</name>
         <load_address>0x75af</load_address>
         <run_address>0x75af</run_address>
         <size>0x592</size>
         <input_file_ref idref="fl-b"/>
      </object_component>
      <object_component id="oc-11c">
         <name>.debug_info</name>
         <load_address>0x7b41</load_address>
         <run_address>0x7b41</run_address>
         <size>0xce</size>
         <input_file_ref idref="fl-b"/>
      </object_component>
      <object_component id="oc-11f">
         <name>.debug_info</name>
         <load_address>0x7c0f</load_address>
         <run_address>0x7c0f</run_address>
         <size>0xce</size>
         <input_file_ref idref="fl-b"/>
      </object_component>
      <object_component id="oc-b7">
         <name>.debug_info</name>
         <load_address>0x7cdd</load_address>
         <run_address>0x7cdd</run_address>
         <size>0x399</size>
         <input_file_ref idref="fl-b"/>
      </object_component>
      <object_component id="oc-3c7">
         <name>.debug_info</name>
         <load_address>0x8076</load_address>
         <run_address>0x8076</run_address>
         <size>0x34a</size>
         <input_file_ref idref="fl-c"/>
      </object_component>
      <object_component id="oc-2e4">
         <name>.debug_info</name>
         <load_address>0x83c0</load_address>
         <run_address>0x83c0</run_address>
         <size>0x277</size>
         <input_file_ref idref="fl-c"/>
      </object_component>
      <object_component id="oc-83">
         <name>.debug_info</name>
         <load_address>0x8637</load_address>
         <run_address>0x8637</run_address>
         <size>0x35a</size>
         <input_file_ref idref="fl-d"/>
      </object_component>
      <object_component id="oc-7b">
         <name>.debug_info</name>
         <load_address>0x8991</load_address>
         <run_address>0x8991</run_address>
         <size>0xeb</size>
         <input_file_ref idref="fl-d"/>
      </object_component>
      <object_component id="oc-2e">
         <name>.debug_info</name>
         <load_address>0x8a7c</load_address>
         <run_address>0x8a7c</run_address>
         <size>0x46d</size>
         <input_file_ref idref="fl-d"/>
      </object_component>
      <object_component id="oc-3b">
         <name>.debug_info</name>
         <load_address>0x8ee9</load_address>
         <run_address>0x8ee9</run_address>
         <size>0x2f6</size>
         <input_file_ref idref="fl-e"/>
      </object_component>
      <object_component id="oc-13">
         <name>.debug_info</name>
         <load_address>0x91df</load_address>
         <run_address>0x91df</run_address>
         <size>0xed</size>
         <input_file_ref idref="fl-e"/>
      </object_component>
      <object_component id="oc-2b">
         <name>.debug_info</name>
         <load_address>0x92cc</load_address>
         <run_address>0x92cc</run_address>
         <size>0x269</size>
         <input_file_ref idref="fl-e"/>
      </object_component>
      <object_component id="oc-211">
         <name>.debug_info</name>
         <load_address>0x9535</load_address>
         <run_address>0x9535</run_address>
         <size>0x35c</size>
         <input_file_ref idref="fl-f"/>
      </object_component>
      <object_component id="oc-111">
         <name>.debug_info</name>
         <load_address>0x9891</load_address>
         <run_address>0x9891</run_address>
         <size>0x878</size>
         <input_file_ref idref="fl-f"/>
      </object_component>
      <object_component id="oc-178">
         <name>.debug_info</name>
         <load_address>0xa109</load_address>
         <run_address>0xa109</run_address>
         <size>0x333</size>
         <input_file_ref idref="fl-c9"/>
      </object_component>
      <object_component id="oc-d8">
         <name>.debug_info</name>
         <load_address>0xa43c</load_address>
         <run_address>0xa43c</run_address>
         <size>0x1d1</size>
         <input_file_ref idref="fl-c9"/>
      </object_component>
      <object_component id="oc-16d">
         <name>.debug_info</name>
         <load_address>0xa60d</load_address>
         <run_address>0xa60d</run_address>
         <size>0x18d</size>
         <input_file_ref idref="fl-c9"/>
      </object_component>
      <object_component id="oc-174">
         <name>.debug_info</name>
         <load_address>0xa79a</load_address>
         <run_address>0xa79a</run_address>
         <size>0x16d</size>
         <input_file_ref idref="fl-c9"/>
      </object_component>
      <object_component id="oc-36d">
         <name>.debug_info</name>
         <load_address>0xa907</load_address>
         <run_address>0xa907</run_address>
         <size>0x2c</size>
         <input_file_ref idref="fl-c9"/>
      </object_component>
      <object_component id="oc-2e0">
         <name>.debug_info</name>
         <load_address>0xa933</load_address>
         <run_address>0xa933</run_address>
         <size>0x2e4</size>
         <input_file_ref idref="fl-ca"/>
      </object_component>
      <object_component id="oc-1e6">
         <name>.debug_info</name>
         <load_address>0xac17</load_address>
         <run_address>0xac17</run_address>
         <size>0x6a4</size>
         <input_file_ref idref="fl-ca"/>
      </object_component>
      <object_component id="oc-3a7">
         <name>.debug_info</name>
         <load_address>0xb2bb</load_address>
         <run_address>0xb2bb</run_address>
         <size>0x46</size>
         <input_file_ref idref="fl-ca"/>
      </object_component>
      <object_component id="oc-2c2">
         <name>.debug_info</name>
         <load_address>0xb301</load_address>
         <run_address>0xb301</run_address>
         <size>0x39</size>
         <input_file_ref idref="fl-ca"/>
      </object_component>
      <object_component id="oc-2d2">
         <name>.debug_info</name>
         <load_address>0xb33a</load_address>
         <run_address>0xb33a</run_address>
         <size>0x2a9</size>
         <input_file_ref idref="fl-cb"/>
      </object_component>
      <object_component id="oc-1db">
         <name>.debug_info</name>
         <load_address>0xb5e3</load_address>
         <run_address>0xb5e3</run_address>
         <size>0x247</size>
         <input_file_ref idref="fl-cb"/>
      </object_component>
      <object_component id="oc-2dd">
         <name>.debug_info</name>
         <load_address>0xb82a</load_address>
         <run_address>0xb82a</run_address>
         <size>0x35e</size>
         <input_file_ref idref="fl-cc"/>
      </object_component>
      <object_component id="oc-2d4">
         <name>.debug_info</name>
         <load_address>0xbb88</load_address>
         <run_address>0xbb88</run_address>
         <size>0x128</size>
         <input_file_ref idref="fl-cc"/>
      </object_component>
      <object_component id="oc-1e0">
         <name>.debug_info</name>
         <load_address>0xbcb0</load_address>
         <run_address>0xbcb0</run_address>
         <size>0xbf2</size>
         <input_file_ref idref="fl-cc"/>
      </object_component>
      <object_component id="oc-2ca">
         <name>.debug_info</name>
         <load_address>0xc8a2</load_address>
         <run_address>0xc8a2</run_address>
         <size>0x2c5</size>
         <input_file_ref idref="fl-cd"/>
      </object_component>
      <object_component id="oc-1d4">
         <name>.debug_info</name>
         <load_address>0xcb67</load_address>
         <run_address>0xcb67</run_address>
         <size>0x24e</size>
         <input_file_ref idref="fl-cd"/>
      </object_component>
      <object_component id="oc-424">
         <name>.debug_info</name>
         <load_address>0xcdb5</load_address>
         <run_address>0xcdb5</run_address>
         <size>0x2f2</size>
         <input_file_ref idref="fl-ce"/>
      </object_component>
      <object_component id="oc-3b1">
         <name>.debug_info</name>
         <load_address>0xd0a7</load_address>
         <run_address>0xd0a7</run_address>
         <size>0x131</size>
         <input_file_ref idref="fl-ce"/>
      </object_component>
      <object_component id="oc-2cc">
         <name>.debug_info</name>
         <load_address>0xd1d8</load_address>
         <run_address>0xd1d8</run_address>
         <size>0x4ac</size>
         <input_file_ref idref="fl-ce"/>
      </object_component>
      <object_component id="oc-2c8">
         <name>.debug_info</name>
         <load_address>0xd684</load_address>
         <run_address>0xd684</run_address>
         <size>0x361</size>
         <input_file_ref idref="fl-cf"/>
      </object_component>
      <object_component id="oc-1ce">
         <name>.debug_info</name>
         <load_address>0xd9e5</load_address>
         <run_address>0xd9e5</run_address>
         <size>0x79b</size>
         <input_file_ref idref="fl-cf"/>
      </object_component>
      <object_component id="oc-3bf">
         <name>.debug_info</name>
         <load_address>0xe180</load_address>
         <run_address>0xe180</run_address>
         <size>0x2f8</size>
         <input_file_ref idref="fl-d0"/>
      </object_component>
      <object_component id="oc-2d7">
         <name>.debug_info</name>
         <load_address>0xe478</load_address>
         <run_address>0xe478</run_address>
         <size>0x225</size>
         <input_file_ref idref="fl-d0"/>
      </object_component>
      <object_component id="oc-41b">
         <name>.debug_info</name>
         <load_address>0xe69d</load_address>
         <run_address>0xe69d</run_address>
         <size>0x39</size>
         <input_file_ref idref="fl-d0"/>
      </object_component>
      <object_component id="oc-39e">
         <name>.debug_info</name>
         <load_address>0xe6d6</load_address>
         <run_address>0xe6d6</run_address>
         <size>0x2c</size>
         <input_file_ref idref="fl-d0"/>
      </object_component>
      <object_component id="oc-2c1">
         <name>.debug_info</name>
         <load_address>0xe702</load_address>
         <run_address>0xe702</run_address>
         <size>0x361</size>
         <input_file_ref idref="fl-d1"/>
      </object_component>
      <object_component id="oc-1c8">
         <name>.debug_info</name>
         <load_address>0xea63</load_address>
         <run_address>0xea63</run_address>
         <size>0x7ae</size>
         <input_file_ref idref="fl-d1"/>
      </object_component>
      <object_component id="oc-1b1">
         <name>.debug_info</name>
         <load_address>0xf211</load_address>
         <run_address>0xf211</run_address>
         <size>0x14c</size>
         <input_file_ref idref="fl-d2"/>
      </object_component>
      <object_component id="oc-fa">
         <name>.debug_info</name>
         <load_address>0xf35d</load_address>
         <run_address>0xf35d</run_address>
         <size>0x128</size>
         <input_file_ref idref="fl-d3"/>
      </object_component>
      <object_component id="oc-107">
         <name>.debug_info</name>
         <load_address>0xf485</load_address>
         <run_address>0xf485</run_address>
         <size>0x12a</size>
         <input_file_ref idref="fl-d3"/>
      </object_component>
      <object_component id="oc-1a3">
         <name>.debug_info</name>
         <load_address>0xf5af</load_address>
         <run_address>0xf5af</run_address>
         <size>0x13a</size>
         <input_file_ref idref="fl-d4"/>
      </object_component>
      <object_component id="oc-1b7">
         <name>.debug_info</name>
         <load_address>0xf6e9</load_address>
         <run_address>0xf6e9</run_address>
         <size>0x13a</size>
         <input_file_ref idref="fl-d5"/>
      </object_component>
      <object_component id="oc-1a9">
         <name>.debug_info</name>
         <load_address>0xf823</load_address>
         <run_address>0xf823</run_address>
         <size>0x12e</size>
         <input_file_ref idref="fl-d6"/>
      </object_component>
      <object_component id="oc-1c4">
         <name>.debug_info</name>
         <load_address>0xf951</load_address>
         <run_address>0xf951</run_address>
         <size>0x13e</size>
         <input_file_ref idref="fl-d7"/>
      </object_component>
      <object_component id="oc-20d">
         <name>.debug_info</name>
         <load_address>0xfa8f</load_address>
         <run_address>0xfa8f</run_address>
         <size>0x139</size>
         <input_file_ref idref="fl-d8"/>
      </object_component>
      <object_component id="oc-1ac">
         <name>.debug_info</name>
         <load_address>0xfbc8</load_address>
         <run_address>0xfbc8</run_address>
         <size>0x12c</size>
         <input_file_ref idref="fl-d9"/>
      </object_component>
      <object_component id="oc-4a">
         <name>.debug_info</name>
         <load_address>0xfcf4</load_address>
         <run_address>0xfcf4</run_address>
         <size>0x119</size>
         <input_file_ref idref="fl-da"/>
      </object_component>
      <object_component id="oc-207">
         <name>.debug_info</name>
         <load_address>0xfe0d</load_address>
         <run_address>0xfe0d</run_address>
         <size>0x12e</size>
         <input_file_ref idref="fl-db"/>
      </object_component>
      <object_component id="oc-a9">
         <name>.debug_info</name>
         <load_address>0xff3b</load_address>
         <run_address>0xff3b</run_address>
         <size>0x2d4</size>
         <input_file_ref idref="fl-dc"/>
      </object_component>
      <object_component id="oc-5d">
         <name>.debug_info</name>
         <load_address>0x1020f</load_address>
         <run_address>0x1020f</run_address>
         <size>0x1b5</size>
         <input_file_ref idref="fl-dc"/>
      </object_component>
      <object_component id="oc-a4">
         <name>.debug_info</name>
         <load_address>0x103c4</load_address>
         <run_address>0x103c4</run_address>
         <size>0x46</size>
         <input_file_ref idref="fl-dc"/>
      </object_component>
      <object_component id="oc-ea">
         <name>.debug_info</name>
         <load_address>0x1040a</load_address>
         <run_address>0x1040a</run_address>
         <size>0x2c</size>
         <input_file_ref idref="fl-dc"/>
      </object_component>
      <object_component id="oc-52">
         <name>.debug_info</name>
         <load_address>0x10436</load_address>
         <run_address>0x10436</run_address>
         <size>0x2a8</size>
         <input_file_ref idref="fl-dd"/>
      </object_component>
      <object_component id="oc-1e">
         <name>.debug_info</name>
         <load_address>0x106de</load_address>
         <run_address>0x106de</run_address>
         <size>0x1ea</size>
         <input_file_ref idref="fl-dd"/>
      </object_component>
      <object_component id="oc-4d">
         <name>.debug_info</name>
         <load_address>0x108c8</load_address>
         <run_address>0x108c8</run_address>
         <size>0x46</size>
         <input_file_ref idref="fl-dd"/>
      </object_component>
      <object_component id="oc-9c">
         <name>.debug_info</name>
         <load_address>0x1090e</load_address>
         <run_address>0x1090e</run_address>
         <size>0x2c</size>
         <input_file_ref idref="fl-dd"/>
      </object_component>
      <object_component id="oc-9a">
         <name>.debug_info</name>
         <load_address>0x1093a</load_address>
         <run_address>0x1093a</run_address>
         <size>0x29e</size>
         <input_file_ref idref="fl-de"/>
      </object_component>
      <object_component id="oc-16">
         <name>.debug_info</name>
         <load_address>0x10bd8</load_address>
         <run_address>0x10bd8</run_address>
         <size>0x250</size>
         <input_file_ref idref="fl-de"/>
      </object_component>
      <object_component id="oc-3d">
         <name>.debug_info</name>
         <load_address>0x10e28</load_address>
         <run_address>0x10e28</run_address>
         <size>0x60</size>
         <input_file_ref idref="fl-de"/>
      </object_component>
      <object_component id="oc-e3">
         <name>.debug_info</name>
         <load_address>0x10e88</load_address>
         <run_address>0x10e88</run_address>
         <size>0x46</size>
         <input_file_ref idref="fl-de"/>
      </object_component>
      <object_component id="oc-95">
         <name>.debug_info</name>
         <load_address>0x10ece</load_address>
         <run_address>0x10ece</run_address>
         <size>0x39</size>
         <input_file_ref idref="fl-de"/>
      </object_component>
      <object_component id="oc-2a3">
         <name>.debug_info</name>
         <load_address>0x10f07</load_address>
         <run_address>0x10f07</run_address>
         <size>0x2c5</size>
         <input_file_ref idref="fl-df"/>
      </object_component>
      <object_component id="oc-19c">
         <name>.debug_info</name>
         <load_address>0x111cc</load_address>
         <run_address>0x111cc</run_address>
         <size>0x149</size>
         <input_file_ref idref="fl-df"/>
      </object_component>
      <object_component id="oc-2e2">
         <name>.debug_info</name>
         <load_address>0x11315</load_address>
         <run_address>0x11315</run_address>
         <size>0x2a4</size>
         <input_file_ref idref="fl-e0"/>
      </object_component>
      <object_component id="oc-1ef">
         <name>.debug_info</name>
         <load_address>0x115b9</load_address>
         <run_address>0x115b9</run_address>
         <size>0x267</size>
         <input_file_ref idref="fl-e0"/>
      </object_component>
      <object_component id="oc-29b">
         <name>.debug_info</name>
         <load_address>0x11820</load_address>
         <run_address>0x11820</run_address>
         <size>0x28a</size>
         <input_file_ref idref="fl-e1"/>
      </object_component>
      <object_component id="oc-196">
         <name>.debug_info</name>
         <load_address>0x11aaa</load_address>
         <run_address>0x11aaa</run_address>
         <size>0x273</size>
         <input_file_ref idref="fl-e1"/>
      </object_component>
      <object_component id="oc-299">
         <name>.debug_info</name>
         <load_address>0x11d1d</load_address>
         <run_address>0x11d1d</run_address>
         <size>0x2a4</size>
         <input_file_ref idref="fl-e2"/>
      </object_component>
      <object_component id="oc-193">
         <name>.debug_info</name>
         <load_address>0x11fc1</load_address>
         <run_address>0x11fc1</run_address>
         <size>0x24d</size>
         <input_file_ref idref="fl-e2"/>
      </object_component>
      <object_component id="oc-323">
         <name>.debug_info</name>
         <load_address>0x1220e</load_address>
         <run_address>0x1220e</run_address>
         <size>0x28f</size>
         <input_file_ref idref="fl-e3"/>
      </object_component>
      <object_component id="oc-23c">
         <name>.debug_info</name>
         <load_address>0x1249d</load_address>
         <run_address>0x1249d</run_address>
         <size>0x245</size>
         <input_file_ref idref="fl-e3"/>
      </object_component>
      <object_component id="oc-38c">
         <name>.debug_info</name>
         <load_address>0x126e2</load_address>
         <run_address>0x126e2</run_address>
         <size>0x3b1</size>
         <input_file_ref idref="fl-e4"/>
      </object_component>
      <object_component id="oc-389">
         <name>.debug_info</name>
         <load_address>0x12a93</load_address>
         <run_address>0x12a93</run_address>
         <size>0x123</size>
         <input_file_ref idref="fl-e4"/>
      </object_component>
      <object_component id="oc-29d">
         <name>.debug_info</name>
         <load_address>0x12bb6</load_address>
         <run_address>0x12bb6</run_address>
         <size>0x4e0</size>
         <input_file_ref idref="fl-e4"/>
      </object_component>
      <object_component id="oc-297">
         <name>.debug_info</name>
         <load_address>0x13096</load_address>
         <run_address>0x13096</run_address>
         <size>0x2fe</size>
         <input_file_ref idref="fl-e5"/>
      </object_component>
      <object_component id="oc-294">
         <name>.debug_info</name>
         <load_address>0x13394</load_address>
         <run_address>0x13394</run_address>
         <size>0x105</size>
         <input_file_ref idref="fl-e5"/>
      </object_component>
      <object_component id="oc-18c">
         <name>.debug_info</name>
         <load_address>0x13499</load_address>
         <run_address>0x13499</run_address>
         <size>0x1ab</size>
         <input_file_ref idref="fl-e5"/>
      </object_component>
      <object_component id="oc-39c">
         <name>.debug_info</name>
         <load_address>0x13644</load_address>
         <run_address>0x13644</run_address>
         <size>0x3aa</size>
         <input_file_ref idref="fl-e6"/>
      </object_component>
      <object_component id="oc-399">
         <name>.debug_info</name>
         <load_address>0x139ee</load_address>
         <run_address>0x139ee</run_address>
         <size>0x13a</size>
         <input_file_ref idref="fl-e6"/>
      </object_component>
      <object_component id="oc-2b5">
         <name>.debug_info</name>
         <load_address>0x13b28</load_address>
         <run_address>0x13b28</run_address>
         <size>0x72f</size>
         <input_file_ref idref="fl-e6"/>
      </object_component>
      <object_component id="oc-36a">
         <name>.debug_info</name>
         <load_address>0x14257</load_address>
         <run_address>0x14257</run_address>
         <size>0x289</size>
         <input_file_ref idref="fl-e7"/>
      </object_component>
      <object_component id="oc-367">
         <name>.debug_info</name>
         <load_address>0x144e0</load_address>
         <run_address>0x144e0</run_address>
         <size>0x10e</size>
         <input_file_ref idref="fl-e7"/>
      </object_component>
      <object_component id="oc-275">
         <name>.debug_info</name>
         <load_address>0x145ee</load_address>
         <run_address>0x145ee</run_address>
         <size>0x14e</size>
         <input_file_ref idref="fl-e7"/>
      </object_component>
      <object_component id="oc-25">
         <name>.debug_info</name>
         <load_address>0x1473c</load_address>
         <run_address>0x1473c</run_address>
         <size>0x10b</size>
         <input_file_ref idref="fl-e8"/>
      </object_component>
      <object_component id="oc-66">
         <name>.debug_info</name>
         <load_address>0x14847</load_address>
         <run_address>0x14847</run_address>
         <size>0x1a9</size>
         <input_file_ref idref="fl-e8"/>
      </object_component>
      <object_component id="oc-278">
         <name>.debug_info</name>
         <load_address>0x149f0</load_address>
         <run_address>0x149f0</run_address>
         <size>0x590</size>
         <input_file_ref idref="fl-e9"/>
      </object_component>
      <object_component id="oc-248">
         <name>.debug_info</name>
         <load_address>0x14f80</load_address>
         <run_address>0x14f80</run_address>
         <size>0x21e</size>
         <input_file_ref idref="fl-e9"/>
      </object_component>
      <object_component id="oc-336">
         <name>.debug_info</name>
         <load_address>0x1519e</load_address>
         <run_address>0x1519e</run_address>
         <size>0x1b3</size>
         <input_file_ref idref="fl-e9"/>
      </object_component>
      <object_component id="oc-33c">
         <name>.debug_info</name>
         <load_address>0x15351</load_address>
         <run_address>0x15351</run_address>
         <size>0x21b</size>
         <input_file_ref idref="fl-e9"/>
      </object_component>
      <object_component id="oc-24e">
         <name>.debug_info</name>
         <load_address>0x1556c</load_address>
         <run_address>0x1556c</run_address>
         <size>0x3c0</size>
         <input_file_ref idref="fl-e9"/>
      </object_component>
      <object_component id="oc-343">
         <name>.debug_info</name>
         <load_address>0x1592c</load_address>
         <run_address>0x1592c</run_address>
         <size>0x30a</size>
         <input_file_ref idref="fl-e9"/>
      </object_component>
      <object_component id="oc-349">
         <name>.debug_info</name>
         <load_address>0x15c36</load_address>
         <run_address>0x15c36</run_address>
         <size>0x215</size>
         <input_file_ref idref="fl-e9"/>
      </object_component>
      <object_component id="oc-255">
         <name>.debug_info</name>
         <load_address>0x15e4b</load_address>
         <run_address>0x15e4b</run_address>
         <size>0x215</size>
         <input_file_ref idref="fl-e9"/>
      </object_component>
      <object_component id="oc-25a">
         <name>.debug_info</name>
         <load_address>0x16060</load_address>
         <run_address>0x16060</run_address>
         <size>0x304</size>
         <input_file_ref idref="fl-e9"/>
      </object_component>
      <object_component id="oc-261">
         <name>.debug_info</name>
         <load_address>0x16364</load_address>
         <run_address>0x16364</run_address>
         <size>0x4b5</size>
         <input_file_ref idref="fl-e9"/>
      </object_component>
      <object_component id="oc-166">
         <name>.debug_info</name>
         <load_address>0x16819</load_address>
         <run_address>0x16819</run_address>
         <size>0x5f4</size>
         <input_file_ref idref="fl-e9"/>
      </object_component>
      <object_component id="oc-279">
         <name>.debug_info</name>
         <load_address>0x16e0d</load_address>
         <run_address>0x16e0d</run_address>
         <size>0x86</size>
         <input_file_ref idref="fl-e9"/>
      </object_component>
      <object_component id="oc-372">
         <name>.debug_info</name>
         <load_address>0x16e93</load_address>
         <run_address>0x16e93</run_address>
         <size>0x39</size>
         <input_file_ref idref="fl-e9"/>
      </object_component>
      <object_component id="oc-406">
         <name>.debug_info</name>
         <load_address>0x16ecc</load_address>
         <run_address>0x16ecc</run_address>
         <size>0xb6</size>
         <input_file_ref idref="fl-e9"/>
      </object_component>
      <object_component id="oc-377">
         <name>.debug_info</name>
         <load_address>0x16f82</load_address>
         <run_address>0x16f82</run_address>
         <size>0x46</size>
         <input_file_ref idref="fl-e9"/>
      </object_component>
      <object_component id="oc-27e">
         <name>.debug_info</name>
         <load_address>0x16fc8</load_address>
         <run_address>0x16fc8</run_address>
         <size>0x46</size>
         <input_file_ref idref="fl-e9"/>
      </object_component>
      <object_component id="oc-3bc">
         <name>.debug_info</name>
         <load_address>0x1700e</load_address>
         <run_address>0x1700e</run_address>
         <size>0x161</size>
         <input_file_ref idref="fl-ea"/>
      </object_component>
      <object_component id="oc-3a4">
         <name>.debug_info</name>
         <load_address>0x1716f</load_address>
         <run_address>0x1716f</run_address>
         <size>0x288</size>
         <input_file_ref idref="fl-eb"/>
      </object_component>
      <object_component id="oc-2be">
         <name>.debug_info</name>
         <load_address>0x173f7</load_address>
         <run_address>0x173f7</run_address>
         <size>0x327</size>
         <input_file_ref idref="fl-eb"/>
      </object_component>
      <object_component id="oc-391">
         <name>.debug_info</name>
         <load_address>0x1771e</load_address>
         <run_address>0x1771e</run_address>
         <size>0x28d</size>
         <input_file_ref idref="fl-ec"/>
      </object_component>
      <object_component id="oc-2b2">
         <name>.debug_info</name>
         <load_address>0x179ab</load_address>
         <run_address>0x179ab</run_address>
         <size>0x380</size>
         <input_file_ref idref="fl-ec"/>
      </object_component>
      <object_component id="oc-416">
[...]
      </symbol>
      <symbol id="sm-214">
         <name>SW1_Int_Interrupt</name>
         <value>0x70a9</value>
         <object_component_ref idref="oc-33"/>
      </symbol>
      <symbol id="sm-215">
         <name>GPIOF_Init</name>
         <value>0x7041</value>
         <object_component_ref idref="oc-33"/>
      </symbol>
      <symbol id="sm-2cd">
         <name>latitudeResult</name>
         <value>0x20001a34</value>
      </symbol>
      <symbol id="sm-2ce">
         <name>longitudeResult</name>
         <value>0x20001a40</value>
      </symbol>
      <symbol id="sm-2cf">
         <name>AltitudeResult</name>
         <value>0x20001a28</value>
      </symbol>
      <symbol id="sm-2d0">
         <name>r_distance</name>
         <value>0x20001a70</value>
         <object_component_ref idref="oc-118"/>
      </symbol>
      <symbol id="sm-2d1">
         <name>torad</name>
         <value>0x1bb1</value>
         <object_component_ref idref="oc-f3"/>
      </symbol>
      <symbol id="sm-2d2">
         <name>float_string</name>
         <value>0x1f99</value>
         <object_component_ref idref="oc-f3"/>
      </symbol>
      <symbol id="sm-2d3">
         <name>dis</name>
         <value>0x19a5</value>
         <object_component_ref idref="oc-f3"/>
      </symbol>
      <symbol id="sm-2d4">
         <name>distance_g</name>
         <value>0x1c01</value>
         <object_component_ref idref="oc-f3"/>
      </symbol>
      <symbol id="sm-2d5">
         <name>tostring</name>
         <value>0x1f21</value>
         <object_component_ref idref="oc-f3"/>
      </symbol>
      <symbol id="sm-2d6">
         <name>get_distance</name>
         <value>0x1db9</value>
         <object_component_ref idref="oc-f3"/>
      </symbol>
      <symbol id="sm-2d7">
         <name>readGPSs</name>
         <value>0x1675</value>
         <object_component_ref idref="oc-f3"/>
      </symbol>
      <symbol id="sm-2d8">
         <name>readGPSa</name>
         <value>0x12a1</value>
         <object_component_ref idref="oc-f3"/>
      </symbol>
      <symbol id="sm-31a">
         <name>i_s</name>
         <value>0x67a1</value>
         <object_component_ref idref="oc-84"/>
      </symbol>
      <symbol id="sm-31b">
         <name>LCD_displayCharacter</name>
         <value>0x6659</value>
         <object_component_ref idref="oc-84"/>
      </symbol>
      <symbol id="sm-31c">
         <name>LCD_displayString</name>
         <value>0x66e7</value>
         <object_component_ref idref="oc-84"/>
      </symbol>
      <symbol id="sm-31d">
         <name>LCD_sendCommand</name>
         <value>0x65c1</value>
         <object_component_ref idref="oc-84"/>
      </symbol>
      <symbol id="sm-31e">
         <name>LCD_intgerToString</name>
         <value>0x6775</value>
         <object_component_ref idref="oc-84"/>
      </symbol>
      <symbol id="sm-31f">
         <name>LCD_clearScreen</name>
         <value>0x664f</value>
         <object_component_ref idref="oc-84"/>
      </symbol>
      <symbol id="sm-320">
         <name>LCD_init</name>
         <value>0x653d</value>
         <object_component_ref idref="oc-84"/>
      </symbol>
      <symbol id="sm-321">
         <name>LCD_goToRowColumn</name>
         <value>0x6717</value>
         <object_component_ref idref="oc-84"/>
      </symbol>
      <symbol id="sm-34d">
         <name>init_peripheral</name>
         <value>0x7a4b</value>
         <object_component_ref idref="oc-b6"/>
      </symbol>
      <symbol id="sm-34e">
         <name>main</name>
         <value>0x79e5</value>
         <object_component_ref idref="oc-b6"/>
      </symbol>
      <symbol id="sm-378">
         <name>SSI_Write</name>
         <value>0x794b</value>
         <object_component_ref idref="oc-2e3"/>
      </symbol>
      <symbol id="sm-379">
         <name>SSI_Read</name>
         <value>0x797b</value>
         <object_component_ref idref="oc-2e3"/>
      </symbol>
      <symbol id="sm-37a">
         <name>SPI_DisableChipSelect</name>
         <value>0x7891</value>
         <object_component_ref idref="oc-2e3"/>
      </symbol>
      <symbol id="sm-37b">
         <name>SPI_EnableChipSelect</name>
         <value>0x7885</value>
         <object_component_ref idref="oc-2e3"/>
      </symbol>
      <symbol id="sm-37c">
         <name>init_SSI0</name>
         <value>0x789d</value>
         <object_component_ref idref="oc-2e3"/>
      </symbol>
      <symbol id="sm-3ac">
         <name>Systick_setCallBack</name>
         <value>0x7edb</value>
         <object_component_ref idref="oc-2d"/>
      </symbol>
      <symbol id="sm-3ad">
         <name>SysTick_Handler</name>
         <value>0x7ecb</value>
         <object_component_ref idref="oc-2d"/>
      </symbol>
      <symbol id="sm-3ae">
         <name>wait_ms</name>
         <value>0x7e61</value>
         <object_component_ref idref="oc-2d"/>
      </symbol>
      <symbol id="sm-3af">
         <name>delay_s</name>
         <value>0x7deb</value>
         <object_component_ref idref="oc-2d"/>
      </symbol>
      <symbol id="sm-3b0">
         <name>wait_5ms</name>
         <value>0x7ea7</value>
         <object_component_ref idref="oc-2d"/>
      </symbol>
      <symbol id="sm-3b1">
         <name>delay_5ms</name>
         <value>0x7e85</value>
         <object_component_ref idref="oc-2d"/>
      </symbol>
      <symbol id="sm-3b2">
         <name>wait_s</name>
         <value>0x7e1b</value>
         <object_component_ref idref="oc-2d"/>
      </symbol>
      <symbol id="sm-3b3">
         <name>delay_ms</name>
         <value>0x7e3f</value>
         <object_component_ref idref="oc-2d"/>
      </symbol>
      <symbol id="sm-3b4">
         <name>SysTick_Init</name>
         <value>0x7dd1</value>
         <object_component_ref idref="oc-2d"/>
      </symbol>
      <symbol id="sm-3d0">
         <name>ResetISR</name>
         <value>0x8ea1</value>
         <object_component_ref idref="oc-27"/>
      </symbol>
      <symbol id="sm-3d1">
         <name>g_pfnVectors</name>
         <value>0x0</value>
         <object_component_ref idref="oc-12"/>
      </symbol>
      <symbol id="sm-49c">
         <name>UART_sendByte</name>
         <value>0x2991</value>
         <object_component_ref idref="oc-10f"/>
      </symbol>
      <symbol id="sm-49d">
         <name>UART_recieveByte</name>
         <value>0x2a89</value>
         <object_component_ref idref="oc-10f"/>
      </symbol>
      <symbol id="sm-49e">
         <name>UART_receiveString</name>
         <value>0x2bb9</value>
         <object_component_ref idref="oc-10f"/>
      </symbol>
      <symbol id="sm-49f">
         <name>UART_init</name>
         <value>0x2039</value>
         <object_component_ref idref="oc-10f"/>
      </symbol>
      <symbol id="sm-4a0">
         <name>UART_sendString</name>
         <value>0x2b7d</value>
         <object_component_ref idref="oc-10f"/>
      </symbol>
      <symbol id="sm-4c7">
         <name>sprintf</name>
         <value>0x8c11</value>
         <object_component_ref idref="oc-d6"/>
      </symbol>
      <symbol id="sm-4ff">
         <name>asinl</name>
         <value>0x6169</value>
         <object_component_ref idref="oc-1e5"/>
      </symbol>
      <symbol id="sm-500">
         <name>asin</name>
         <value>0x6169</value>
         <object_component_ref idref="oc-1e5"/>
      </symbol>
      <symbol id="sm-53a">
         <name>atan2</name>
         <value>0x6e5d</value>
         <object_component_ref idref="oc-1d9"/>
      </symbol>
      <symbol id="sm-53b">
         <name>atan2l</name>
         <value>0x6e5d</value>
         <object_component_ref idref="oc-1d9"/>
      </symbol>
      <symbol id="sm-5c7">
         <name>pow</name>
         <value>0x36bd</value>
         <object_component_ref idref="oc-1df"/>
      </symbol>
      <symbol id="sm-5c8">
         <name>powl</name>
         <value>0x36bd</value>
         <object_component_ref idref="oc-1df"/>
      </symbol>
      <symbol id="sm-5ea">
         <name>sqrtl</name>
         <value>0x7b3d</value>
         <object_component_ref idref="oc-1d3"/>
      </symbol>
      <symbol id="sm-5eb">
         <name>sqrt</name>
         <value>0x7b3d</value>
         <object_component_ref idref="oc-1d3"/>
      </symbol>
      <symbol id="sm-621">
         <name>atanl</name>
         <value>0x6901</value>
         <object_component_ref idref="oc-2cb"/>
      </symbol>
      <symbol id="sm-622">
         <name>atan</name>
         <value>0x6901</value>
         <object_component_ref idref="oc-2cb"/>
      </symbol>
      <symbol id="sm-673">
         <name>cosl</name>
         <value>0x4da5</value>
         <object_component_ref idref="oc-1cd"/>
      </symbol>
      <symbol id="sm-674">
         <name>cos</name>
         <value>0x4da5</value>
         <object_component_ref idref="oc-1cd"/>
      </symbol>
      <symbol id="sm-69b">
         <name>scalbn</name>
         <value>0x8165</value>
         <object_component_ref idref="oc-2d6"/>
      </symbol>
      <symbol id="sm-69c">
         <name>scalbnl</name>
         <value>0x8165</value>
         <object_component_ref idref="oc-2d6"/>
      </symbol>
      <symbol id="sm-69d">
         <name>ldexpl</name>
         <value>0x8165</value>
         <object_component_ref idref="oc-2d6"/>
      </symbol>
      <symbol id="sm-69e">
         <name>ldexp</name>
         <value>0x8165</value>
         <object_component_ref idref="oc-2d6"/>
      </symbol>
      <symbol id="sm-6ee">
         <name>sin</name>
         <value>0x47c5</value>
         <object_component_ref idref="oc-1c7"/>
      </symbol>
      <symbol id="sm-6ef">
         <name>sinl</name>
         <value>0x47c5</value>
         <object_component_ref idref="oc-1c7"/>
      </symbol>
      <symbol id="sm-706">
         <name>__aeabi_dsub</name>
         <value>0x73e9</value>
         <object_component_ref idref="oc-1b0"/>
      </symbol>
      <symbol id="sm-707">
         <name>__aeabi_dadd</name>
         <value>0x73f3</value>
         <object_component_ref idref="oc-1b0"/>
      </symbol>
      <symbol id="sm-729">
         <name>__aeabi_cdcmpeq</name>
         <value>0x864d</value>
         <object_component_ref idref="oc-f9"/>
      </symbol>
      <symbol id="sm-72a">
         <name>__aeabi_cdcmple</name>
         <value>0x864d</value>
         <object_component_ref idref="oc-f9"/>
      </symbol>
      <symbol id="sm-72b">
         <name>__aeabi_cdrcmple</name>
         <value>0x86d3</value>
         <object_component_ref idref="oc-104"/>
      </symbol>
      <symbol id="sm-73f">
         <name>__aeabi_ddiv</name>
         <value>0x7f09</value>
         <object_component_ref idref="oc-1a1"/>
      </symbol>
      <symbol id="sm-74a">
         <name>__aeabi_dmul</name>
         <value>0x8275</value>
         <object_component_ref idref="oc-1b5"/>
      </symbol>
      <symbol id="sm-754">
         <name>__aeabi_d2iz</name>
         <value>0x8b41</value>
         <object_component_ref idref="oc-1a6"/>
      </symbol>
      <symbol id="sm-760">
         <name>__aeabi_d2f</name>
         <value>0x88bd</value>
         <object_component_ref idref="oc-1c2"/>
      </symbol>
      <symbol id="sm-76a">
         <name>__aeabi_d2uiz</name>
         <value>0x8bcd</value>
         <object_component_ref idref="oc-20b"/>
      </symbol>
      <symbol id="sm-774">
         <name>__aeabi_i2d</name>
         <value>0x8d05</value>
         <object_component_ref idref="oc-1ab"/>
      </symbol>
      <symbol id="sm-78f">
         <name>memcpy</name>
         <value>0x851b</value>
         <object_component_ref idref="oc-47"/>
      </symbol>
      <symbol id="sm-790">
         <name>__aeabi_memcpy</name>
         <value>0x851b</value>
         <object_component_ref idref="oc-47"/>
      </symbol>
      <symbol id="sm-791">
         <name>__aeabi_memcpy8</name>
         <value>0x851b</value>
         <object_component_ref idref="oc-47"/>
      </symbol>
      <symbol id="sm-792">
         <name>__aeabi_memcpy4</name>
         <value>0x851b</value>
         <object_component_ref idref="oc-47"/>
      </symbol>
      <symbol id="sm-79c">
         <name>__aeabi_ui2d</name>
         <value>0x8d81</value>
         <object_component_ref idref="oc-206"/>
      </symbol>
      <symbol id="sm-7b3">
         <name>__TI_zero_init</name>
         <value>0x8e95</value>
         <object_component_ref idref="oc-59"/>
      </symbol>
      <symbol id="sm-7ca">
         <name>__TI_decompress_none</name>
         <value>0x8e87</value>
         <object_component_ref idref="oc-1b"/>
      </symbol>
      <symbol id="sm-7ed">
         <name>__TI_decompress_lzss</name>
         <value>0x892b</value>
         <object_component_ref idref="oc-15"/>
      </symbol>
      <symbol id="sm-7fa">
         <name>atof</name>
         <value>0x8e63</value>
         <object_component_ref idref="oc-19b"/>
      </symbol>
      <symbol id="sm-80a">
         <name>strcat</name>
         <value>0x8da1</value>
         <object_component_ref idref="oc-1eb"/>
      </symbol>
      <symbol id="sm-819">
         <name>strcmp</name>
         <value>0x8e0d</value>
         <object_component_ref idref="oc-195"/>
      </symbol>
      <symbol id="sm-827">
         <name>strcpy</name>
         <value>0x8e3b</value>
         <object_component_ref idref="oc-18f"/>
      </symbol>
      <symbol id="sm-835">
         <name>strlen</name>
         <value>0x8e4f</value>
         <object_component_ref idref="oc-23b"/>
      </symbol>
      <symbol id="sm-895">
         <name>strtold</name>
         <value>0x58e9</value>
         <object_component_ref idref="oc-29c"/>
      </symbol>
      <symbol id="sm-896">
         <name>strtod</name>
         <value>0x58e9</value>
         <object_component_ref idref="oc-29c"/>
      </symbol>
      <symbol id="sm-8ae">
         <name>strtok</name>
         <value>0x8c51</value>
         <object_component_ref idref="oc-189"/>
      </symbol>
      <symbol id="sm-914">
         <name>__kernel_rem_pio2</name>
         <value>0x408d</value>
         <object_component_ref idref="oc-2b4"/>
      </symbol>
      <symbol id="sm-92a">
         <name>__aeabi_errno_addr</name>
         <value>0x8eb9</value>
         <object_component_ref idref="oc-271"/>
      </symbol>
      <symbol id="sm-92b">
         <name>errno</name>
         <value>0x20001a84</value>
         <object_component_ref idref="oc-366"/>
      </symbol>
      <symbol id="sm-93e">
         <name>__stack</name>
         <value>0x20000000</value>
         <object_component_ref idref="oc-24"/>
      </symbol>
      <symbol id="sm-93f">
         <name>_c_int00_noargs</name>
         <value>0x8cd1</value>
         <object_component_ref idref="oc-65"/>
      </symbol>
      <symbol id="sm-aa4">
         <name>__TI_printfi</name>
         <value>0x2c6d</value>
         <object_component_ref idref="oc-165"/>
      </symbol>
      <symbol id="sm-aae">
         <name>copysign</name>
         <value>0x8ddb</value>
         <object_component_ref idref="oc-3b8"/>
      </symbol>
      <symbol id="sm-aaf">
         <name>copysignl</name>
         <value>0x8ddb</value>
         <object_component_ref idref="oc-3b8"/>
      </symbol>
      <symbol id="sm-ac5">
         <name>__kernel_cos</name>
         <value>0x7715</value>
         <object_component_ref idref="oc-2ba"/>
      </symbol>
      <symbol id="sm-adc">
         <name>__kernel_sin</name>
         <value>0x75a1</value>
         <object_component_ref idref="oc-2ae"/>
      </symbol>
      <symbol id="sm-af9">
         <name>floorl</name>
         <value>0x8371</value>
         <object_component_ref idref="oc-392"/>
      </symbol>
      <symbol id="sm-afa">
         <name>floor</name>
         <value>0x8371</value>
         <object_component_ref idref="oc-392"/>
      </symbol>
      <symbol id="sm-b10">
         <name>frexpl</name>
         <value>0x8995</value>
         <object_component_ref idref="oc-350"/>
      </symbol>
      <symbol id="sm-b11">
         <name>frexp</name>
         <value>0x8995</value>
         <object_component_ref idref="oc-350"/>
      </symbol>
      <symbol id="sm-b2a">
         <name>wcslen</name>
         <value>0x8e75</value>
         <object_component_ref idref="oc-26b"/>
      </symbol>
      <symbol id="sm-b37">
         <name>__aeabi_uldivmod</name>
         <value>0x85b7</value>
         <object_component_ref idref="oc-329"/>
      </symbol>
      <symbol id="sm-b46">
         <name>__aeabi_memset</name>
         <value>0x87d7</value>
         <object_component_ref idref="oc-aa"/>
      </symbol>
      <symbol id="sm-b47">
         <name>memset</name>
         <value>0x87dd</value>
         <object_component_ref idref="oc-aa"/>
      </symbol>
      <symbol id="sm-b48">
         <name>__aeabi_memset8</name>
         <value>0x87d7</value>
         <object_component_ref idref="oc-aa"/>
      </symbol>
      <symbol id="sm-b49">
         <name>__aeabi_memset4</name>
         <value>0x87d7</value>
         <object_component_ref idref="oc-aa"/>
      </symbol>
      <symbol id="sm-b4a">
         <name>__aeabi_memclr8</name>
         <value>0x87d5</value>
         <object_component_ref idref="oc-aa"/>
      </symbol>
      <symbol id="sm-b4b">
         <name>__aeabi_memclr4</name>
         <value>0x87d5</value>
         <object_component_ref idref="oc-aa"/>
      </symbol>
      <symbol id="sm-b4c">
         <name>__aeabi_memclr</name>
         <value>0x87d5</value>
         <object_component_ref idref="oc-aa"/>
      </symbol>
      <symbol id="sm-b74">
         <name>__TI_auto_init_nobinit_nopinit</name>
         <value>0x8b89</value>
         <object_component_ref idref="oc-133"/>
      </symbol>
      <symbol id="sm-b7e">
         <name>_system_pre_init</name>
         <value>0x8ec1</value>
         <object_component_ref idref="oc-b0"/>
      </symbol>
      <symbol id="sm-b8a">
         <name>C$$EXIT</name>
         <value>0x8ec5</value>
         <object_component_ref idref="oc-127"/>
      </symbol>
      <symbol id="sm-b8b">
         <name>abort</name>
         <value>0x8ec5</value>
         <object_component_ref idref="oc-127"/>
      </symbol>
      <symbol id="sm-b9b">
         <name>__TI_ltoa</name>
         <value>0x8a4f</value>
         <object_component_ref idref="oc-32f"/>
      </symbol>
      <symbol id="sm-bb2">
         <name>atoi</name>
         <value>0x8af5</value>
         <object_component_ref idref="oc-241"/>
      </symbol>
      <symbol id="sm-bbd">
         <name>_ctypes_</name>
         <value>0x9020</value>
         <object_component_ref idref="oc-324"/>
      </symbol>
      <symbol id="sm-bcd">
         <name>memccpy</name>
         <value>0x8dbf</value>
         <object_component_ref idref="oc-265"/>
      </symbol>
      <symbol id="sm-bdd">
         <name>strchr</name>
         <value>0x8e25</value>
         <object_component_ref idref="oc-356"/>
      </symbol>
      <symbol id="sm-bee">
         <name>strcspn</name>
         <value>0x8d5d</value>
         <object_component_ref idref="oc-28d"/>
      </symbol>
      <symbol id="sm-c00">
         <name>strspn</name>
         <value>0x8d33</value>
         <object_component_ref idref="oc-287"/>
      </symbol>
      <symbol id="sm-c0a">
         <name>__aeabi_idiv0</name>
         <value>0x36bb</value>
         <object_component_ref idref="oc-3e9"/>
      </symbol>
      <symbol id="sm-c0b">
         <name>__aeabi_ldiv0</name>
         <value>0x36bb</value>
         <object_component_ref idref="oc-3e9"/>
      </symbol>
      <symbol id="sm-c0c">
         <name>__TI_static_base__</name>
         <value>0x0</value>
      </symbol>
      <symbol id="sm-c0f">
         <name>__mpu_init</name>
         <value>0x0</value>
      </symbol>
      <symbol id="sm-c10">
         <name>_system_post_cinit</name>
         <value>0x0</value>
      </symbol>
   </symbol_table>
   <title>Link successful</title>
</link_info>
