******************************************************************************
                  TI ARM Linker PC v20.2.5                     
******************************************************************************
>> Linked Sun Jun  6 17:47:04 2021

OUTPUT FILE NAME:   <Fisrt Delivery.out>
ENTRY POINT SYMBOL: "_c_int00_noargs"  address: 00006ff1


MEMORY CONFIGURATION

         name            origin    length      used     unused   attr    fill
----------------------  --------  ---------  --------  --------  ----  --------
  FLASH                 00000000   00040000  00007628  000389d8  R  X
  SRAM                  20000000   00008000  00001001  00006fff  RW X


SEGMENT ALLOCATION MAP

run origin  load origin   length   init length attrs members
----------  ----------- ---------- ----------- ----- -------
00000000    00000000    00007628   00007628    r-x
  00000000    00000000    0000026c   0000026c    r-- .intvecs
  0000026c    0000026c    00006f8c   00006f8c    r-x .text
  000071f8    000071f8    00000400   00000400    r-- .const
  000075f8    000075f8    00000030   00000030    r-- .cinit
20000000    20000000    00001005   00000000    rw-
  20000000    20000000    00000fa0   00000000    rw- .stack
  20000fa0    20000fa0    00000044   00000000    rw- .bss
  20000fe8    20000fe8    0000001d   00000000    rw- .data


SECTION ALLOCATION MAP

 output                                  attributes/
section   page    origin      length       input sections
--------  ----  ----------  ----------   ----------------
.intvecs   0    00000000    0000026c     
                  00000000    0000026c     tm4c123gh6pm_startup_ccs.obj (.intvecs)

.text      0    0000026c    00006f8c     
                  0000026c    00000ce4     gps.obj (.text)
                  00000f50    00000c44     uart.obj (.text)
                  00001b94    00000a4e     rtsv7M4_T_le_v4SPD16_eabi.lib : _printfi.c.obj (.text:__TI_printfi)
                  000025e2    00000002                                   : div0.asm.obj (.text)
                  000025e4    000009d0                                   : e_pow.c.obj (.text:pow)
                  00002fb4    00000738                                   : k_rem_pio2.c.obj (.text:__kernel_rem_pio2)
                  000036ec    000005e0                                   : s_sin.c.obj (.text:sin)
                  00003ccc    000005dc                                   : s_cos.c.obj (.text:cos)
                  000042a8    00000460                                   : strtod.c.obj (.text:strtod)
                  00004708    000003d4                                   : e_asin.c.obj (.text:asin)
                  00004adc    000003c4     lcd.obj (.text)
                  00004ea0    000002ec     rtsv7M4_T_le_v4SPD16_eabi.lib : s_atan.c.obj (.text:atan)
                  0000518c    00000270                                   : _printfi.c.obj (.text:_pconv_a)
                  000053fc    000001e4                                   : e_atan2.c.obj (.text:atan2)
                  000055e0    000001d0                                   : _printfi.c.obj (.text:_pconv_g)
                  000057b0    000001b6                                   : fd_add_t2.asm.obj (.text)
                  00005966    00000002     --HOLE-- [fill = 0]
                  00005968    00000174                                   : k_sin.c.obj (.text:__kernel_sin)
                  00005adc    00000170                                   : k_cos.c.obj (.text:__kernel_cos)
                  00005c4c    00000168     gpio.obj (.text)
                  00005db4    00000158     rtsv7M4_T_le_v4SPD16_eabi.lib : e_sqrt.c.obj (.text:sqrt)
                  00005f0c    0000013c                                   : _printfi.c.obj (.text:_pconv_e)
                  00006048    00000138     systick.obj (.text)
                  00006180    00000136     rtsv7M4_T_le_v4SPD16_eabi.lib : fd_div_t2.asm.obj (.text)
                  000062b6    00000002     --HOLE-- [fill = 0]
                  000062b8    00000124                                   : _printfi.c.obj (.text:fcvt)
                  000063dc    00000110                                   : s_scalbn.c.obj (.text:scalbn)
                  000064ec    000000fc                                   : fd_mul_t2.asm.obj (.text)
                  000065e8    000000f8                                   : s_floor.c.obj (.text:floor)
                  000066e0    000000b1                                   : _printfi.c.obj (.text:_ltostr)
                  00006791    00000003     --HOLE-- [fill = 0]
                  00006794    000000a4     main.obj (.text)
                  00006838    0000009c     rtsv7M4_T_le_v4SPD16_eabi.lib : memcpy_t2.asm.obj (.text)
                  000068d4    00000096                                   : ull_div_t2.asm.obj (.text)
                  0000696a    00000086                                   : fd_cmp_t2.asm.obj (.text:__aeabi_cdcmple)
                  000069f0    00000086                                   : fd_cmp_t2.asm.obj (.text:__aeabi_cdrcmple)
                  00006a76    00000002     --HOLE-- [fill = 0]
                  00006a78    0000007c     PLL.obj (.text)
                  00006af4    0000007a     rtsv7M4_T_le_v4SPD16_eabi.lib : memset_t2.asm.obj (.text)
                  00006b6e    0000006e                                   : _printfi.c.obj (.text:_mcpy)
                  00006bdc    0000006e                                   : fd_tos_t2.asm.obj (.text)
                  00006c4a    00000068                                   : copy_decompress_lzss.c.obj (.text:decompress:lzss:__TI_decompress_lzss)
                  00006cb2    00000002     --HOLE-- [fill = 0]
                  00006cb4    00000064                                   : s_frexp.c.obj (.text:frexp)
                  00006d18    00000056                                   : _printfi.c.obj (.text:_pconv_f)
                  00006d6e    00000054                                   : _ltoa.c.obj (.text:__TI_ltoa)
                  00006dc2    00000052                                   : _printfi.c.obj (.text:_ecpy)
                  00006e14    0000004c                                   : atoi.c.obj (.text:atoi)
                  00006e60    00000048                                   : fd_toi_t2.asm.obj (.text)
                  00006ea8    00000044                                   : autoinit.c.obj (.text:__TI_auto_init_nobinit_nopinit:__TI_auto_init_nobinit_nopinit)
                  00006eec    00000044                                   : fd_tou_t2.asm.obj (.text)
                  00006f30    00000040                                   : sprintf.c.obj (.text:sprintf)
                  00006f70    00000040                                   : strtok.c.obj (.text:strtok)
                  00006fb0    0000003e                                   : _printfi.c.obj (.text:_fcpy)
                  00006fee    00000002     --HOLE-- [fill = 0]
                  00006ff0    00000034                                   : boot_cortex_m.c.obj (.text:_c_int00_noargs:_c_int00_noargs)
                  00007024    0000002e                                   : i_tofd_t2.asm.obj (.text)
                  00007052    0000002a                                   : strspn.c.obj (.text:strspn)
                  0000707c    00000024                                   : strcspn.c.obj (.text:strcspn)
                  000070a0    00000020                                   : u_tofd_t2.asm.obj (.text)
                  000070c0    0000001e                                   : strcat.c.obj (.text:strcat)
                  000070de    0000001c                                   : copy_zero_init.c.obj (.text:decompress:ZI:__TI_zero_init_nomemset:__TI_zero_init_nomemset)
                  000070fa    0000001c                                   : memccpy.c.obj (.text:memccpy)
                  00007116    0000001a                                   : s_copysign.c.obj (.text:copysign)
                  00007130    00000018                                   : sprintf.c.obj (.text:_outs)
                  00007148    00000018                                   : strcmp.c.obj (.text:strcmp)
                  00007160    00000016                                   : strchr.c.obj (.text:strchr)
                  00007176    00000014                                   : strcpy.c.obj (.text:strcpy)
                  0000718a    00000014                                   : strlen.c.obj (.text:strlen)
                  0000719e    00000012                                   : atof.c.obj (.text:atof)
                  000071b0    00000012                                   : wcslen.c.obj (.text:wcslen)
                  000071c2    0000000e                                   : copy_decompress_none.c.obj (.text:decompress:none:__TI_decompress_none)
                  000071d0    0000000c     tm4c123gh6pm_startup_ccs.obj (.text)
                  000071dc    0000000a     rtsv7M4_T_le_v4SPD16_eabi.lib : sprintf.c.obj (.text:_outc)
                  000071e6    00000002     --HOLE-- [fill = 0]
                  000071e8    00000008                                   : errno.c.obj (.text:__aeabi_errno_addr)
                  000071f0    00000004                                   : pre_init.c.obj (.text:_system_pre_init)
                  000071f4    00000004                                   : exit.c.obj (.text:abort:abort)

.const     0    000071f8    00000400     
                  000071f8    00000158     rtsv7M4_T_le_v4SPD16_eabi.lib : k_rem_pio2.c.obj (.const:$O1$$)
                  00007350    00000101                                   : ctype.c.obj (.const:.string:_ctypes_)
                  00007451    00000007     --HOLE-- [fill = 0]
                  00007458    000000c8                                   : strtod.c.obj (.const:$O1$$)
                  00007520    00000098                                   : s_atan.c.obj (.const:$O1$$)
                  000075b8    00000030                                   : e_pow.c.obj (.const:$O1$$)
                  000075e8    00000008     main.obj (.const:$P$T0$1)
                  000075f0    00000008     main.obj (.const:$P$T1$2)

.cinit     0    000075f8    00000030     
                  000075f8    0000000c     (__TI_handler_table)
                  00007604    00000004     --HOLE-- [fill = 0]
                  00007608    00000008     (.cinit..bss.load) [load image, compression = zero_init]
                  00007610    00000008     (.cinit..data.load) [load image, compression = lzss]
                  00007618    00000010     (__TI_cinit_table)

.init_array 
*          0    00000000    00000000     UNINITIALIZED

.bss       0    20000fa0    00000044     UNINITIALIZED
                  20000fa0    00000020     gps.obj (.bss:arr)
                  20000fc0    0000000c     (.common:AltitudeResult)
                  20000fcc    0000000c     (.common:latitudeResult)
                  20000fd8    0000000c     (.common:longitudeResult)

.data      0    20000fe8    0000001d     UNINITIALIZED
                  20000fe8    00000010     gps.obj (.data)
                  20000ff8    00000004     rtsv7M4_T_le_v4SPD16_eabi.lib : errno.c.obj (.data)
                  20000ffc    00000004                                   : strtok.c.obj (.data)
                  20001000    00000004     systick.obj (.data)
                  20001004    00000001     gpio.obj (.data)

.stack     0    20000000    00000fa0     UNINITIALIZED
                  20000000    00000004     rtsv7M4_T_le_v4SPD16_eabi.lib : boot_cortex_m.c.obj (.stack)
                  20000004    00000f9c     --HOLE--

__llvm_prf_cnts 
*          0    20000000    00000000     UNINITIALIZED

MODULE SUMMARY

       Module                         code    ro data   rw data
       ------                         ----    -------   -------
    .\
       gps.obj                        3300    0         84     
       uart.obj                       3140    0         0      
       lcd.obj                        964     0         0      
       tm4c123gh6pm_startup_ccs.obj   12      620       0      
       gpio.obj                       360     0         1      
       systick.obj                    312     0         4      
       main.obj                       164     16        0      
       PLL.obj                        124     0         0      
    +--+------------------------------+-------+---------+---------+
       Total:                         8376    636       89     
                                                               
    C:\ti\ccs1031\ccs\tools\compiler\ti-cgt-arm_20.2.5.LTS\lib\rtsv7M4_T_le_v4SPD16_eabi.lib
       _printfi.c.obj                 4851    0         0      
       e_pow.c.obj                    2512    48        0      
       k_rem_pio2.c.obj               1848    344       0      
       s_sin.c.obj                    1504    0         0      
       s_cos.c.obj                    1500    0         0      
       strtod.c.obj                   1120    200       0      
       e_asin.c.obj                   980     0         0      
       s_atan.c.obj                   748     152       0      
       e_atan2.c.obj                  484     0         0      
       fd_add_t2.asm.obj              438     0         0      
       k_sin.c.obj                    372     0         0      
       k_cos.c.obj                    368     0         0      
       e_sqrt.c.obj                   344     0         0      
       fd_div_t2.asm.obj              310     0         0      
       s_scalbn.c.obj                 272     0         0      
       fd_cmp_t2.asm.obj              268     0         0      
       ctype.c.obj                    0       257       0      
       fd_mul_t2.asm.obj              252     0         0      
       s_floor.c.obj                  248     0         0      
       memcpy_t2.asm.obj              156     0         0      
       ull_div_t2.asm.obj             150     0         0      
       memset_t2.asm.obj              122     0         0      
       fd_tos_t2.asm.obj              110     0         0      
       copy_decompress_lzss.c.obj     104     0         0      
       s_frexp.c.obj                  100     0         0      
       sprintf.c.obj                  98      0         0      
       _ltoa.c.obj                    84      0         0      
       atoi.c.obj                     76      0         0      
       fd_toi_t2.asm.obj              72      0         0      
       autoinit.c.obj                 68      0         0      
       fd_tou_t2.asm.obj              68      0         0      
       strtok.c.obj                   64      0         4      
       boot_cortex_m.c.obj            52      0         0      
       i_tofd_t2.asm.obj              46      0         0      
       strspn.c.obj                   42      0         0      
       strcspn.c.obj                  36      0         0      
       u_tofd_t2.asm.obj              32      0         0      
       strcat.c.obj                   30      0         0      
       copy_zero_init.c.obj           28      0         0      
       memccpy.c.obj                  28      0         0      
       s_copysign.c.obj               26      0         0      
       strcmp.c.obj                   24      0         0      
       strchr.c.obj                   22      0         0      
       strcpy.c.obj                   20      0         0      
       strlen.c.obj                   20      0         0      
       atof.c.obj                     18      0         0      
       wcslen.c.obj                   18      0         0      
       copy_decompress_none.c.obj     14      0         0      
       errno.c.obj                    8       0         4      
       exit.c.obj                     4       0         0      
       pre_init.c.obj                 4       0         0      
       div0.asm.obj                   2       0         0      
    +--+------------------------------+-------+---------+---------+
       Total:                         20165   1001      8      
                                                               
       Stack:                         0       0         4000   
       Linker Generated:              0       44        0      
    +--+------------------------------+-------+---------+---------+
       Grand Total:                   28541   1681      4097   


LINKER GENERATED COPY TABLES

__TI_cinit_table @ 00007618 records: 2, size/record: 8, table size: 16
	.bss: load addr=00007608, load size=00000008 bytes, run addr=20000fa0, run size=00000044 bytes, compression=zero_init
	.data: load addr=00007610, load size=00000008 bytes, run addr=20000fe8, run size=0000001d bytes, compression=lzss


LINKER GENERATED HANDLER TABLE

__TI_handler_table @ 000075f8 records: 3, size/record: 4, table size: 12
	index: 0, handler: __TI_decompress_lzss
	index: 1, handler: __TI_decompress_none
	index: 2, handler: __TI_zero_init


GLOBAL SYMBOLS: SORTED ALPHABETICALLY BY Name 

address   name                          
-------   ----                          
20000fc0  AltitudeResult                
000071f5  C$$EXIT                       
00005d51  GPIOF_Handler                 
00005c4d  GPIOF_Init                    
00004bef  LCD_clearScreen               
00004bf9  LCD_displayCharacter          
00004c87  LCD_displayString             
00004cb7  LCD_goToRowColumn             
00004add  LCD_init                      
00004d15  LCD_intgerToString            
00004b61  LCD_sendCommand               
00005ca9  Led_off                       
00005c9d  Led_on                        
00006a79  PLL_Init                      
000071d1  ResetISR                      
00005cb5  SW1_Int_Interrupt             
00006143  SysTick_Handler               
00006049  SysTick_Init                  
00006153  Systick_setCallBack           
00000f51  UART_init                     
00001ad9  UART_receiveString            
000019ad  UART_recieveByte              
000018ad  UART_sendByte                 
00001aa5  UART_sendString               
20000fa0  __STACK_END                   
00000fa0  __STACK_SIZE                  
20000fa0  __STACK_TOP                   
00007618  __TI_CINIT_Base               
00007628  __TI_CINIT_Limit              
000075f8  __TI_Handler_Table_Base       
00007604  __TI_Handler_Table_Limit      
00006ea9  __TI_auto_init_nobinit_nopinit
00006c4b  __TI_decompress_lzss          
000071c3  __TI_decompress_none          
00006d6f  __TI_ltoa                     
ffffffff  __TI_pprof_out_hndl           
00001b95  __TI_printfi                  
ffffffff  __TI_prof_data_size           
ffffffff  __TI_prof_data_start          
00000000  __TI_static_base__            
000070df  __TI_zero_init_nomemset       
0000696b  __aeabi_cdcmpeq               
0000696b  __aeabi_cdcmple               
000069f1  __aeabi_cdrcmple              
00006bdd  __aeabi_d2f                   
00006e61  __aeabi_d2iz                  
00006eed  __aeabi_d2uiz                 
000057bb  __aeabi_dadd                  
00006181  __aeabi_ddiv                  
000064ed  __aeabi_dmul                  
000057b1  __aeabi_dsub                  
000071e9  __aeabi_errno_addr            
00007025  __aeabi_i2d                   
000025e3  __aeabi_idiv0                 
000025e3  __aeabi_ldiv0                 
00006af5  __aeabi_memclr                
00006af5  __aeabi_memclr4               
00006af5  __aeabi_memclr8               
00006839  __aeabi_memcpy                
00006839  __aeabi_memcpy4               
00006839  __aeabi_memcpy8               
00006af7  __aeabi_memset                
00006af7  __aeabi_memset4               
00006af7  __aeabi_memset8               
000070a1  __aeabi_ui2d                  
000068d5  __aeabi_uldivmod              
ffffffff  __binit__                     
ffffffff  __c_args__                    
00005add  __kernel_cos                  
00002fb5  __kernel_rem_pio2             
00005969  __kernel_sin                  
UNDEFED   __mpu_init                    
20000000  __stack                       
20000000  __start___llvm_prf_cnts       
20000000  __stop___llvm_prf_cnts        
00006ff1  _c_int00_noargs               
00007350  _ctypes_                      
UNDEFED   _system_post_cinit            
000071f1  _system_pre_init              
000071f5  abort                         
00004709  asin                          
00004709  asinl                         
00004ea1  atan                          
000053fd  atan2                         
000053fd  atan2l                        
00004ea1  atanl                         
0000719f  atof                          
00006e15  atoi                          
ffffffff  binit                         
00007117  copysign                      
00007117  copysignl                     
00003ccd  cos                           
00003ccd  cosl                          
000060fd  delay_5ms                     
000060b7  delay_ms                      
00006063  delay_s                       
000008fd  dis                           
00000b1d  distance_g                    
20000ff8  errno                         
00000eb1  float_string                  
000065e9  floor                         
000065e9  floorl                        
00006cb5  frexp                         
00006cb5  frexpl                        
20001004  g_Interrupt_Flag              
00000000  g_pfnVectors                  
00000cd1  get_distance                  
00004d41  i_s                           
20000fcc  latitudeResult                
000063dd  ldexp                         
000063dd  ldexpl                        
20000fd8  longitudeResult               
00006795  main                          
000070fb  memccpy                       
00006839  memcpy                        
00006afd  memset                        
000025e5  pow                           
000025e5  powl                          
20000fe8  r_distance                    
0000026d  readGPSa                      
000005e9  readGPSs                      
000063dd  scalbn                        
000063dd  scalbnl                       
000036ed  sin                           
000036ed  sinl                          
00006f31  sprintf                       
00005db5  sqrt                          
00005db5  sqrtl                         
000070c1  strcat                        
00007161  strchr                        
00007149  strcmp                        
00007177  strcpy                        
0000707d  strcspn                       
0000718b  strlen                        
00007053  strspn                        
000042a9  strtod                        
00006f71  strtok                        
000042a9  strtold                       
00000ad3  torad                         
00000e39  tostring                      
0000611f  wait_5ms                      
000060d9  wait_ms                       
00006093  wait_s                        
000071b1  wcslen                        


GLOBAL SYMBOLS: SORTED BY Symbol Address 

address   name                          
-------   ----                          
00000000  __TI_static_base__            
00000000  g_pfnVectors                  
0000026d  readGPSa                      
000005e9  readGPSs                      
000008fd  dis                           
00000ad3  torad                         
00000b1d  distance_g                    
00000cd1  get_distance                  
00000e39  tostring                      
00000eb1  float_string                  
00000f51  UART_init                     
00000fa0  __STACK_SIZE                  
000018ad  UART_sendByte                 
000019ad  UART_recieveByte              
00001aa5  UART_sendString               
00001ad9  UART_receiveString            
00001b95  __TI_printfi                  
000025e3  __aeabi_idiv0                 
000025e3  __aeabi_ldiv0                 
000025e5  pow                           
000025e5  powl                          
00002fb5  __kernel_rem_pio2             
000036ed  sin                           
000036ed  sinl                          
00003ccd  cos                           
00003ccd  cosl                          
000042a9  strtod                        
000042a9  strtold                       
00004709  asin                          
00004709  asinl                         
00004add  LCD_init                      
00004b61  LCD_sendCommand               
00004bef  LCD_clearScreen               
00004bf9  LCD_displayCharacter          
00004c87  LCD_displayString             
00004cb7  LCD_goToRowColumn             
00004d15  LCD_intgerToString            
00004d41  i_s                           
00004ea1  atan                          
00004ea1  atanl                         
000053fd  atan2                         
000053fd  atan2l                        
000057b1  __aeabi_dsub                  
000057bb  __aeabi_dadd                  
00005969  __kernel_sin                  
00005add  __kernel_cos                  
00005c4d  GPIOF_Init                    
00005c9d  Led_on                        
00005ca9  Led_off                       
00005cb5  SW1_Int_Interrupt             
00005d51  GPIOF_Handler                 
00005db5  sqrt                          
00005db5  sqrtl                         
00006049  SysTick_Init                  
00006063  delay_s                       
00006093  wait_s                        
000060b7  delay_ms                      
000060d9  wait_ms                       
000060fd  delay_5ms                     
0000611f  wait_5ms                      
00006143  SysTick_Handler               
00006153  Systick_setCallBack           
00006181  __aeabi_ddiv                  
000063dd  ldexp                         
000063dd  ldexpl                        
000063dd  scalbn                        
000063dd  scalbnl                       
000064ed  __aeabi_dmul                  
000065e9  floor                         
000065e9  floorl                        
00006795  main                          
00006839  __aeabi_memcpy                
00006839  __aeabi_memcpy4               
00006839  __aeabi_memcpy8               
00006839  memcpy                        
000068d5  __aeabi_uldivmod              
0000696b  __aeabi_cdcmpeq               
0000696b  __aeabi_cdcmple               
000069f1  __aeabi_cdrcmple              
00006a79  PLL_Init                      
00006af5  __aeabi_memclr                
00006af5  __aeabi_memclr4               
00006af5  __aeabi_memclr8               
00006af7  __aeabi_memset                
00006af7  __aeabi_memset4               
00006af7  __aeabi_memset8               
00006afd  memset                        
00006bdd  __aeabi_d2f                   
00006c4b  __TI_decompress_lzss          
00006cb5  frexp                         
00006cb5  frexpl                        
00006d6f  __TI_ltoa                     
00006e15  atoi                          
00006e61  __aeabi_d2iz                  
00006ea9  __TI_auto_init_nobinit_nopinit
00006eed  __aeabi_d2uiz                 
00006f31  sprintf                       
00006f71  strtok                        
00006ff1  _c_int00_noargs               
00007025  __aeabi_i2d                   
00007053  strspn                        
0000707d  strcspn                       
000070a1  __aeabi_ui2d                  
000070c1  strcat                        
000070df  __TI_zero_init_nomemset       
000070fb  memccpy                       
00007117  copysign                      
00007117  copysignl                     
00007149  strcmp                        
00007161  strchr                        
00007177  strcpy                        
0000718b  strlen                        
0000719f  atof                          
000071b1  wcslen                        
000071c3  __TI_decompress_none          
000071d1  ResetISR                      
000071e9  __aeabi_errno_addr            
000071f1  _system_pre_init              
000071f5  C$$EXIT                       
000071f5  abort                         
00007350  _ctypes_                      
000075f8  __TI_Handler_Table_Base       
00007604  __TI_Handler_Table_Limit      
00007618  __TI_CINIT_Base               
00007628  __TI_CINIT_Limit              
20000000  __stack                       
20000000  __start___llvm_prf_cnts       
20000000  __stop___llvm_prf_cnts        
20000fa0  __STACK_END                   
20000fa0  __STACK_TOP                   
20000fc0  AltitudeResult                
20000fcc  latitudeResult                
20000fd8  longitudeResult               
20000fe8  r_distance                    
20000ff8  errno                         
20001004  g_Interrupt_Flag              
ffffffff  __TI_pprof_out_hndl           
ffffffff  __TI_prof_data_size           
ffffffff  __TI_prof_data_start          
ffffffff  __binit__                     
ffffffff  __c_args__                    
ffffffff  binit                         
UNDEFED   __mpu_init                    
UNDEFED   _system_post_cinit            

[144 symbols]
