<?xml version="1.0" encoding="ISO-8859-1" ?>
<link_info>
   <banner>TI ARM Linker PC v20.2.5.LTS</banner>
   <copyright>Copyright (c) 1996-2018 Texas Instruments Incorporated</copyright>
   <link_time>0x60bcedf8</link_time>
   <link_errors>0x0</link_errors>
   <output_file>Fisrt Delivery.out</output_file>
   <entry_point>
      <name>_c_int00_noargs</name>
      <address>0x6ff1</address>
   </entry_point>
   <input_file_list>
      <input_file id="fl-2">
         <path>.\</path>
         <kind>object</kind>
         <file>PLL.obj</file>
         <name>PLL.obj</name>
      </input_file>
      <input_file id="fl-3">
         <path>.\</path>
         <kind>object</kind>
         <file>gpio.obj</file>
         <name>gpio.obj</name>
      </input_file>
      <input_file id="fl-4">
         <path>.\</path>
         <kind>object</kind>
         <file>gps.obj</file>
         <name>gps.obj</name>
      </input_file>
      <input_file id="fl-5">
         <path>.\</path>
         <kind>object</kind>
         <file>lcd.obj</file>
         <name>lcd.obj</name>
      </input_file>
      <input_file id="fl-6">
         <path>.\</path>
         <kind>object</kind>
         <file>main.obj</file>
         <name>main.obj</name>
      </input_file>
      <input_file id="fl-7">
         <path>.\</path>
         <kind>object</kind>
         <file>systick.obj</file>
         <name>systick.obj</name>
      </input_file>
      <input_file id="fl-8">
         <path>.\</path>
         <kind>object</kind>
         <file>tm4c123gh6pm_startup_ccs.obj</file>
         <name>tm4c123gh6pm_startup_ccs.obj</name>
      </input_file>
      <input_file id="fl-9">
         <path>.\</path>
         <kind>object</kind>
         <file>uart.obj</file>
         <name>uart.obj</name>
      </input_file>
      <input_file id="fl-d">
         <kind>object</kind>
         <file>&lt;internal&gt;</file>
         <name>&lt;internal&gt;</name>
      </input_file>
      <input_file id="fl-c3">
         <path>C:\ti\ccs1031\ccs\tools\compiler\ti-cgt-arm_20.2.5.LTS\lib\</path>
         <kind>archive</kind>
         <file>rtsv7M4_T_le_v4SPD16_eabi.lib</file>
         <name>sprintf.c.obj</name>
      </input_file>
      <input_file id="fl-c4">
         <path>C:\ti\ccs1031\ccs\tools\compiler\ti-cgt-arm_20.2.5.LTS\lib\</path>
         <kind>archive</kind>
         <file>rtsv7M4_T_le_v4SPD16_eabi.lib</file>
         <name>e_asin.c.obj</name>
      </input_file>
      <input_file id="fl-c5">
         <path>C:\ti\ccs1031\ccs\tools\compiler\ti-cgt-arm_20.2.5.LTS\lib\</path>
         <kind>archive</kind>
         <file>rtsv7M4_T_le_v4SPD16_eabi.lib</file>
         <name>e_atan2.c.obj</name>
      </input_file>
      <input_file id="fl-c6">
         <path>C:\ti\ccs1031\ccs\tools\compiler\ti-cgt-arm_20.2.5.LTS\lib\</path>
         <kind>archive</kind>
         <file>rtsv7M4_T_le_v4SPD16_eabi.lib</file>
         <name>e_pow.c.obj</name>
      </input_file>
      <input_file id="fl-c7">
         <path>C:\ti\ccs1031\ccs\tools\compiler\ti-cgt-arm_20.2.5.LTS\lib\</path>
         <kind>archive</kind>
         <file>rtsv7M4_T_le_v4SPD16_eabi.lib</file>
         <name>e_sqrt.c.obj</name>
      </input_file>
      <input_file id="fl-c8">
         <path>C:\ti\ccs1031\ccs\tools\compiler\ti-cgt-arm_20.2.5.LTS\lib\</path>
         <kind>archive</kind>
         <file>rtsv7M4_T_le_v4SPD16_eabi.lib</file>
         <name>s_atan.c.obj</name>
      </input_file>
      <input_file id="fl-c9">
         <path>C:\ti\ccs1031\ccs\tools\compiler\ti-cgt-arm_20.2.5.LTS\lib\</path>
         <kind>archive</kind>
         <file>rtsv7M4_T_le_v4SPD16_eabi.lib</file>
         <name>s_cos.c.obj</name>
      </input_file>
      <input_file id="fl-ca">
         <path>C:\ti\ccs1031\ccs\tools\compiler\ti-cgt-arm_20.2.5.LTS\lib\</path>
         <kind>archive</kind>
         <file>rtsv7M4_T_le_v4SPD16_eabi.lib</file>
         <name>s_scalbn.c.obj</name>
      </input_file>
      <input_file id="fl-cb">
         <path>C:\ti\ccs1031\ccs\tools\compiler\ti-cgt-arm_20.2.5.LTS\lib\</path>
         <kind>archive</kind>
         <file>rtsv7M4_T_le_v4SPD16_eabi.lib</file>
         <name>s_sin.c.obj</name>
      </input_file>
      <input_file id="fl-cc">
         <path>C:\ti\ccs1031\ccs\tools\compiler\ti-cgt-arm_20.2.5.LTS\lib\</path>
         <kind>archive</kind>
         <file>rtsv7M4_T_le_v4SPD16_eabi.lib</file>
         <name>fd_add_t2.asm.obj</name>
      </input_file>
      <input_file id="fl-cd">
         <path>C:\ti\ccs1031\ccs\tools\compiler\ti-cgt-arm_20.2.5.LTS\lib\</path>
         <kind>archive</kind>
         <file>rtsv7M4_T_le_v4SPD16_eabi.lib</file>
         <name>fd_cmp_t2.asm.obj</name>
      </input_file>
      <input_file id="fl-ce">
         <path>C:\ti\ccs1031\ccs\tools\compiler\ti-cgt-arm_20.2.5.LTS\lib\</path>
         <kind>archive</kind>
         <file>rtsv7M4_T_le_v4SPD16_eabi.lib</file>
         <name>fd_div_t2.asm.obj</name>
      </input_file>
      <input_file id="fl-cf">
         <path>C:\ti\ccs1031\ccs\tools\compiler\ti-cgt-arm_20.2.5.LTS\lib\</path>
         <kind>archive</kind>
         <file>rtsv7M4_T_le_v4SPD16_eabi.lib</file>
         <name>fd_mul_t2.asm.obj</name>
      </input_file>
      <input_file id="fl-d0">
         <path>C:\ti\ccs1031\ccs\tools\compiler\ti-cgt-arm_20.2.5.LTS\lib\</path>
         <kind>archive</kind>
         <file>rtsv7M4_T_le_v4SPD16_eabi.lib</file>
         <name>fd_toi_t2.asm.obj</name>
      </input_file>
      <input_file id="fl-d1">
         <path>C:\ti\ccs1031\ccs\tools\compiler\ti-cgt-arm_20.2.5.LTS\lib\</path>
         <kind>archive</kind>
         <file>rtsv7M4_T_le_v4SPD16_eabi.lib</file>
         <name>fd_tos_t2.asm.obj</name>
      </input_file>
      <input_file id="fl-d2">
         <path>C:\ti\ccs1031\ccs\tools\compiler\ti-cgt-arm_20.2.5.LTS\lib\</path>
         <kind>archive</kind>
         <file>rtsv7M4_T_le_v4SPD16_eabi.lib</file>
         <name>fd_tou_t2.asm.obj</name>
      </input_file>
      <input_file id="fl-d3">
         <path>C:\ti\ccs1031\ccs\tools\compiler\ti-cgt-arm_20.2.5.LTS\lib\</path>
         <kind>archive</kind>
         <file>rtsv7M4_T_le_v4SPD16_eabi.lib</file>
         <name>i_tofd_t2.asm.obj</name>
      </input_file>
      <input_file id="fl-d4">
         <path>C:\ti\ccs1031\ccs\tools\compiler\ti-cgt-arm_20.2.5.LTS\lib\</path>
         <kind>archive</kind>
         <file>rtsv7M4_T_le_v4SPD16_eabi.lib</file>
         <name>memcpy_t2.asm.obj</name>
      </input_file>
      <input_file id="fl-d5">
         <path>C:\ti\ccs1031\ccs\tools\compiler\ti-cgt-arm_20.2.5.LTS\lib\</path>
         <kind>archive</kind>
         <file>rtsv7M4_T_le_v4SPD16_eabi.lib</file>
         <name>u_tofd_t2.asm.obj</name>
      </input_file>
      <input_file id="fl-d6">
         <path>C:\ti\ccs1031\ccs\tools\compiler\ti-cgt-arm_20.2.5.LTS\lib\</path>
         <kind>archive</kind>
         <file>rtsv7M4_T_le_v4SPD16_eabi.lib</file>
         <name>copy_zero_init.c.obj</name>
      </input_file>
      <input_file id="fl-d7">
         <path>C:\ti\ccs1031\ccs\tools\compiler\ti-cgt-arm_20.2.5.LTS\lib\</path>
         <kind>archive</kind>
         <file>rtsv7M4_T_le_v4SPD16_eabi.lib</file>
         <name>copy_decompress_none.c.obj</name>
      </input_file>
      <input_file id="fl-d8">
         <path>C:\ti\ccs1031\ccs\tools\compiler\ti-cgt-arm_20.2.5.LTS\lib\</path>
         <kind>archive</kind>
         <file>rtsv7M4_T_le_v4SPD16_eabi.lib</file>
         <name>copy_decompress_lzss.c.obj</name>
      </input_file>
      <input_file id="fl-d9">
         <path>C:\ti\ccs1031\ccs\tools\compiler\ti-cgt-arm_20.2.5.LTS\lib\</path>
         <kind>archive</kind>
         <file>rtsv7M4_T_le_v4SPD16_eabi.lib</file>
         <name>atof.c.obj</name>
      </input_file>
      <input_file id="fl-da">
         <path>C:\ti\ccs1031\ccs\tools\compiler\ti-cgt-arm_20.2.5.LTS\lib\</path>
         <kind>archive</kind>
         <file>rtsv7M4_T_le_v4SPD16_eabi.lib</file>
         <name>strcat.c.obj</name>
      </input_file>
      <input_file id="fl-db">
         <path>C:\ti\ccs1031\ccs\tools\compiler\ti-cgt-arm_20.2.5.LTS\lib\</path>
         <kind>archive</kind>
         <file>rtsv7M4_T_le_v4SPD16_eabi.lib</file>
         <name>strcmp.c.obj</name>
      </input_file>
      <input_file id="fl-dc">
         <path>C:\ti\ccs1031\ccs\tools\compiler\ti-cgt-arm_20.2.5.LTS\lib\</path>
         <kind>archive</kind>
         <file>rtsv7M4_T_le_v4SPD16_eabi.lib</file>
         <name>strcpy.c.obj</name>
      </input_file>
      <input_file id="fl-dd">
         <path>C:\ti\ccs1031\ccs\tools\compiler\ti-cgt-arm_20.2.5.LTS\lib\</path>
         <kind>archive</kind>
         <file>rtsv7M4_T_le_v4SPD16_eabi.lib</file>
         <name>strtod.c.obj</name>
      </input_file>
      <input_file id="fl-de">
         <path>C:\ti\ccs1031\ccs\tools\compiler\ti-cgt-arm_20.2.5.LTS\lib\</path>
         <kind>archive</kind>
         <file>rtsv7M4_T_le_v4SPD16_eabi.lib</file>
         <name>strtok.c.obj</name>
      </input_file>
      <input_file id="fl-df">
         <path>C:\ti\ccs1031\ccs\tools\compiler\ti-cgt-arm_20.2.5.LTS\lib\</path>
         <kind>archive</kind>
         <file>rtsv7M4_T_le_v4SPD16_eabi.lib</file>
         <name>k_rem_pio2.c.obj</name>
      </input_file>
      <input_file id="fl-e0">
         <path>C:\ti\ccs1031\ccs\tools\compiler\ti-cgt-arm_20.2.5.LTS\lib\</path>
         <kind>archive</kind>
         <file>rtsv7M4_T_le_v4SPD16_eabi.lib</file>
         <name>errno.c.obj</name>
      </input_file>
      <input_file id="fl-e1">
         <path>C:\ti\ccs1031\ccs\tools\compiler\ti-cgt-arm_20.2.5.LTS\lib\</path>
         <kind>archive</kind>
         <file>rtsv7M4_T_le_v4SPD16_eabi.lib</file>
         <name>boot_cortex_m.c.obj</name>
      </input_file>
      <input_file id="fl-e2">
         <path>C:\ti\ccs1031\ccs\tools\compiler\ti-cgt-arm_20.2.5.LTS\lib\</path>
         <kind>archive</kind>
         <file>rtsv7M4_T_le_v4SPD16_eabi.lib</file>
         <name>_printfi.c.obj</name>
      </input_file>
      <input_file id="fl-e3">
         <path>C:\ti\ccs1031\ccs\tools\compiler\ti-cgt-arm_20.2.5.LTS\lib\</path>
         <kind>archive</kind>
         <file>rtsv7M4_T_le_v4SPD16_eabi.lib</file>
         <name>s_copysign.c.obj</name>
      </input_file>
      <input_file id="fl-e4">
         <path>C:\ti\ccs1031\ccs\tools\compiler\ti-cgt-arm_20.2.5.LTS\lib\</path>
         <kind>archive</kind>
         <file>rtsv7M4_T_le_v4SPD16_eabi.lib</file>
         <name>k_cos.c.obj</name>
      </input_file>
      <input_file id="fl-e5">
         <path>C:\ti\ccs1031\ccs\tools\compiler\ti-cgt-arm_20.2.5.LTS\lib\</path>
         <kind>archive</kind>
         <file>rtsv7M4_T_le_v4SPD16_eabi.lib</file>
         <name>k_sin.c.obj</name>
      </input_file>
      <input_file id="fl-e6">
         <path>C:\ti\ccs1031\ccs\tools\compiler\ti-cgt-arm_20.2.5.LTS\lib\</path>
         <kind>archive</kind>
         <file>rtsv7M4_T_le_v4SPD16_eabi.lib</file>
         <name>s_floor.c.obj</name>
      </input_file>
      <input_file id="fl-e7">
         <path>C:\ti\ccs1031\ccs\tools\compiler\ti-cgt-arm_20.2.5.LTS\lib\</path>
         <kind>archive</kind>
         <file>rtsv7M4_T_le_v4SPD16_eabi.lib</file>
         <name>s_frexp.c.obj</name>
      </input_file>
      <input_file id="fl-e8">
         <path>C:\ti\ccs1031\ccs\tools\compiler\ti-cgt-arm_20.2.5.LTS\lib\</path>
         <kind>archive</kind>
         <file>rtsv7M4_T_le_v4SPD16_eabi.lib</file>
         <name>wcslen.c.obj</name>
      </input_file>
      <input_file id="fl-e9">
         <path>C:\ti\ccs1031\ccs\tools\compiler\ti-cgt-arm_20.2.5.LTS\lib\</path>
         <kind>archive</kind>
         <file>rtsv7M4_T_le_v4SPD16_eabi.lib</file>
         <name>ull_div_t2.asm.obj</name>
      </input_file>
      <input_file id="fl-ea">
         <path>C:\ti\ccs1031\ccs\tools\compiler\ti-cgt-arm_20.2.5.LTS\lib\</path>
         <kind>archive</kind>
         <file>rtsv7M4_T_le_v4SPD16_eabi.lib</file>
         <name>memset_t2.asm.obj</name>
      </input_file>
      <input_file id="fl-eb">
         <path>C:\ti\ccs1031\ccs\tools\compiler\ti-cgt-arm_20.2.5.LTS\lib\</path>
         <kind>archive</kind>
         <file>rtsv7M4_T_le_v4SPD16_eabi.lib</file>
         <name>autoinit.c.obj</name>
      </input_file>
      <input_file id="fl-ec">
         <path>C:\ti\ccs1031\ccs\tools\compiler\ti-cgt-arm_20.2.5.LTS\lib\</path>
         <kind>archive</kind>
         <file>rtsv7M4_T_le_v4SPD16_eabi.lib</file>
         <name>pre_init.c.obj</name>
      </input_file>
      <input_file id="fl-ed">
         <path>C:\ti\ccs1031\ccs\tools\compiler\ti-cgt-arm_20.2.5.LTS\lib\</path>
         <kind>archive</kind>
         <file>rtsv7M4_T_le_v4SPD16_eabi.lib</file>
         <name>cpy_tbl.c.obj</name>
      </input_file>
      <input_file id="fl-ee">
         <path>C:\ti\ccs1031\ccs\tools\compiler\ti-cgt-arm_20.2.5.LTS\lib\</path>
         <kind>archive</kind>
         <file>rtsv7M4_T_le_v4SPD16_eabi.lib</file>
         <name>exit.c.obj</name>
      </input_file>
      <input_file id="fl-ef">
         <path>C:\ti\ccs1031\ccs\tools\compiler\ti-cgt-arm_20.2.5.LTS\lib\</path>
         <kind>archive</kind>
         <file>rtsv7M4_T_le_v4SPD16_eabi.lib</file>
         <name>_lock.c.obj</name>
      </input_file>
      <input_file id="fl-f0">
         <path>C:\ti\ccs1031\ccs\tools\compiler\ti-cgt-arm_20.2.5.LTS\lib\</path>
         <kind>archive</kind>
         <file>rtsv7M4_T_le_v4SPD16_eabi.lib</file>
         <name>_ltoa.c.obj</name>
      </input_file>
      <input_file id="fl-f1">
         <path>C:\ti\ccs1031\ccs\tools\compiler\ti-cgt-arm_20.2.5.LTS\lib\</path>
         <kind>archive</kind>
         <file>rtsv7M4_T_le_v4SPD16_eabi.lib</file>
         <name>args_main.c.obj</name>
      </input_file>
      <input_file id="fl-f2">
         <path>C:\ti\ccs1031\ccs\tools\compiler\ti-cgt-arm_20.2.5.LTS\lib\</path>
         <kind>archive</kind>
         <file>rtsv7M4_T_le_v4SPD16_eabi.lib</file>
         <name>atoi.c.obj</name>
      </input_file>
      <input_file id="fl-f3">
         <path>C:\ti\ccs1031\ccs\tools\compiler\ti-cgt-arm_20.2.5.LTS\lib\</path>
         <kind>archive</kind>
         <file>rtsv7M4_T_le_v4SPD16_eabi.lib</file>
         <name>ctype.c.obj</name>
      </input_file>
      <input_file id="fl-f4">
         <path>C:\ti\ccs1031\ccs\tools\compiler\ti-cgt-arm_20.2.5.LTS\lib\</path>
         <kind>archive</kind>
         <file>rtsv7M4_T_le_v4SPD16_eabi.lib</file>
         <name>memccpy.c.obj</name>
      </input_file>
      <input_file id="fl-f5">
         <path>C:\ti\ccs1031\ccs\tools\compiler\ti-cgt-arm_20.2.5.LTS\lib\</path>
         <kind>archive</kind>
         <file>rtsv7M4_T_le_v4SPD16_eabi.lib</file>
         <name>strchr.c.obj</name>
      </input_file>
      <input_file id="fl-f6">
         <path>C:\ti\ccs1031\ccs\tools\compiler\ti-cgt-arm_20.2.5.LTS\lib\</path>
         <kind>archive</kind>
         <file>rtsv7M4_T_le_v4SPD16_eabi.lib</file>
         <name>strcspn.c.obj</name>
      </input_file>
      <input_file id="fl-f7">
         <path>C:\ti\ccs1031\ccs\tools\compiler\ti-cgt-arm_20.2.5.LTS\lib\</path>
         <kind>archive</kind>
         <file>rtsv7M4_T_le_v4SPD16_eabi.lib</file>
         <name>strlen.c.obj</name>
      </input_file>
      <input_file id="fl-f8">
         <path>C:\ti\ccs1031\ccs\tools\compiler\ti-cgt-arm_20.2.5.LTS\lib\</path>
         <kind>archive</kind>
         <file>rtsv7M4_T_le_v4SPD16_eabi.lib</file>
         <name>strspn.c.obj</name>
      </input_file>
      <input_file id="fl-f9">
         <path>C:\ti\ccs1031\ccs\tools\compiler\ti-cgt-arm_20.2.5.LTS\lib\</path>
         <kind>archive</kind>
         <file>rtsv7M4_T_le_v4SPD16_eabi.lib</file>
         <name>div0.asm.obj</name>
      </input_file>
   </input_file_list>
   <object_component_list>
      <object_component id="oc-12">
         <name>.intvecs</name>
         <load_address>0x0</load_address>
         <run_address>0x0</run_address>
         <size>0x26c</size>
         <input_file_ref idref="fl-8"/>
      </object_component>
      <object_component id="oc-f1">
         <name>.text</name>
         <load_address>0x26c</load_address>
         <run_address>0x26c</run_address>
         <size>0xce4</size>
         <input_file_ref idref="fl-4"/>
      </object_component>
      <object_component id="oc-e5">
         <name>.text</name>
         <load_address>0xf50</load_address>
         <run_address>0xf50</run_address>
         <size>0xc44</size>
         <input_file_ref idref="fl-9"/>
      </object_component>
      <object_component id="oc-1f9">
         <name>.text:__TI_printfi</name>
         <load_address>0x1b94</load_address>
         <run_address>0x1b94</run_address>
         <size>0xa4e</size>
         <input_file_ref idref="fl-e2"/>
      </object_component>
      <object_component id="oc-3c4">
         <name>.text</name>
         <load_address>0x25e2</load_address>
         <run_address>0x25e2</run_address>
         <size>0x2</size>
         <input_file_ref idref="fl-f9"/>
      </object_component>
      <object_component id="oc-1b8">
         <name>.text:pow</name>
         <load_address>0x25e4</load_address>
         <run_address>0x25e4</run_address>
         <size>0x9d0</size>
         <input_file_ref idref="fl-c6"/>
      </object_component>
      <object_component id="oc-249">
         <name>.text:__kernel_rem_pio2</name>
         <load_address>0x2fb4</load_address>
         <run_address>0x2fb4</run_address>
         <size>0x738</size>
         <input_file_ref idref="fl-df"/>
      </object_component>
      <object_component id="oc-1a0">
         <name>.text:sin</name>
         <load_address>0x36ec</load_address>
         <run_address>0x36ec</run_address>
         <size>0x5e0</size>
         <input_file_ref idref="fl-cb"/>
      </object_component>
      <object_component id="oc-1a6">
         <name>.text:cos</name>
         <load_address>0x3ccc</load_address>
         <run_address>0x3ccc</run_address>
         <size>0x5dc</size>
         <input_file_ref idref="fl-c9"/>
      </object_component>
      <object_component id="oc-22e">
         <name>.text:strtod</name>
         <load_address>0x42a8</load_address>
         <run_address>0x42a8</run_address>
         <size>0x460</size>
         <input_file_ref idref="fl-dd"/>
      </object_component>
      <object_component id="oc-1be">
         <name>.text:asin</name>
         <load_address>0x4708</load_address>
         <run_address>0x4708</run_address>
         <size>0x3d4</size>
         <input_file_ref idref="fl-c4"/>
      </object_component>
      <object_component id="oc-eb">
         <name>.text</name>
         <load_address>0x4adc</load_address>
         <run_address>0x4adc</run_address>
         <size>0x3c4</size>
         <input_file_ref idref="fl-5"/>
      </object_component>
      <object_component id="oc-266">
         <name>.text:atan</name>
         <load_address>0x4ea0</load_address>
         <run_address>0x4ea0</run_address>
         <size>0x2ec</size>
         <input_file_ref idref="fl-c8"/>
      </object_component>
      <object_component id="oc-2c5">
         <name>.text:_pconv_a</name>
         <load_address>0x518c</load_address>
         <run_address>0x518c</run_address>
         <size>0x270</size>
         <input_file_ref idref="fl-e2"/>
      </object_component>
      <object_component id="oc-1b2">
         <name>.text:atan2</name>
         <load_address>0x53fc</load_address>
         <run_address>0x53fc</run_address>
         <size>0x1e4</size>
         <input_file_ref idref="fl-c5"/>
      </object_component>
      <object_component id="oc-2b3">
         <name>.text:_pconv_g</name>
         <load_address>0x55e0</load_address>
         <run_address>0x55e0</run_address>
         <size>0x1d0</size>
         <input_file_ref idref="fl-e2"/>
      </object_component>
      <object_component id="oc-158">
         <name>.text</name>
         <load_address>0x57b0</load_address>
         <run_address>0x57b0</run_address>
         <size>0x1b6</size>
         <input_file_ref idref="fl-cc"/>
      </object_component>
      <object_component id="oc-23e">
         <name>.text:__kernel_sin</name>
         <load_address>0x5968</load_address>
         <run_address>0x5968</run_address>
         <size>0x174</size>
         <input_file_ref idref="fl-e5"/>
      </object_component>
      <object_component id="oc-24f">
         <name>.text:__kernel_cos</name>
         <load_address>0x5adc</load_address>
         <run_address>0x5adc</run_address>
         <size>0x170</size>
         <input_file_ref idref="fl-e4"/>
      </object_component>
      <object_component id="oc-33">
         <name>.text</name>
         <load_address>0x5c4c</load_address>
         <run_address>0x5c4c</run_address>
         <size>0x168</size>
         <input_file_ref idref="fl-3"/>
      </object_component>
      <object_component id="oc-1ac">
         <name>.text:sqrt</name>
         <load_address>0x5db4</load_address>
         <run_address>0x5db4</run_address>
         <size>0x158</size>
         <input_file_ref idref="fl-c7"/>
      </object_component>
      <object_component id="oc-2bf">
         <name>.text:_pconv_e</name>
         <load_address>0x5f0c</load_address>
         <run_address>0x5f0c</run_address>
         <size>0x13c</size>
         <input_file_ref idref="fl-e2"/>
      </object_component>
      <object_component id="oc-2d">
         <name>.text</name>
         <load_address>0x6048</load_address>
         <run_address>0x6048</run_address>
         <size>0x138</size>
         <input_file_ref idref="fl-7"/>
      </object_component>
      <object_component id="oc-184">
         <name>.text</name>
         <load_address>0x6180</load_address>
         <run_address>0x6180</run_address>
         <size>0x136</size>
         <input_file_ref idref="fl-ce"/>
      </object_component>
      <object_component id="oc-366">
         <name>.text:fcvt</name>
         <load_address>0x62b8</load_address>
         <run_address>0x62b8</run_address>
         <size>0x124</size>
         <input_file_ref idref="fl-e2"/>
      </object_component>
      <object_component id="oc-271">
         <name>.text:scalbn</name>
         <load_address>0x63dc</load_address>
         <run_address>0x63dc</run_address>
         <size>0x110</size>
         <input_file_ref idref="fl-ca"/>
      </object_component>
      <object_component id="oc-15d">
         <name>.text</name>
         <load_address>0x64ec</load_address>
         <run_address>0x64ec</run_address>
         <size>0xfc</size>
         <input_file_ref idref="fl-cf"/>
      </object_component>
      <object_component id="oc-301">
         <name>.text:floor</name>
         <load_address>0x65e8</load_address>
         <run_address>0x65e8</run_address>
         <size>0xf8</size>
         <input_file_ref idref="fl-e6"/>
      </object_component>
      <object_component id="oc-2ad">
         <name>.text:_ltostr</name>
         <load_address>0x66e0</load_address>
         <run_address>0x66e0</run_address>
         <size>0xb1</size>
         <input_file_ref idref="fl-e2"/>
      </object_component>
      <object_component id="oc-b0">
         <name>.text</name>
         <load_address>0x6794</load_address>
         <run_address>0x6794</run_address>
         <size>0xa4</size>
         <input_file_ref idref="fl-6"/>
      </object_component>
      <object_component id="oc-47">
         <name>.text</name>
         <load_address>0x6838</load_address>
         <run_address>0x6838</run_address>
         <size>0x9c</size>
         <input_file_ref idref="fl-d4"/>
      </object_component>
      <object_component id="oc-34d">
         <name>.text</name>
         <load_address>0x68d4</load_address>
         <run_address>0x68d4</run_address>
         <size>0x96</size>
         <input_file_ref idref="fl-e9"/>
      </object_component>
      <object_component id="oc-244">
         <name>.text:__aeabi_cdcmple</name>
         <load_address>0x696a</load_address>
         <run_address>0x696a</run_address>
         <size>0x86</size>
         <input_file_ref idref="fl-cd"/>
      </object_component>
      <object_component id="oc-f7">
         <name>.text:__aeabi_cdrcmple</name>
         <load_address>0x69f0</load_address>
         <run_address>0x69f0</run_address>
         <size>0x86</size>
         <input_file_ref idref="fl-cd"/>
      </object_component>
      <object_component id="oc-df">
         <name>.text</name>
         <load_address>0x6a78</load_address>
         <run_address>0x6a78</run_address>
         <size>0x7c</size>
         <input_file_ref idref="fl-2"/>
      </object_component>
      <object_component id="oc-a4">
         <name>.text</name>
         <load_address>0x6af4</load_address>
         <run_address>0x6af4</run_address>
         <size>0x7a</size>
         <input_file_ref idref="fl-ea"/>
      </object_component>
      <object_component id="oc-35f">
         <name>.text:_mcpy</name>
         <load_address>0x6b6e</load_address>
         <run_address>0x6b6e</run_address>
         <size>0x6e</size>
         <input_file_ref idref="fl-e2"/>
      </object_component>
      <object_component id="oc-19b">
         <name>.text</name>
         <load_address>0x6bdc</load_address>
         <run_address>0x6bdc</run_address>
         <size>0x6e</size>
         <input_file_ref idref="fl-d1"/>
      </object_component>
      <object_component id="oc-15">
         <name>.text:decompress:lzss:__TI_decompress_lzss</name>
         <load_address>0x6c4a</load_address>
         <run_address>0x6c4a</run_address>
         <size>0x68</size>
         <input_file_ref idref="fl-d8"/>
      </object_component>
      <object_component id="oc-374">
         <name>.text:frexp</name>
         <load_address>0x6cb4</load_address>
         <run_address>0x6cb4</run_address>
         <size>0x64</size>
         <input_file_ref idref="fl-e7"/>
      </object_component>
      <object_component id="oc-2b9">
         <name>.text:_pconv_f</name>
         <load_address>0x6d18</load_address>
         <run_address>0x6d18</run_address>
         <size>0x56</size>
         <input_file_ref idref="fl-e2"/>
      </object_component>
      <object_component id="oc-353">
         <name>.text:__TI_ltoa</name>
         <load_address>0x6d6e</load_address>
         <run_address>0x6d6e</run_address>
         <size>0x54</size>
         <input_file_ref idref="fl-f0"/>
      </object_component>
      <object_component id="oc-359">
         <name>.text:_ecpy</name>
         <load_address>0x6dc2</load_address>
         <run_address>0x6dc2</run_address>
         <size>0x52</size>
         <input_file_ref idref="fl-e2"/>
      </object_component>
      <object_component id="oc-2a7">
         <name>.text:atoi</name>
         <load_address>0x6e14</load_address>
         <run_address>0x6e14</run_address>
         <size>0x4c</size>
         <input_file_ref idref="fl-f2"/>
      </object_component>
      <object_component id="oc-189">
         <name>.text</name>
         <load_address>0x6e60</load_address>
         <run_address>0x6e60</run_address>
         <size>0x48</size>
         <input_file_ref idref="fl-d0"/>
      </object_component>
      <object_component id="oc-117">
         <name>.text:__TI_auto_init_nobinit_nopinit:__TI_auto_init_nobinit_nopinit</name>
         <load_address>0x6ea8</load_address>
         <run_address>0x6ea8</run_address>
         <size>0x44</size>
         <input_file_ref idref="fl-eb"/>
      </object_component>
      <object_component id="oc-153">
         <name>.text</name>
         <load_address>0x6eec</load_address>
         <run_address>0x6eec</run_address>
         <size>0x44</size>
         <input_file_ref idref="fl-d2"/>
      </object_component>
      <object_component id="oc-164">
         <name>.text:sprintf</name>
         <load_address>0x6f30</load_address>
         <run_address>0x6f30</run_address>
         <size>0x40</size>
         <input_file_ref idref="fl-c3"/>
      </object_component>
      <object_component id="oc-16c">
         <name>.text:strtok</name>
         <load_address>0x6f70</load_address>
         <run_address>0x6f70</run_address>
         <size>0x40</size>
         <input_file_ref idref="fl-de"/>
      </object_component>
      <object_component id="oc-36c">
         <name>.text:_fcpy</name>
         <load_address>0x6fb0</load_address>
         <run_address>0x6fb0</run_address>
         <size>0x3e</size>
         <input_file_ref idref="fl-e2"/>
      </object_component>
      <object_component id="oc-65">
         <name>.text:_c_int00_noargs:_c_int00_noargs</name>
         <load_address>0x6ff0</load_address>
         <run_address>0x6ff0</run_address>
         <size>0x34</size>
         <input_file_ref idref="fl-e1"/>
      </object_component>
      <object_component id="oc-18e">
         <name>.text</name>
         <load_address>0x7024</load_address>
         <run_address>0x7024</run_address>
         <size>0x2e</size>
         <input_file_ref idref="fl-d3"/>
      </object_component>
      <object_component id="oc-219">
         <name>.text:strspn</name>
         <load_address>0x7052</load_address>
         <run_address>0x7052</run_address>
         <size>0x2a</size>
         <input_file_ref idref="fl-f8"/>
      </object_component>
      <object_component id="oc-21f">
         <name>.text:strcspn</name>
         <load_address>0x707c</load_address>
         <run_address>0x707c</run_address>
         <size>0x24</size>
         <input_file_ref idref="fl-f6"/>
      </object_component>
      <object_component id="oc-14e">
         <name>.text</name>
         <load_address>0x70a0</load_address>
         <run_address>0x70a0</run_address>
         <size>0x20</size>
         <input_file_ref idref="fl-d5"/>
      </object_component>
      <object_component id="oc-1c4">
         <name>.text:strcat</name>
         <load_address>0x70c0</load_address>
         <run_address>0x70c0</run_address>
         <size>0x1e</size>
         <input_file_ref idref="fl-da"/>
      </object_component>
      <object_component id="oc-53">
         <name>.text:decompress:ZI:__TI_zero_init_nomemset:__TI_zero_init_nomemset</name>
         <load_address>0x70de</load_address>
         <run_address>0x70de</run_address>
         <size>0x1c</size>
         <input_file_ref idref="fl-d6"/>
      </object_component>
      <object_component id="oc-2cb">
         <name>.text:memccpy</name>
         <load_address>0x70fa</load_address>
         <run_address>0x70fa</run_address>
         <size>0x1c</size>
         <input_file_ref idref="fl-f4"/>
      </object_component>
      <object_component id="oc-32c">
         <name>.text:copysign</name>
         <load_address>0x7116</load_address>
         <run_address>0x7116</run_address>
         <size>0x1a</size>
         <input_file_ref idref="fl-e3"/>
      </object_component>
      <object_component id="oc-1ff">
         <name>.text:_outs</name>
         <load_address>0x7130</load_address>
         <run_address>0x7130</run_address>
         <size>0x18</size>
         <input_file_ref idref="fl-c3"/>
      </object_component>
      <object_component id="oc-178">
         <name>.text:strcmp</name>
         <load_address>0x7148</load_address>
         <run_address>0x7148</run_address>
         <size>0x18</size>
         <input_file_ref idref="fl-db"/>
      </object_component>
      <object_component id="oc-37a">
         <name>.text:strchr</name>
         <load_address>0x7160</load_address>
         <run_address>0x7160</run_address>
         <size>0x16</size>
         <input_file_ref idref="fl-f5"/>
      </object_component>
      <object_component id="oc-172">
         <name>.text:strcpy</name>
         <load_address>0x7176</load_address>
         <run_address>0x7176</run_address>
         <size>0x14</size>
         <input_file_ref idref="fl-dc"/>
      </object_component>
      <object_component id="oc-2a1">
         <name>.text:strlen</name>
         <load_address>0x718a</load_address>
         <run_address>0x718a</run_address>
         <size>0x14</size>
         <input_file_ref idref="fl-f7"/>
      </object_component>
      <object_component id="oc-17e">
         <name>.text:atof</name>
         <load_address>0x719e</load_address>
         <run_address>0x719e</run_address>
         <size>0x12</size>
         <input_file_ref idref="fl-d9"/>
      </object_component>
      <object_component id="oc-2d1">
         <name>.text:wcslen</name>
         <load_address>0x71b0</load_address>
         <run_address>0x71b0</run_address>
         <size>0x12</size>
         <input_file_ref idref="fl-e8"/>
      </object_component>
      <object_component id="oc-1b">
         <name>.text:decompress:none:__TI_decompress_none</name>
         <load_address>0x71c2</load_address>
         <run_address>0x71c2</run_address>
         <size>0xe</size>
         <input_file_ref idref="fl-d7"/>
      </object_component>
      <object_component id="oc-27">
         <name>.text</name>
         <load_address>0x71d0</load_address>
         <run_address>0x71d0</run_address>
         <size>0xc</size>
         <input_file_ref idref="fl-8"/>
      </object_component>
      <object_component id="oc-205">
         <name>.text:_outc</name>
         <load_address>0x71dc</load_address>
         <run_address>0x71dc</run_address>
         <size>0xa</size>
         <input_file_ref idref="fl-c3"/>
      </object_component>
      <object_component id="oc-25e">
         <name>.text:__aeabi_errno_addr</name>
         <load_address>0x71e8</load_address>
         <run_address>0x71e8</run_address>
         <size>0x8</size>
         <input_file_ref idref="fl-e0"/>
      </object_component>
      <object_component id="oc-aa">
         <name>.text:_system_pre_init</name>
         <load_address>0x71f0</load_address>
         <run_address>0x71f0</run_address>
         <size>0x4</size>
         <input_file_ref idref="fl-ec"/>
      </object_component>
      <object_component id="oc-10b">
         <name>.text:abort:abort</name>
         <load_address>0x71f4</load_address>
         <run_address>0x71f4</run_address>
         <size>0x4</size>
         <input_file_ref idref="fl-ee"/>
      </object_component>
      <object_component id="oc-307">
         <name>.const:$O1$$</name>
         <load_address>0x71f8</load_address>
         <run_address>0x71f8</run_address>
         <size>0x158</size>
         <input_file_ref idref="fl-df"/>
      </object_component>
      <object_component id="oc-2f3">
         <name>.const:.string:_ctypes_</name>
         <load_address>0x7350</load_address>
         <run_address>0x7350</run_address>
         <size>0x101</size>
         <input_file_ref idref="fl-f3"/>
      </object_component>
      <object_component id="oc-2f6">
         <name>.const:$O1$$</name>
         <load_address>0x7458</load_address>
         <run_address>0x7458</run_address>
         <size>0xc8</size>
         <input_file_ref idref="fl-dd"/>
      </object_component>
      <object_component id="oc-324">
         <name>.const:$O1$$</name>
         <load_address>0x7520</load_address>
         <run_address>0x7520</run_address>
         <size>0x98</size>
         <input_file_ref idref="fl-c8"/>
      </object_component>
      <object_component id="oc-26e">
         <name>.const:$O1$$</name>
         <load_address>0x75b8</load_address>
         <run_address>0x75b8</run_address>
         <size>0x30</size>
         <input_file_ref idref="fl-c6"/>
      </object_component>
      <object_component id="oc-fc">
         <name>.const:$P$T0$1</name>
         <load_address>0x75e8</load_address>
         <run_address>0x75e8</run_address>
         <size>0x8</size>
         <input_file_ref idref="fl-6"/>
      </object_component>
      <object_component id="oc-ff">
         <name>.const:$P$T1$2</name>
         <load_address>0x75f0</load_address>
         <run_address>0x75f0</run_address>
         <size>0x8</size>
         <input_file_ref idref="fl-6"/>
      </object_component>
      <object_component id="oc-418">
         <name>__TI_handler_table</name>
         <load_address>0x75f8</load_address>
         <run_address>0x75f8</run_address>
         <size>0xc</size>
      </object_component>
      <object_component id="oc-41b">
         <name>.cinit..bss.load</name>
         <load_address>0x7608</load_address>
         <run_address>0x7608</run_address>
         <size>0x8</size>
      </object_component>
      <object_component id="oc-41a">
         <name>.cinit..data.load</name>
         <load_address>0x7610</load_address>
         <run_address>0x7610</run_address>
         <size>0x8</size>
      </object_component>
      <object_component id="oc-419">
         <name>__TI_cinit_table</name>
         <load_address>0x7618</load_address>
         <run_address>0x7618</run_address>
         <size>0x10</size>
      </object_component>
      <object_component id="oc-84">
         <name>.data</name>
         <load_address>0x20001004</load_address>
         <run_address>0x20001004</run_address>
         <size>0x1</size>
         <input_file_ref idref="fl-3"/>
      </object_component>
      <object_component id="oc-102">
         <name>.data</name>
         <load_address>0x20000fe8</load_address>
         <run_address>0x20000fe8</run_address>
         <size>0x10</size>
         <input_file_ref idref="fl-4"/>
      </object_component>
      <object_component id="oc-7a">
         <name>.data</name>
         <load_address>0x20001000</load_address>
         <run_address>0x20001000</run_address>
         <size>0x4</size>
         <input_file_ref idref="fl-7"/>
      </object_component>
      <object_component id="oc-225">
         <name>.data</name>
         <load_address>0x20000ffc</load_address>
         <run_address>0x20000ffc</run_address>
         <size>0x4</size>
         <input_file_ref idref="fl-de"/>
      </object_component>
      <object_component id="oc-31d">
         <name>.data</name>
         <load_address>0x20000ff8</load_address>
         <run_address>0x20000ff8</run_address>
         <size>0x4</size>
         <input_file_ref idref="fl-e0"/>
      </object_component>
      <object_component id="oc-193">
         <name>.bss:arr</name>
         <uninitialized>true</uninitialized>
         <run_address>0x20000fa0</run_address>
         <size>0x20</size>
         <input_file_ref idref="fl-4"/>
      </object_component>
      <object_component id="oc-196">
         <name>.common:latitudeResult</name>
         <uninitialized>true</uninitialized>
         <run_address>0x20000fcc</run_address>
         <size>0xc</size>
      </object_component>
      <object_component id="oc-199">
         <name>.common:longitudeResult</name>
         <uninitialized>true</uninitialized>
         <run_address>0x20000fd8</run_address>
         <size>0xc</size>
      </object_component>
      <object_component id="oc-19a">
         <name>.common:AltitudeResult</name>
         <uninitialized>true</uninitialized>
         <run_address>0x20000fc0</run_address>
         <size>0xc</size>
      </object_component>
      <object_component id="oc-24">
         <name>.stack</name>
         <uninitialized>true</uninitialized>
         <run_address>0x20000000</run_address>
         <size>0x4</size>
         <input_file_ref idref="fl-e1"/>
      </object_component>
      <object_component id="oc-41d">
         <name>.stack</name>
         <uninitialized>true</uninitialized>
         <run_address>0x20000000</run_address>
         <size>0x0</size>
      </object_component>
      <object_component id="oc-ce">
         <name>.debug_info</name>
         <load_address>0x0</load_address>
         <run_address>0x0</run_address>
         <size>0x25b</size>
         <input_file_ref idref="fl-2"/>
      </object_component>
      <object_component id="oc-e3">
         <name>.debug_info</name>
         <load_address>0x25b</load_address>
         <run_address>0x25b</run_address>
         <size>0xf8</size>
         <input_file_ref idref="fl-2"/>
      </object_component>
      <object_component id="oc-8a">
         <name>.debug_info</name>
         <load_address>0x353</load_address>
         <run_address>0x353</run_address>
         <size>0x26b</size>
         <input_file_ref idref="fl-2"/>
      </object_component>
      <object_component id="oc-42">
         <name>.debug_info</name>
         <load_address>0x5be</load_address>
         <run_address>0x5be</run_address>
         <size>0x84</size>
         <input_file_ref idref="fl-2"/>
      </object_component>
      <object_component id="oc-c4">
         <name>.debug_info</name>
         <load_address>0x642</load_address>
         <run_address>0x642</run_address>
         <size>0x2a4</size>
         <input_file_ref idref="fl-2"/>
      </object_component>
      <object_component id="oc-7e">
         <name>.debug_info</name>
         <load_address>0x8e6</load_address>
         <run_address>0x8e6</run_address>
         <size>0xbb</size>
         <input_file_ref idref="fl-2"/>
      </object_component>
      <object_component id="oc-cd">
         <name>.debug_info</name>
         <load_address>0x9a1</load_address>
         <run_address>0x9a1</run_address>
         <size>0x279</size>
         <input_file_ref idref="fl-3"/>
      </object_component>
      <object_component id="oc-85">
         <name>.debug_info</name>
         <load_address>0xc1a</load_address>
         <run_address>0xc1a</run_address>
         <size>0xe1</size>
         <input_file_ref idref="fl-3"/>
      </object_component>
      <object_component id="oc-37">
         <name>.debug_info</name>
         <load_address>0xcfb</load_address>
         <run_address>0xcfb</run_address>
         <size>0x230</size>
         <input_file_ref idref="fl-3"/>
      </object_component>
      <object_component id="oc-197">
         <name>.debug_info</name>
         <load_address>0xf2b</load_address>
         <run_address>0xf2b</run_address>
         <size>0x629</size>
         <input_file_ref idref="fl-4"/>
      </object_component>
      <object_component id="oc-103">
         <name>.debug_info</name>
         <load_address>0x1554</load_address>
         <run_address>0x1554</run_address>
         <size>0x100</size>
         <input_file_ref idref="fl-4"/>
      </object_component>
      <object_component id="oc-194">
         <name>.debug_info</name>
         <load_address>0x1654</load_address>
         <run_address>0x1654</run_address>
         <size>0xc5</size>
         <input_file_ref idref="fl-4"/>
      </object_component>
      <object_component id="oc-f2">
         <name>.debug_info</name>
         <load_address>0x1719</load_address>
         <run_address>0x1719</run_address>
         <size>0x10fd</size>
         <input_file_ref idref="fl-4"/>
      </object_component>
      <object_component id="oc-106">
         <name>.debug_info</name>
         <load_address>0x2816</load_address>
         <run_address>0x2816</run_address>
         <size>0x198</size>
         <input_file_ref idref="fl-4"/>
      </object_component>
      <object_component id="oc-20d">
         <name>.debug_info</name>
         <load_address>0x29ae</load_address>
         <run_address>0x29ae</run_address>
         <size>0x2c</size>
         <input_file_ref idref="fl-4"/>
      </object_component>
      <object_component id="oc-214">
         <name>.debug_info</name>
         <load_address>0x29da</load_address>
         <run_address>0x29da</run_address>
         <size>0x35</size>
         <input_file_ref idref="fl-4"/>
      </object_component>
      <object_component id="oc-16b">
         <name>.debug_info</name>
         <load_address>0x2a0f</load_address>
         <run_address>0x2a0f</run_address>
         <size>0x2e0</size>
         <input_file_ref idref="fl-5"/>
      </object_component>
      <object_component id="oc-ed">
         <name>.debug_info</name>
         <load_address>0x2cef</load_address>
         <run_address>0x2cef</run_address>
         <size>0x61f</size>
         <input_file_ref idref="fl-5"/>
      </object_component>
      <object_component id="oc-1ce">
         <name>.debug_info</name>
         <load_address>0x330e</load_address>
         <run_address>0x330e</run_address>
         <size>0x433</size>
         <input_file_ref idref="fl-6"/>
      </object_component>
      <object_component id="oc-fd">
         <name>.debug_info</name>
         <load_address>0x3741</load_address>
         <run_address>0x3741</run_address>
         <size>0xce</size>
         <input_file_ref idref="fl-6"/>
      </object_component>
      <object_component id="oc-100">
         <name>.debug_info</name>
         <load_address>0x380f</load_address>
         <run_address>0x380f</run_address>
         <size>0xce</size>
         <input_file_ref idref="fl-6"/>
      </object_component>
      <object_component id="oc-b1">
         <name>.debug_info</name>
         <load_address>0x38dd</load_address>
         <run_address>0x38dd</run_address>
         <size>0x203</size>
         <input_file_ref idref="fl-6"/>
      </object_component>
      <object_component id="oc-83">
         <name>.debug_info</name>
         <load_address>0x3ae0</load_address>
         <run_address>0x3ae0</run_address>
         <size>0x278</size>
         <input_file_ref idref="fl-7"/>
      </object_component>
      <object_component id="oc-7b">
         <name>.debug_info</name>
         <load_address>0x3d58</load_address>
         <run_address>0x3d58</run_address>
         <size>0xeb</size>
         <input_file_ref idref="fl-7"/>
      </object_component>
      <object_component id="oc-31">
         <name>.debug_info</name>
         <load_address>0x3e43</load_address>
         <run_address>0x3e43</run_address>
         <size>0x46d</size>
         <input_file_ref idref="fl-7"/>
      </object_component>
      <object_component id="oc-3b">
         <name>.debug_info</name>
         <load_address>0x42b0</load_address>
         <run_address>0x42b0</run_address>
         <size>0x2f6</size>
         <input_file_ref idref="fl-8"/>
      </object_component>
      <object_component id="oc-13">
         <name>.debug_info</name>
         <load_address>0x45a6</load_address>
         <run_address>0x45a6</run_address>
         <size>0xed</size>
         <input_file_ref idref="fl-8"/>
      </object_component>
      <object_component id="oc-28">
         <name>.debug_info</name>
         <load_address>0x4693</load_address>
         <run_address>0x4693</run_address>
         <size>0x269</size>
         <input_file_ref idref="fl-8"/>
      </object_component>
      <object_component id="oc-163">
         <name>.debug_info</name>
         <load_address>0x48fc</load_address>
         <run_address>0x48fc</run_address>
         <size>0x2a6</size>
         <input_file_ref idref="fl-9"/>
      </object_component>
      <object_component id="oc-e6">
         <name>.debug_info</name>
         <load_address>0x4ba2</load_address>
         <run_address>0x4ba2</run_address>
         <size>0x88c</size>
         <input_file_ref idref="fl-9"/>
      </object_component>
      <object_component id="oc-20c">
         <name>.debug_info</name>
         <load_address>0x542e</load_address>
         <run_address>0x542e</run_address>
         <size>0x333</size>
         <input_file_ref idref="fl-c3"/>
      </object_component>
      <object_component id="oc-165">
         <name>.debug_info</name>
         <load_address>0x5761</load_address>
         <run_address>0x5761</run_address>
         <size>0x1d1</size>
         <input_file_ref idref="fl-c3"/>
      </object_component>
      <object_component id="oc-200">
         <name>.debug_info</name>
         <load_address>0x5932</load_address>
         <run_address>0x5932</run_address>
         <size>0x18d</size>
         <input_file_ref idref="fl-c3"/>
      </object_component>
      <object_component id="oc-209">
         <name>.debug_info</name>
         <load_address>0x5abf</load_address>
         <run_address>0x5abf</run_address>
         <size>0x16d</size>
         <input_file_ref idref="fl-c3"/>
      </object_component>
      <object_component id="oc-38c">
         <name>.debug_info</name>
         <load_address>0x5c2c</load_address>
         <run_address>0x5c2c</run_address>
         <size>0x2c</size>
         <input_file_ref idref="fl-c3"/>
      </object_component>
      <object_component id="oc-27b">
         <name>.debug_info</name>
         <load_address>0x5c58</load_address>
         <run_address>0x5c58</run_address>
         <size>0x2e4</size>
         <input_file_ref idref="fl-c4"/>
      </object_component>
      <object_component id="oc-1c0">
         <name>.debug_info</name>
         <load_address>0x5f3c</load_address>
         <run_address>0x5f3c</run_address>
         <size>0x6a4</size>
         <input_file_ref idref="fl-c4"/>
      </object_component>
      <object_component id="oc-316">
         <name>.debug_info</name>
         <load_address>0x65e0</load_address>
         <run_address>0x65e0</run_address>
         <size>0x46</size>
         <input_file_ref idref="fl-c4"/>
      </object_component>
      <object_component id="oc-257">
         <name>.debug_info</name>
         <load_address>0x6626</load_address>
         <run_address>0x6626</run_address>
         <size>0x39</size>
         <input_file_ref idref="fl-c4"/>
      </object_component>
      <object_component id="oc-26d">
         <name>.debug_info</name>
         <load_address>0x665f</load_address>
         <run_address>0x665f</run_address>
         <size>0x2a9</size>
         <input_file_ref idref="fl-c5"/>
      </object_component>
      <object_component id="oc-1b5">
         <name>.debug_info</name>
         <load_address>0x6908</load_address>
         <run_address>0x6908</run_address>
         <size>0x247</size>
         <input_file_ref idref="fl-c5"/>
      </object_component>
      <object_component id="oc-278">
         <name>.debug_info</name>
         <load_address>0x6b4f</load_address>
         <run_address>0x6b4f</run_address>
         <size>0x35e</size>
         <input_file_ref idref="fl-c6"/>
      </object_component>
      <object_component id="oc-26f">
         <name>.debug_info</name>
         <load_address>0x6ead</load_address>
         <run_address>0x6ead</run_address>
         <size>0x128</size>
         <input_file_ref idref="fl-c6"/>
      </object_component>
      <object_component id="oc-1bc">
         <name>.debug_info</name>
         <load_address>0x6fd5</load_address>
         <run_address>0x6fd5</run_address>
         <size>0xbf2</size>
         <input_file_ref idref="fl-c6"/>
      </object_component>
      <object_component id="oc-265">
         <name>.debug_info</name>
         <load_address>0x7bc7</load_address>
         <run_address>0x7bc7</run_address>
         <size>0x2c5</size>
         <input_file_ref idref="fl-c7"/>
      </object_component>
      <object_component id="oc-1b0">
         <name>.debug_info</name>
         <load_address>0x7e8c</load_address>
         <run_address>0x7e8c</run_address>
         <size>0x24e</size>
         <input_file_ref idref="fl-c7"/>
      </object_component>
      <object_component id="oc-3bb">
         <name>.debug_info</name>
         <load_address>0x80da</load_address>
         <run_address>0x80da</run_address>
         <size>0x2f2</size>
         <input_file_ref idref="fl-c8"/>
      </object_component>
      <object_component id="oc-325">
         <name>.debug_info</name>
         <load_address>0x83cc</load_address>
         <run_address>0x83cc</run_address>
         <size>0x131</size>
         <input_file_ref idref="fl-c8"/>
      </object_component>
      <object_component id="oc-267">
         <name>.debug_info</name>
         <load_address>0x84fd</load_address>
         <run_address>0x84fd</run_address>
         <size>0x4ac</size>
         <input_file_ref idref="fl-c8"/>
      </object_component>
      <object_component id="oc-25d">
         <name>.debug_info</name>
         <load_address>0x89a9</load_address>
         <run_address>0x89a9</run_address>
         <size>0x361</size>
         <input_file_ref idref="fl-c9"/>
      </object_component>
      <object_component id="oc-1a9">
         <name>.debug_info</name>
         <load_address>0x8d0a</load_address>
         <run_address>0x8d0a</run_address>
         <size>0x79b</size>
         <input_file_ref idref="fl-c9"/>
      </object_component>
      <object_component id="oc-333">
         <name>.debug_info</name>
         <load_address>0x94a5</load_address>
         <run_address>0x94a5</run_address>
         <size>0x2f8</size>
         <input_file_ref idref="fl-ca"/>
      </object_component>
      <object_component id="oc-272">
         <name>.debug_info</name>
         <load_address>0x979d</load_address>
         <run_address>0x979d</run_address>
         <size>0x225</size>
         <input_file_ref idref="fl-ca"/>
      </object_component>
      <object_component id="oc-3ae">
         <name>.debug_info</name>
         <load_address>0x99c2</load_address>
         <run_address>0x99c2</run_address>
         <size>0x39</size>
         <input_file_ref idref="fl-ca"/>
      </object_component>
      <object_component id="oc-30d">
         <name>.debug_info</name>
         <load_address>0x99fb</load_address>
         <run_address>0x99fb</run_address>
         <size>0x2c</size>
         <input_file_ref idref="fl-ca"/>
      </object_component>
      <object_component id="oc-256">
         <name>.debug_info</name>
         <load_address>0x9a27</load_address>
         <run_address>0x9a27</run_address>
         <size>0x361</size>
         <input_file_ref idref="fl-cb"/>
      </object_component>
      <object_component id="oc-1a1">
         <name>.debug_info</name>
         <load_address>0x9d88</load_address>
         <run_address>0x9d88</run_address>
         <size>0x7ae</size>
         <input_file_ref idref="fl-cb"/>
      </object_component>
      <object_component id="oc-159">
         <name>.debug_info</name>
         <load_address>0xa536</load_address>
         <run_address>0xa536</run_address>
         <size>0x14c</size>
         <input_file_ref idref="fl-cc"/>
      </object_component>
      <object_component id="oc-247">
         <name>.debug_info</name>
         <load_address>0xa682</load_address>
         <run_address>0xa682</run_address>
         <size>0x128</size>
         <input_file_ref idref="fl-cd"/>
      </object_component>
      <object_component id="oc-fa">
         <name>.debug_info</name>
         <load_address>0xa7aa</load_address>
         <run_address>0xa7aa</run_address>
         <size>0x12a</size>
         <input_file_ref idref="fl-cd"/>
      </object_component>
      <object_component id="oc-185">
         <name>.debug_info</name>
         <load_address>0xa8d4</load_address>
         <run_address>0xa8d4</run_address>
         <size>0x13a</size>
         <input_file_ref idref="fl-ce"/>
      </object_component>
      <object_component id="oc-15f">
         <name>.debug_info</name>
         <load_address>0xaa0e</load_address>
         <run_address>0xaa0e</run_address>
         <size>0x13a</size>
         <input_file_ref idref="fl-cf"/>
      </object_component>
      <object_component id="oc-18a">
         <name>.debug_info</name>
         <load_address>0xab48</load_address>
         <run_address>0xab48</run_address>
         <size>0x12e</size>
         <input_file_ref idref="fl-d0"/>
      </object_component>
      <object_component id="oc-19e">
         <name>.debug_info</name>
         <load_address>0xac76</load_address>
         <run_address>0xac76</run_address>
         <size>0x13e</size>
         <input_file_ref idref="fl-d1"/>
      </object_component>
      <object_component id="oc-155">
         <name>.debug_info</name>
         <load_address>0xadb4</load_address>
         <run_address>0xadb4</run_address>
         <size>0x139</size>
         <input_file_ref idref="fl-d2"/>
      </object_component>
      <object_component id="oc-191">
         <name>.debug_info</name>
         <load_address>0xaeed</load_address>
         <run_address>0xaeed</run_address>
         <size>0x12c</size>
         <input_file_ref idref="fl-d3"/>
      </object_component>
      <object_component id="oc-48">
         <name>.debug_info</name>
         <load_address>0xb019</load_address>
         <run_address>0xb019</run_address>
         <size>0x119</size>
         <input_file_ref idref="fl-d4"/>
      </object_component>
      <object_component id="oc-150">
         <name>.debug_info</name>
         <load_address>0xb132</load_address>
         <run_address>0xb132</run_address>
         <size>0x12e</size>
         <input_file_ref idref="fl-d5"/>
      </object_component>
      <object_component id="oc-a3">
         <name>.debug_info</name>
         <load_address>0xb260</load_address>
         <run_address>0xb260</run_address>
         <size>0x2d4</size>
         <input_file_ref idref="fl-d6"/>
      </object_component>
      <object_component id="oc-57">
         <name>.debug_info</name>
         <load_address>0xb534</load_address>
         <run_address>0xb534</run_address>
         <size>0x1d2</size>
         <input_file_ref idref="fl-d6"/>
      </object_component>
      <object_component id="oc-9e">
         <name>.debug_info</name>
         <load_address>0xb706</load_address>
         <run_address>0xb706</run_address>
         <size>0x46</size>
         <input_file_ref idref="fl-d6"/>
      </object_component>
      <object_component id="oc-d6">
         <name>.debug_info</name>
         <load_address>0xb74c</load_address>
         <run_address>0xb74c</run_address>
         <size>0x2c</size>
         <input_file_ref idref="fl-d6"/>
      </object_component>
      <object_component id="oc-52">
         <name>.debug_info</name>
         <load_address>0xb778</load_address>
         <run_address>0xb778</run_address>
         <size>0x2a8</size>
         <input_file_ref idref="fl-d7"/>
      </object_component>
      <object_component id="oc-1c">
         <name>.debug_info</name>
         <load_address>0xba20</load_address>
         <run_address>0xba20</run_address>
         <size>0x1ea</size>
         <input_file_ref idref="fl-d7"/>
      </object_component>
      <object_component id="oc-4d">
         <name>.debug_info</name>
         <load_address>0xbc0a</load_address>
         <run_address>0xbc0a</run_address>
         <size>0x46</size>
         <input_file_ref idref="fl-d7"/>
      </object_component>
      <object_component id="oc-96">
         <name>.debug_info</name>
         <load_address>0xbc50</load_address>
         <run_address>0xbc50</run_address>
         <size>0x2c</size>
         <input_file_ref idref="fl-d7"/>
      </object_component>
      <object_component id="oc-94">
         <name>.debug_info</name>
         <load_address>0xbc7c</load_address>
         <run_address>0xbc7c</run_address>
         <size>0x29e</size>
         <input_file_ref idref="fl-d8"/>
      </object_component>
      <object_component id="oc-19">
         <name>.debug_info</name>
         <load_address>0xbf1a</load_address>
         <run_address>0xbf1a</run_address>
         <size>0x250</size>
         <input_file_ref idref="fl-d8"/>
      </object_component>
      <object_component id="oc-3d">
         <name>.debug_info</name>
         <load_address>0xc16a</load_address>
         <run_address>0xc16a</run_address>
         <size>0x60</size>
         <input_file_ref idref="fl-d8"/>
      </object_component>
      <object_component id="oc-cf">
         <name>.debug_info</name>
         <load_address>0xc1ca</load_address>
         <run_address>0xc1ca</run_address>
         <size>0x46</size>
         <input_file_ref idref="fl-d8"/>
      </object_component>
      <object_component id="oc-8f">
         <name>.debug_info</name>
         <load_address>0xc210</load_address>
         <run_address>0xc210</run_address>
         <size>0x39</size>
         <input_file_ref idref="fl-d8"/>
      </object_component>
      <object_component id="oc-235">
         <name>.debug_info</name>
         <load_address>0xc249</load_address>
         <run_address>0xc249</run_address>
         <size>0x2c5</size>
         <input_file_ref idref="fl-d9"/>
      </object_component>
      <object_component id="oc-17f">
         <name>.debug_info</name>
         <load_address>0xc50e</load_address>
         <run_address>0xc50e</run_address>
         <size>0x149</size>
         <input_file_ref idref="fl-d9"/>
      </object_component>
      <object_component id="oc-27d">
         <name>.debug_info</name>
         <load_address>0xc657</load_address>
         <run_address>0xc657</run_address>
         <size>0x2a4</size>
         <input_file_ref idref="fl-da"/>
      </object_component>
      <object_component id="oc-1c6">
         <name>.debug_info</name>
         <load_address>0xc8fb</load_address>
         <run_address>0xc8fb</run_address>
         <size>0x267</size>
         <input_file_ref idref="fl-da"/>
      </object_component>
      <object_component id="oc-22d">
         <name>.debug_info</name>
         <load_address>0xcb62</load_address>
         <run_address>0xcb62</run_address>
         <size>0x28a</size>
         <input_file_ref idref="fl-db"/>
      </object_component>
      <object_component id="oc-179">
         <name>.debug_info</name>
         <load_address>0xcdec</load_address>
         <run_address>0xcdec</run_address>
         <size>0x273</size>
         <input_file_ref idref="fl-db"/>
      </object_component>
      <object_component id="oc-22b">
         <name>.debug_info</name>
         <load_address>0xd05f</load_address>
         <run_address>0xd05f</run_address>
         <size>0x2a4</size>
         <input_file_ref idref="fl-dc"/>
      </object_component>
      <object_component id="oc-175">
         <name>.debug_info</name>
         <load_address>0xd303</load_address>
         <run_address>0xd303</run_address>
         <size>0x24d</size>
         <input_file_ref idref="fl-dc"/>
      </object_component>
      <object_component id="oc-2fa">
         <name>.debug_info</name>
         <load_address>0xd550</load_address>
         <run_address>0xd550</run_address>
         <size>0x3b1</size>
         <input_file_ref idref="fl-dd"/>
      </object_component>
      <object_component id="oc-2f7">
         <name>.debug_info</name>
         <load_address>0xd901</load_address>
         <run_address>0xd901</run_address>
         <size>0x123</size>
         <input_file_ref idref="fl-dd"/>
      </object_component>
      <object_component id="oc-22f">
         <name>.debug_info</name>
         <load_address>0xda24</load_address>
         <run_address>0xda24</run_address>
         <size>0x4e0</size>
         <input_file_ref idref="fl-dd"/>
      </object_component>
      <object_component id="oc-229">
         <name>.debug_info</name>
         <load_address>0xdf04</load_address>
         <run_address>0xdf04</run_address>
         <size>0x2fe</size>
         <input_file_ref idref="fl-de"/>
      </object_component>
      <object_component id="oc-226">
         <name>.debug_info</name>
         <load_address>0xe202</load_address>
         <run_address>0xe202</run_address>
         <size>0x105</size>
         <input_file_ref idref="fl-de"/>
      </object_component>
      <object_component id="oc-16d">
         <name>.debug_info</name>
         <load_address>0xe307</load_address>
         <run_address>0xe307</run_address>
         <size>0x1ab</size>
         <input_file_ref idref="fl-de"/>
      </object_component>
      <object_component id="oc-30b">
         <name>.debug_info</name>
         <load_address>0xe4b2</load_address>
         <run_address>0xe4b2</run_address>
         <size>0x3aa</size>
         <input_file_ref idref="fl-df"/>
      </object_component>
      <object_component id="oc-308">
         <name>.debug_info</name>
         <load_address>0xe85c</load_address>
         <run_address>0xe85c</run_address>
         <size>0x13a</size>
         <input_file_ref idref="fl-df"/>
      </object_component>
      <object_component id="oc-24b">
         <name>.debug_info</name>
         <load_address>0xe996</load_address>
         <run_address>0xe996</run_address>
         <size>0x72f</size>
         <input_file_ref idref="fl-df"/>
      </object_component>
      <object_component id="oc-321">
         <name>.debug_info</name>
         <load_address>0xf0c5</load_address>
         <run_address>0xf0c5</run_address>
         <size>0x289</size>
         <input_file_ref idref="fl-e0"/>
      </object_component>
      <object_component id="oc-31e">
         <name>.debug_info</name>
         <load_address>0xf34e</load_address>
         <run_address>0xf34e</run_address>
         <size>0x10e</size>
         <input_file_ref idref="fl-e0"/>
      </object_component>
      <object_component id="oc-262">
         <name>.debug_info</name>
         <load_address>0xf45c</load_address>
         <run_address>0xf45c</run_address>
         <size>0x14e</size>
         <input_file_ref idref="fl-e0"/>
      </object_component>
      <object_component id="oc-25">
         <name>.debug_info</name>
         <load_address>0xf5aa</load_address>
         <run_address>0xf5aa</run_address>
         <size>0x10b</size>
         <input_file_ref idref="fl-e1"/>
      </object_component>
      <object_component id="oc-66">
         <name>.debug_info</name>
         <load_address>0xf6b5</load_address>
         <run_address>0xf6b5</run_address>
         <size>0x1a9</size>
         <input_file_ref idref="fl-e1"/>
      </object_component>
      <object_component id="oc-2d8">
         <name>.debug_info</name>
         <load_address>0xf85e</load_address>
         <run_address>0xf85e</run_address>
         <size>0x590</size>
         <input_file_ref idref="fl-e2"/>
      </object_component>
      <object_component id="oc-2b0">
         <name>.debug_info</name>
         <load_address>0xfdee</load_address>
         <run_address>0xfdee</run_address>
         <size>0x21e</size>
         <input_file_ref idref="fl-e2"/>
      </object_component>
      <object_component id="oc-35d">
         <name>.debug_info</name>
         <load_address>0x1000c</load_address>
         <run_address>0x1000c</run_address>
         <size>0x1b3</size>
         <input_file_ref idref="fl-e2"/>
      </object_component>
      <object_component id="oc-363">
         <name>.debug_info</name>
         <load_address>0x101bf</load_address>
         <run_address>0x101bf</run_address>
         <size>0x21b</size>
         <input_file_ref idref="fl-e2"/>
      </object_component>
      <object_component id="oc-2b7">
         <name>.debug_info</name>
         <load_address>0x103da</load_address>
         <run_address>0x103da</run_address>
         <size>0x3c0</size>
         <input_file_ref idref="fl-e2"/>
      </object_component>
      <object_component id="oc-36a">
         <name>.debug_info</name>
         <load_address>0x1079a</load_address>
         <run_address>0x1079a</run_address>
         <size>0x30a</size>
         <input_file_ref idref="fl-e2"/>
      </object_component>
      <object_component id="oc-36f">
         <name>.debug_info</name>
         <load_address>0x10aa4</load_address>
         <run_address>0x10aa4</run_address>
         <size>0x215</size>
         <input_file_ref idref="fl-e2"/>
      </object_component>
      <object_component id="oc-2bd">
         <name>.debug_info</name>
         <load_address>0x10cb9</load_address>
         <run_address>0x10cb9</run_address>
         <size>0x215</size>
         <input_file_ref idref="fl-e2"/>
      </object_component>
      <object_component id="oc-2c3">
         <name>.debug_info</name>
         <load_address>0x10ece</load_address>
         <run_address>0x10ece</run_address>
         <size>0x304</size>
         <input_file_ref idref="fl-e2"/>
      </object_component>
      <object_component id="oc-2c9">
         <name>.debug_info</name>
         <load_address>0x111d2</load_address>
         <run_address>0x111d2</run_address>
         <size>0x4b5</size>
         <input_file_ref idref="fl-e2"/>
      </object_component>
      <object_component id="oc-1fc">
         <name>.debug_info</name>
         <load_address>0x11687</load_address>
         <run_address>0x11687</run_address>
         <size>0x5f4</size>
         <input_file_ref idref="fl-e2"/>
      </object_component>
      <object_component id="oc-2d9">
         <name>.debug_info</name>
         <load_address>0x11c7b</load_address>
         <run_address>0x11c7b</run_address>
         <size>0x86</size>
         <input_file_ref idref="fl-e2"/>
      </object_component>
      <object_component id="oc-391">
         <name>.debug_info</name>
         <load_address>0x11d01</load_address>
         <run_address>0x11d01</run_address>
         <size>0x39</size>
         <input_file_ref idref="fl-e2"/>
      </object_component>
      <object_component id="oc-3dd">
         <name>.debug_info</name>
         <load_address>0x11d3a</load_address>
         <run_address>0x11d3a</run_address>
         <size>0xb6</size>
         <input_file_ref idref="fl-e2"/>
      </object_component>
      <object_component id="oc-396">
         <name>.debug_info</name>
         <load_address>0x11df0</load_address>
         <run_address>0x11df0</run_address>
         <size>0x46</size>
         <input_file_ref idref="fl-e2"/>
      </object_component>
      <object_component id="oc-2de">
         <name>.debug_info</name>
         <load_address>0x11e36</load_address>
         <run_address>0x11e36</run_address>
         <size>0x46</size>
         <input_file_ref idref="fl-e2"/>
      </object_component>
      <object_component id="oc-32f">
         <name>.debug_info</name>
         <load_address>0x11e7c</load_address>
         <run_address>0x11e7c</run_address>
         <size>0x161</size>
         <input_file_ref idref="fl-e3"/>
      </object_component>
      <object_component id="oc-313">
         <name>.debug_info</name>
         <load_address>0x11fdd</load_address>
         <run_address>0x11fdd</run_address>
         <size>0x288</size>
         <input_file_ref idref="fl-e4"/>
      </object_component>
      <object_component id="oc-251">
         <name>.debug_info</name>
         <load_address>0x12265</load_address>
         <run_address>0x12265</run_address>
         <size>0x327</size>
         <input_file_ref idref="fl-e4"/>
      </object_component>
      <object_component id="oc-2ff">
         <name>.debug_info</name>
         <load_address>0x1258c</load_address>
         <run_address>0x1258c</run_address>
         <size>0x28d</size>
         <input_file_ref idref="fl-e5"/>
      </object_component>
      <object_component id="oc-23f">
         <name>.debug_info</name>
         <load_address>0x12819</load_address>
         <run_address>0x12819</run_address>
         <size>0x380</size>
         <input_file_ref idref="fl-e5"/>
      </object_component>
      <object_component id="oc-3a9">
         <name>.debug_info</name>
         <load_address>0x12b99</load_address>
         <run_address>0x12b99</run_address>
         <size>0x28a</size>
         <input_file_ref idref="fl-e6"/>
      </object_component>
      <object_component id="oc-302">
         <name>.debug_info</name>
         <load_address>0x12e23</load_address>
         <run_address>0x12e23</run_address>
         <size>0x22a</size>
         <input_file_ref idref="fl-e6"/>
      </object_component>
      <object_component id="oc-3d1">
         <name>.debug_info</name>
         <load_address>0x1304d</load_address>
         <run_address>0x1304d</run_address>
         <size>0x295</size>
         <input_file_ref idref="fl-e7"/>
      </object_component>
      <object_component id="oc-375">
         <name>.debug_info</name>
         <load_address>0x132e2</load_address>
         <run_address>0x132e2</run_address>
         <size>0x195</size>
         <input_file_ref idref="fl-e7"/>
      </object_component>
      <object_component id="oc-389">
         <name>.debug_info</name>
         <load_address>0x13477</load_address>
         <run_address>0x13477</run_address>
         <size>0x28f</size>
         <input_file_ref idref="fl-e8"/>
      </object_component>
      <object_component id="oc-2d2">
         <name>.debug_info</name>
         <load_address>0x13706</load_address>
         <run_address>0x13706</run_address>
         <size>0x15a</size>
         <input_file_ref idref="fl-e8"/>
      </object_component>
      <object_component id="oc-3d6">
         <name>.debug_info</name>
         <load_address>0x13860</load_address>
         <run_address>0x13860</run_address>
         <size>0x46</size>
         <input_file_ref idref="fl-e8"/>
      </object_component>
      <object_component id="oc-384">
         <name>.debug_info</name>
         <load_address>0x138a6</load_address>
         <run_address>0x138a6</run_address>
         <size>0x39</size>
         <input_file_ref idref="fl-e8"/>
      </object_component>
      <object_component id="oc-34e">
         <name>.debug_info</name>
         <load_address>0x138df</load_address>
         <run_address>0x138df</run_address>
         <size>0x134</size>
         <input_file_ref idref="fl-e9"/>
      </object_component>
      <object_component id="oc-a7">
         <name>.debug_info</name>
         <load_address>0x13a13</load_address>
         <run_address>0x13a13</run_address>
         <size>0x147</size>
         <input_file_ref idref="fl-ea"/>
      </object_component>
      <object_component id="oc-1de">
         <name>.debug_info</name>
         <load_address>0x13b5a</load_address>
         <run_address>0x13b5a</run_address>
         <size>0x4b3</size>
         <input_file_ref idref="fl-eb"/>
      </object_component>
      <object_component id="oc-119">
         <name>.debug_info</name>
         <load_address>0x1400d</load_address>
         <run_address>0x1400d</run_address>
         <size>0x1a6</size>
         <input_file_ref idref="fl-eb"/>
      </object_component>
      <object_component id="oc-290">
         <name>.debug_info</name>
         <load_address>0x141b3</load_address>
         <run_address>0x141b3</run_address>
         <size>0x39</size>
         <input_file_ref idref="fl-eb"/>
      </object_component>
      <object_component id="oc-33d">
         <name>.debug_info</name>
         <load_address>0x141ec</load_address>
         <run_address>0x141ec</run_address>
         <size>0x39</size>
         <input_file_ref idref="fl-eb"/>
      </object_component>
      <object_component id="oc-295">
         <name>.debug_info</name>
         <load_address>0x14225</load_address>
         <run_address>0x14225</run_address>
         <size>0x39</size>
         <input_file_ref idref="fl-eb"/>
      </object_component>
      <object_component id="oc-29a">
         <name>.debug_info</name>
         <load_address>0x1425e</load_address>
         <run_address>0x1425e</run_address>
         <size>0xcd</size>
         <input_file_ref idref="fl-eb"/>
      </object_component>
      <object_component id="oc-ab">
         <name>.debug_info</name>
         <load_address>0x1432b</load_address>
         <run_address>0x1432b</run_address>
         <size>0x153</size>
         <input_file_ref idref="fl-ec"/>
      </object_component>
      <object_component id="oc-10c">
         <name>.debug_info</name>
         <load_address>0x1447e</load_address>
         <run_address>0x1447e</run_address>
         <size>0x122</size>
         <input_file_ref idref="fl-ee"/>
      </object_component>
      <object_component id="oc-3cb">
         <name>.debug_info</name>
         <load_address>0x145a0</load_address>
         <run_address>0x145a0</run_address>
         <size>0x29c</size>
         <input_file_ref idref="fl-f0"/>
      </object_component>
      <object_component id="oc-356">
         <name>.debug_info</name>
         <load_address>0x1483c</load_address>
         <run_address>0x1483c</run_address>
         <size>0x1da</size>
         <input_file_ref idref="fl-f0"/>
      </object_component>
      <object_component id="oc-34c">
         <name>.debug_info</name>
         <load_address>0x14a16</load_address>
         <run_address>0x14a16</run_address>
         <size>0x2b9</size>
         <input_file_ref idref="fl-f2"/>
      </object_component>
      <object_component id="oc-2aa">
         <name>.debug_info</name>
         <load_address>0x14ccf</load_address>
         <run_address>0x14ccf</run_address>
         <size>0x17c</size>
         <input_file_ref idref="fl-f2"/>
      </object_component>
      <object_component id="oc-3a1">
         <name>.debug_info</name>
         <load_address>0x14e4b</load_address>
         <run_address>0x14e4b</run_address>
         <size>0xf9</size>
         <input_file_ref idref="fl-f3"/>
      </object_component>
      <object_component id="oc-2f4">
         <name>.debug_info</name>
         <load_address>0x14f44</load_address>
         <run_address>0x14f44</run_address>
         <size>0x105</size>
         <input_file_ref idref="fl-f3"/>
      </object_component>
      <object_component id="oc-382">
         <name>.debug_info</name>
         <load_address>0x15049</load_address>
         <run_address>0x15049</run_address>
         <size>0x2a7</size>
         <input_file_ref idref="fl-f4"/>
      </object_component>
      <object_component id="oc-2cf">
         <name>.debug_info</name>
         <load_address>0x152f0</load_address>
         <run_address>0x152f0</run_address>
         <size>0x1b8</size>
         <input_file_ref idref="fl-f4"/>
      </object_component>
      <object_component id="oc-3d3">
         <name>.debug_info</name>
         <load_address>0x154a8</load_address>
         <run_address>0x154a8</run_address>
         <size>0x29a</size>
         <input_file_ref idref="fl-f5"/>
      </object_component>
      <object_component id="oc-37b">
         <name>.debug_info</name>
         <load_address>0x15742</load_address>
         <run_address>0x15742</run_address>
         <size>0x262</size>
         <input_file_ref idref="fl-f5"/>
      </object_component>
      <object_component id="oc-2ea">
         <name>.debug_info</name>
         <load_address>0x159a4</load_address>
         <run_address>0x159a4</run_address>
         <size>0x290</size>
         <input_file_ref idref="fl-f6"/>
      </object_component>
      <object_component id="oc-222">
         <name>.debug_info</name>
         <load_address>0x15c34</load_address>
         <run_address>0x15c34</run_address>
         <size>0x198</size>
         <input_file_ref idref="fl-f6"/>
      </object_component>
      <object_component id="oc-34a">
         <name>.debug_info</name>
         <load_address>0x15dcc</load_address>
         <run_address>0x15dcc</run_address>
         <size>0x28f</size>
         <input_file_ref idref="fl-f7"/>
      </object_component>
      <object_component id="oc-2a3">
         <name>.debug_info</name>
         <load_address>0x1605b</load_address>
         <run_address>0x1605b</run_address>
         <size>0x245</size>
         <input_file_ref idref="fl-f7"/>
      </object_component>
      <object_component id="oc-2e8">
         <name>.debug_info</name>
         <load_address>0x162a0</load_address>
         <run_address>0x162a0</run_address>
         <size>0x295</size>
         <input_file_ref idref="fl-f8"/>
      </object_component>
      <object_component id="oc-21a">
         <name>.debug_info</name>
         <load_address>0x16535</load_address>
         <run_address>0x16535</run_address>
         <size>0x1c3</size>
         <input_file_ref idref="fl-f8"/>
      </object_component>
      <object_component id="oc-3c5">
         <name>.debug_info</name>
         <load_address>0x166f8</load_address>
         <run_address>0x166f8</run_address>
         <size>0x115</size>
         <input_file_ref idref="fl-f9"/>
      </object_component>
      <object_component id="oc-41e">
         <name>.debug_info</name>
         <load_address>0x1680d</load_address>
[...]
      <symbol id="sm-e">
         <name>__TI_prof_data_start</name>
         <value>0xffffffff</value>
      </symbol>
      <symbol id="sm-f">
         <name>__TI_prof_data_size</name>
         <value>0xffffffff</value>
      </symbol>
      <symbol id="sm-4c">
         <name>PLL_Init</name>
         <value>0x6a79</value>
         <object_component_ref idref="oc-df"/>
      </symbol>
      <symbol id="sm-78">
         <name>GPIOF_Handler</name>
         <value>0x5d51</value>
         <object_component_ref idref="oc-33"/>
      </symbol>
      <symbol id="sm-79">
         <name>Led_on</name>
         <value>0x5c9d</value>
         <object_component_ref idref="oc-33"/>
      </symbol>
      <symbol id="sm-7a">
         <name>g_Interrupt_Flag</name>
         <value>0x20001004</value>
         <object_component_ref idref="oc-84"/>
      </symbol>
      <symbol id="sm-7b">
         <name>Led_off</name>
         <value>0x5ca9</value>
         <object_component_ref idref="oc-33"/>
      </symbol>
      <symbol id="sm-7c">
         <name>SW1_Int_Interrupt</name>
         <value>0x5cb5</value>
         <object_component_ref idref="oc-33"/>
      </symbol>
      <symbol id="sm-7d">
         <name>GPIOF_Init</name>
         <value>0x5c4d</value>
         <object_component_ref idref="oc-33"/>
      </symbol>
      <symbol id="sm-133">
         <name>latitudeResult</name>
         <value>0x20000fcc</value>
      </symbol>
      <symbol id="sm-134">
         <name>longitudeResult</name>
         <value>0x20000fd8</value>
      </symbol>
      <symbol id="sm-135">
         <name>AltitudeResult</name>
         <value>0x20000fc0</value>
      </symbol>
      <symbol id="sm-136">
         <name>r_distance</name>
         <value>0x20000fe8</value>
         <object_component_ref idref="oc-102"/>
      </symbol>
      <symbol id="sm-137">
         <name>torad</name>
         <value>0xad3</value>
         <object_component_ref idref="oc-f1"/>
      </symbol>
      <symbol id="sm-138">
         <name>float_string</name>
         <value>0xeb1</value>
         <object_component_ref idref="oc-f1"/>
      </symbol>
      <symbol id="sm-139">
         <name>dis</name>
         <value>0x8fd</value>
         <object_component_ref idref="oc-f1"/>
      </symbol>
      <symbol id="sm-13a">
         <name>distance_g</name>
         <value>0xb1d</value>
         <object_component_ref idref="oc-f1"/>
      </symbol>
      <symbol id="sm-13b">
         <name>tostring</name>
         <value>0xe39</value>
         <object_component_ref idref="oc-f1"/>
      </symbol>
      <symbol id="sm-13c">
         <name>get_distance</name>
         <value>0xcd1</value>
         <object_component_ref idref="oc-f1"/>
      </symbol>
      <symbol id="sm-13d">
         <name>readGPSs</name>
         <value>0x5e9</value>
         <object_component_ref idref="oc-f1"/>
      </symbol>
      <symbol id="sm-13e">
         <name>readGPSa</name>
         <value>0x26d</value>
         <object_component_ref idref="oc-f1"/>
      </symbol>
      <symbol id="sm-180">
         <name>i_s</name>
         <value>0x4d41</value>
         <object_component_ref idref="oc-eb"/>
      </symbol>
      <symbol id="sm-181">
         <name>LCD_displayCharacter</name>
         <value>0x4bf9</value>
         <object_component_ref idref="oc-eb"/>
      </symbol>
      <symbol id="sm-182">
         <name>LCD_displayString</name>
         <value>0x4c87</value>
         <object_component_ref idref="oc-eb"/>
      </symbol>
      <symbol id="sm-183">
         <name>LCD_sendCommand</name>
         <value>0x4b61</value>
         <object_component_ref idref="oc-eb"/>
      </symbol>
      <symbol id="sm-184">
         <name>LCD_intgerToString</name>
         <value>0x4d15</value>
         <object_component_ref idref="oc-eb"/>
      </symbol>
      <symbol id="sm-185">
         <name>LCD_clearScreen</name>
         <value>0x4bef</value>
         <object_component_ref idref="oc-eb"/>
      </symbol>
      <symbol id="sm-186">
         <name>LCD_init</name>
         <value>0x4add</value>
         <object_component_ref idref="oc-eb"/>
      </symbol>
      <symbol id="sm-187">
         <name>LCD_goToRowColumn</name>
         <value>0x4cb7</value>
         <object_component_ref idref="oc-eb"/>
      </symbol>
      <symbol id="sm-1ac">
         <name>main</name>
         <value>0x6795</value>
         <object_component_ref idref="oc-b0"/>
      </symbol>
      <symbol id="sm-1dc">
         <name>Systick_setCallBack</name>
         <value>0x6153</value>
         <object_component_ref idref="oc-2d"/>
      </symbol>
      <symbol id="sm-1dd">
         <name>SysTick_Handler</name>
         <value>0x6143</value>
         <object_component_ref idref="oc-2d"/>
      </symbol>
      <symbol id="sm-1de">
         <name>wait_ms</name>
         <value>0x60d9</value>
         <object_component_ref idref="oc-2d"/>
      </symbol>
      <symbol id="sm-1df">
         <name>delay_s</name>
         <value>0x6063</value>
         <object_component_ref idref="oc-2d"/>
      </symbol>
      <symbol id="sm-1e0">
         <name>wait_5ms</name>
         <value>0x611f</value>
         <object_component_ref idref="oc-2d"/>
      </symbol>
      <symbol id="sm-1e1">
         <name>delay_5ms</name>
         <value>0x60fd</value>
         <object_component_ref idref="oc-2d"/>
      </symbol>
      <symbol id="sm-1e2">
         <name>wait_s</name>
         <value>0x6093</value>
         <object_component_ref idref="oc-2d"/>
      </symbol>
      <symbol id="sm-1e3">
         <name>delay_ms</name>
         <value>0x60b7</value>
         <object_component_ref idref="oc-2d"/>
      </symbol>
      <symbol id="sm-1e4">
         <name>SysTick_Init</name>
         <value>0x6049</value>
         <object_component_ref idref="oc-2d"/>
      </symbol>
      <symbol id="sm-200">
         <name>ResetISR</name>
         <value>0x71d1</value>
         <object_component_ref idref="oc-27"/>
      </symbol>
      <symbol id="sm-201">
         <name>g_pfnVectors</name>
         <value>0x0</value>
         <object_component_ref idref="oc-12"/>
      </symbol>
      <symbol id="sm-2cb">
         <name>UART_sendByte</name>
         <value>0x18ad</value>
         <object_component_ref idref="oc-e5"/>
      </symbol>
      <symbol id="sm-2cc">
         <name>UART_recieveByte</name>
         <value>0x19ad</value>
         <object_component_ref idref="oc-e5"/>
      </symbol>
      <symbol id="sm-2cd">
         <name>UART_receiveString</name>
         <value>0x1ad9</value>
         <object_component_ref idref="oc-e5"/>
      </symbol>
      <symbol id="sm-2ce">
         <name>UART_init</name>
         <value>0xf51</value>
         <object_component_ref idref="oc-e5"/>
      </symbol>
      <symbol id="sm-2cf">
         <name>UART_sendString</name>
         <value>0x1aa5</value>
         <object_component_ref idref="oc-e5"/>
      </symbol>
      <symbol id="sm-2f6">
         <name>sprintf</name>
         <value>0x6f31</value>
         <object_component_ref idref="oc-164"/>
      </symbol>
      <symbol id="sm-32e">
         <name>asinl</name>
         <value>0x4709</value>
         <object_component_ref idref="oc-1be"/>
      </symbol>
      <symbol id="sm-32f">
         <name>asin</name>
         <value>0x4709</value>
         <object_component_ref idref="oc-1be"/>
      </symbol>
      <symbol id="sm-369">
         <name>atan2</name>
         <value>0x53fd</value>
         <object_component_ref idref="oc-1b2"/>
      </symbol>
      <symbol id="sm-36a">
         <name>atan2l</name>
         <value>0x53fd</value>
         <object_component_ref idref="oc-1b2"/>
      </symbol>
      <symbol id="sm-3f6">
         <name>pow</name>
         <value>0x25e5</value>
         <object_component_ref idref="oc-1b8"/>
      </symbol>
      <symbol id="sm-3f7">
         <name>powl</name>
         <value>0x25e5</value>
         <object_component_ref idref="oc-1b8"/>
      </symbol>
      <symbol id="sm-419">
         <name>sqrtl</name>
         <value>0x5db5</value>
         <object_component_ref idref="oc-1ac"/>
      </symbol>
      <symbol id="sm-41a">
         <name>sqrt</name>
         <value>0x5db5</value>
         <object_component_ref idref="oc-1ac"/>
      </symbol>
      <symbol id="sm-450">
         <name>atanl</name>
         <value>0x4ea1</value>
         <object_component_ref idref="oc-266"/>
      </symbol>
      <symbol id="sm-451">
         <name>atan</name>
         <value>0x4ea1</value>
         <object_component_ref idref="oc-266"/>
      </symbol>
      <symbol id="sm-4a2">
         <name>cosl</name>
         <value>0x3ccd</value>
         <object_component_ref idref="oc-1a6"/>
      </symbol>
      <symbol id="sm-4a3">
         <name>cos</name>
         <value>0x3ccd</value>
         <object_component_ref idref="oc-1a6"/>
      </symbol>
      <symbol id="sm-4ca">
         <name>scalbn</name>
         <value>0x63dd</value>
         <object_component_ref idref="oc-271"/>
      </symbol>
      <symbol id="sm-4cb">
         <name>scalbnl</name>
         <value>0x63dd</value>
         <object_component_ref idref="oc-271"/>
      </symbol>
      <symbol id="sm-4cc">
         <name>ldexpl</name>
         <value>0x63dd</value>
         <object_component_ref idref="oc-271"/>
      </symbol>
      <symbol id="sm-4cd">
         <name>ldexp</name>
         <value>0x63dd</value>
         <object_component_ref idref="oc-271"/>
      </symbol>
      <symbol id="sm-51d">
         <name>sin</name>
         <value>0x36ed</value>
         <object_component_ref idref="oc-1a0"/>
      </symbol>
      <symbol id="sm-51e">
         <name>sinl</name>
         <value>0x36ed</value>
         <object_component_ref idref="oc-1a0"/>
      </symbol>
      <symbol id="sm-535">
         <name>__aeabi_dsub</name>
         <value>0x57b1</value>
         <object_component_ref idref="oc-158"/>
      </symbol>
      <symbol id="sm-536">
         <name>__aeabi_dadd</name>
         <value>0x57bb</value>
         <object_component_ref idref="oc-158"/>
      </symbol>
      <symbol id="sm-558">
         <name>__aeabi_cdcmpeq</name>
         <value>0x696b</value>
         <object_component_ref idref="oc-244"/>
      </symbol>
      <symbol id="sm-559">
         <name>__aeabi_cdcmple</name>
         <value>0x696b</value>
         <object_component_ref idref="oc-244"/>
      </symbol>
      <symbol id="sm-55a">
         <name>__aeabi_cdrcmple</name>
         <value>0x69f1</value>
         <object_component_ref idref="oc-f7"/>
      </symbol>
      <symbol id="sm-56e">
         <name>__aeabi_ddiv</name>
         <value>0x6181</value>
         <object_component_ref idref="oc-184"/>
      </symbol>
      <symbol id="sm-579">
         <name>__aeabi_dmul</name>
         <value>0x64ed</value>
         <object_component_ref idref="oc-15d"/>
      </symbol>
      <symbol id="sm-583">
         <name>__aeabi_d2iz</name>
         <value>0x6e61</value>
         <object_component_ref idref="oc-189"/>
      </symbol>
      <symbol id="sm-58f">
         <name>__aeabi_d2f</name>
         <value>0x6bdd</value>
         <object_component_ref idref="oc-19b"/>
      </symbol>
      <symbol id="sm-599">
         <name>__aeabi_d2uiz</name>
         <value>0x6eed</value>
         <object_component_ref idref="oc-153"/>
      </symbol>
      <symbol id="sm-5a3">
         <name>__aeabi_i2d</name>
         <value>0x7025</value>
         <object_component_ref idref="oc-18e"/>
      </symbol>
      <symbol id="sm-5be">
         <name>memcpy</name>
         <value>0x6839</value>
         <object_component_ref idref="oc-47"/>
      </symbol>
      <symbol id="sm-5bf">
         <name>__aeabi_memcpy</name>
         <value>0x6839</value>
         <object_component_ref idref="oc-47"/>
      </symbol>
      <symbol id="sm-5c0">
         <name>__aeabi_memcpy8</name>
         <value>0x6839</value>
         <object_component_ref idref="oc-47"/>
      </symbol>
      <symbol id="sm-5c1">
         <name>__aeabi_memcpy4</name>
         <value>0x6839</value>
         <object_component_ref idref="oc-47"/>
      </symbol>
      <symbol id="sm-5cb">
         <name>__aeabi_ui2d</name>
         <value>0x70a1</value>
         <object_component_ref idref="oc-14e"/>
      </symbol>
      <symbol id="sm-5e4">
         <name>__TI_zero_init_nomemset</name>
         <value>0x70df</value>
         <object_component_ref idref="oc-53"/>
      </symbol>
      <symbol id="sm-5fb">
         <name>__TI_decompress_none</name>
         <value>0x71c3</value>
         <object_component_ref idref="oc-1b"/>
      </symbol>
      <symbol id="sm-61e">
         <name>__TI_decompress_lzss</name>
         <value>0x6c4b</value>
         <object_component_ref idref="oc-15"/>
      </symbol>
      <symbol id="sm-62b">
         <name>atof</name>
         <value>0x719f</value>
         <object_component_ref idref="oc-17e"/>
      </symbol>
      <symbol id="sm-63b">
         <name>strcat</name>
         <value>0x70c1</value>
         <object_component_ref idref="oc-1c4"/>
      </symbol>
      <symbol id="sm-64a">
         <name>strcmp</name>
         <value>0x7149</value>
         <object_component_ref idref="oc-178"/>
      </symbol>
      <symbol id="sm-658">
         <name>strcpy</name>
         <value>0x7177</value>
         <object_component_ref idref="oc-172"/>
      </symbol>
      <symbol id="sm-6b8">
         <name>strtold</name>
         <value>0x42a9</value>
         <object_component_ref idref="oc-22e"/>
      </symbol>
      <symbol id="sm-6b9">
         <name>strtod</name>
         <value>0x42a9</value>
         <object_component_ref idref="oc-22e"/>
      </symbol>
      <symbol id="sm-6d1">
         <name>strtok</name>
         <value>0x6f71</value>
         <object_component_ref idref="oc-16c"/>
      </symbol>
      <symbol id="sm-737">
         <name>__kernel_rem_pio2</name>
         <value>0x2fb5</value>
         <object_component_ref idref="oc-249"/>
      </symbol>
      <symbol id="sm-74d">
         <name>__aeabi_errno_addr</name>
         <value>0x71e9</value>
         <object_component_ref idref="oc-25e"/>
      </symbol>
      <symbol id="sm-74e">
         <name>errno</name>
         <value>0x20000ff8</value>
         <object_component_ref idref="oc-31d"/>
      </symbol>
      <symbol id="sm-761">
         <name>__stack</name>
         <value>0x20000000</value>
         <object_component_ref idref="oc-24"/>
      </symbol>
      <symbol id="sm-762">
         <name>_c_int00_noargs</name>
         <value>0x6ff1</value>
         <object_component_ref idref="oc-65"/>
      </symbol>
      <symbol id="sm-8c7">
         <name>__TI_printfi</name>
         <value>0x1b95</value>
         <object_component_ref idref="oc-1f9"/>
      </symbol>
      <symbol id="sm-8d1">
         <name>copysign</name>
         <value>0x7117</value>
         <object_component_ref idref="oc-32c"/>
      </symbol>
      <symbol id="sm-8d2">
         <name>copysignl</name>
         <value>0x7117</value>
         <object_component_ref idref="oc-32c"/>
      </symbol>
      <symbol id="sm-8e8">
         <name>__kernel_cos</name>
         <value>0x5add</value>
         <object_component_ref idref="oc-24f"/>
      </symbol>
      <symbol id="sm-8ff">
         <name>__kernel_sin</name>
         <value>0x5969</value>
         <object_component_ref idref="oc-23e"/>
      </symbol>
      <symbol id="sm-91c">
         <name>floorl</name>
         <value>0x65e9</value>
         <object_component_ref idref="oc-301"/>
      </symbol>
      <symbol id="sm-91d">
         <name>floor</name>
         <value>0x65e9</value>
         <object_component_ref idref="oc-301"/>
      </symbol>
      <symbol id="sm-933">
         <name>frexpl</name>
         <value>0x6cb5</value>
         <object_component_ref idref="oc-374"/>
      </symbol>
      <symbol id="sm-934">
         <name>frexp</name>
         <value>0x6cb5</value>
         <object_component_ref idref="oc-374"/>
      </symbol>
      <symbol id="sm-94d">
         <name>wcslen</name>
         <value>0x71b1</value>
         <object_component_ref idref="oc-2d1"/>
      </symbol>
      <symbol id="sm-95a">
         <name>__aeabi_uldivmod</name>
         <value>0x68d5</value>
         <object_component_ref idref="oc-34d"/>
      </symbol>
      <symbol id="sm-969">
         <name>__aeabi_memset</name>
         <value>0x6af7</value>
         <object_component_ref idref="oc-a4"/>
      </symbol>
      <symbol id="sm-96a">
         <name>memset</name>
         <value>0x6afd</value>
         <object_component_ref idref="oc-a4"/>
      </symbol>
      <symbol id="sm-96b">
         <name>__aeabi_memset8</name>
         <value>0x6af7</value>
         <object_component_ref idref="oc-a4"/>
      </symbol>
      <symbol id="sm-96c">
         <name>__aeabi_memset4</name>
         <value>0x6af7</value>
         <object_component_ref idref="oc-a4"/>
      </symbol>
      <symbol id="sm-96d">
         <name>__aeabi_memclr8</name>
         <value>0x6af5</value>
         <object_component_ref idref="oc-a4"/>
      </symbol>
      <symbol id="sm-96e">
         <name>__aeabi_memclr4</name>
         <value>0x6af5</value>
         <object_component_ref idref="oc-a4"/>
      </symbol>
      <symbol id="sm-96f">
         <name>__aeabi_memclr</name>
         <value>0x6af5</value>
         <object_component_ref idref="oc-a4"/>
      </symbol>
      <symbol id="sm-997">
         <name>__TI_auto_init_nobinit_nopinit</name>
         <value>0x6ea9</value>
         <object_component_ref idref="oc-117"/>
      </symbol>
      <symbol id="sm-9a1">
         <name>_system_pre_init</name>
         <value>0x71f1</value>
         <object_component_ref idref="oc-aa"/>
      </symbol>
      <symbol id="sm-9ad">
         <name>C$$EXIT</name>
         <value>0x71f5</value>
         <object_component_ref idref="oc-10b"/>
      </symbol>
      <symbol id="sm-9ae">
         <name>abort</name>
         <value>0x71f5</value>
         <object_component_ref idref="oc-10b"/>
      </symbol>
      <symbol id="sm-9be">
         <name>__TI_ltoa</name>
         <value>0x6d6f</value>
         <object_component_ref idref="oc-353"/>
      </symbol>
      <symbol id="sm-9d5">
         <name>atoi</name>
         <value>0x6e15</value>
         <object_component_ref idref="oc-2a7"/>
      </symbol>
      <symbol id="sm-9e0">
         <name>_ctypes_</name>
         <value>0x7350</value>
         <object_component_ref idref="oc-2f3"/>
      </symbol>
      <symbol id="sm-9f0">
         <name>memccpy</name>
         <value>0x70fb</value>
         <object_component_ref idref="oc-2cb"/>
      </symbol>
      <symbol id="sm-a00">
         <name>strchr</name>
         <value>0x7161</value>
         <object_component_ref idref="oc-37a"/>
      </symbol>
      <symbol id="sm-a11">
         <name>strcspn</name>
         <value>0x707d</value>
         <object_component_ref idref="oc-21f"/>
      </symbol>
      <symbol id="sm-a1f">
         <name>strlen</name>
         <value>0x718b</value>
         <object_component_ref idref="oc-2a1"/>
      </symbol>
      <symbol id="sm-a31">
         <name>strspn</name>
         <value>0x7053</value>
         <object_component_ref idref="oc-219"/>
      </symbol>
      <symbol id="sm-a3b">
         <name>__aeabi_idiv0</name>
         <value>0x25e3</value>
         <object_component_ref idref="oc-3c4"/>
      </symbol>
      <symbol id="sm-a3c">
         <name>__aeabi_ldiv0</name>
         <value>0x25e3</value>
         <object_component_ref idref="oc-3c4"/>
      </symbol>
      <symbol id="sm-a3d">
         <name>__TI_static_base__</name>
         <value>0x0</value>
      </symbol>
      <symbol id="sm-a40">
         <name>__mpu_init</name>
         <value>0x0</value>
      </symbol>
      <symbol id="sm-a41">
         <name>_system_post_cinit</name>
         <value>0x0</value>
      </symbol>
   </symbol_table>
   <title>Link successful</title>
</link_info>
